Sep 12 09:33:39 backup kernel: Linux version 6.1.0-25-amd64 (debian-kernel@lists.debian.org) (gcc-12 (Debian 12.2.0-14) 12.2.0, GNU ld (GNU Binutils for Debian) 2.40) #1 SMP PREEMPT_DYNAMIC Debian 6.1.106-3 (2024-08-26)
Sep 12 09:33:39 backup kernel: Command line: BOOT_IMAGE=/boot/vmlinuz-6.1.0-25-amd64 root=UUID=b8727769-e005-4e95-9ca7-e2efee6e677a ro quiet
Sep 12 09:33:39 backup kernel: BIOS-provided physical RAM map:
Sep 12 09:33:39 backup kernel: BIOS-e820: [mem 0x0000000000000000-0x000000000009fbff] usable
Sep 12 09:33:39 backup kernel: BIOS-e820: [mem 0x000000000009fc00-0x000000000009ffff] reserved
Sep 12 09:33:39 backup kernel: BIOS-e820: [mem 0x00000000000f0000-0x00000000000fffff] reserved
Sep 12 09:33:39 backup kernel: BIOS-e820: [mem 0x0000000000100000-0x000000007ffdbfff] usable
Sep 12 09:33:39 backup kernel: BIOS-e820: [mem 0x000000007ffdc000-0x000000007fffffff] reserved
Sep 12 09:33:39 backup kernel: BIOS-e820: [mem 0x00000000b0000000-0x00000000bfffffff] reserved
Sep 12 09:33:39 backup kernel: BIOS-e820: [mem 0x00000000fed1c000-0x00000000fed1ffff] reserved
Sep 12 09:33:39 backup kernel: BIOS-e820: [mem 0x00000000feffc000-0x00000000feffffff] reserved
Sep 12 09:33:39 backup kernel: BIOS-e820: [mem 0x00000000fffc0000-0x00000000ffffffff] reserved
Sep 12 09:33:39 backup kernel: BIOS-e820: [mem 0x000000fd00000000-0x000000ffffffffff] reserved
Sep 12 09:33:39 backup kernel: NX (Execute Disable) protection: active
Sep 12 09:33:39 backup kernel: SMBIOS 3.0.0 present.
Sep 12 09:33:39 backup kernel: DMI: QEMU Standard PC (Q35 + ICH9, 2009), BIOS rel-1.16.3-0-ga6ed6b701f0a-prebuilt.qemu.org 04/01/2014
Sep 12 09:33:39 backup kernel: Hypervisor detected: KVM
Sep 12 09:33:39 backup kernel: kvm-clock: Using msrs 4b564d01 and 4b564d00
Sep 12 09:33:39 backup kernel: kvm-clock: using sched offset of 6418014952 cycles
Sep 12 09:33:39 backup kernel: clocksource: kvm-clock: mask: 0xffffffffffffffff max_cycles: 0x1cd42e4dffb, max_idle_ns: 881590591483 ns
Sep 12 09:33:39 backup kernel: tsc: Detected 4199.996 MHz processor
Sep 12 09:33:39 backup kernel: e820: update [mem 0x00000000-0x00000fff] usable ==> reserved
Sep 12 09:33:39 backup kernel: e820: remove [mem 0x000a0000-0x000fffff] usable
Sep 12 09:33:39 backup kernel: last_pfn = 0x7ffdc max_arch_pfn = 0x400000000
Sep 12 09:33:39 backup kernel: x86/PAT: Configuration [0-7]: WB  WC  UC- UC  WB  WP  UC- WT  
Sep 12 09:33:39 backup kernel: found SMP MP-table at [mem 0x000f5450-0x000f545f]
Sep 12 09:33:39 backup kernel: Using GB pages for direct mapping
Sep 12 09:33:39 backup kernel: RAMDISK: [mem 0x344db000-0x36264fff]
Sep 12 09:33:39 backup kernel: ACPI: Early table checksum verification disabled
Sep 12 09:33:39 backup kernel: ACPI: RSDP 0x00000000000F5230 000014 (v00 BOCHS )
Sep 12 09:33:39 backup kernel: ACPI: RSDT 0x000000007FFE2C68 000034 (v01 BOCHS  BXPC     00000001 BXPC 00000001)
Sep 12 09:33:39 backup kernel: ACPI: FACP 0x000000007FFE2A90 0000F4 (v03 BOCHS  BXPC     00000001 BXPC 00000001)
Sep 12 09:33:39 backup kernel: ACPI: DSDT 0x000000007FFE0040 002A50 (v01 BOCHS  BXPC     00000001 BXPC 00000001)
Sep 12 09:33:39 backup kernel: ACPI: FACS 0x000000007FFE0000 000040
Sep 12 09:33:39 backup kernel: ACPI: APIC 0x000000007FFE2B84 000080 (v03 BOCHS  BXPC     00000001 BXPC 00000001)
Sep 12 09:33:39 backup kernel: ACPI: MCFG 0x000000007FFE2C04 00003C (v01 BOCHS  BXPC     00000001 BXPC 00000001)
Sep 12 09:33:39 backup kernel: ACPI: WAET 0x000000007FFE2C40 000028 (v01 BOCHS  BXPC     00000001 BXPC 00000001)
Sep 12 09:33:39 backup kernel: ACPI: Reserving FACP table memory at [mem 0x7ffe2a90-0x7ffe2b83]
Sep 12 09:33:39 backup kernel: ACPI: Reserving DSDT table memory at [mem 0x7ffe0040-0x7ffe2a8f]
Sep 12 09:33:39 backup kernel: ACPI: Reserving FACS table memory at [mem 0x7ffe0000-0x7ffe003f]
Sep 12 09:33:39 backup kernel: ACPI: Reserving APIC table memory at [mem 0x7ffe2b84-0x7ffe2c03]
Sep 12 09:33:39 backup kernel: ACPI: Reserving MCFG table memory at [mem 0x7ffe2c04-0x7ffe2c3f]
Sep 12 09:33:39 backup kernel: ACPI: Reserving WAET table memory at [mem 0x7ffe2c40-0x7ffe2c67]
Sep 12 09:33:39 backup kernel: No NUMA configuration found
Sep 12 09:33:39 backup kernel: Faking a node at [mem 0x0000000000000000-0x000000007ffdbfff]
Sep 12 09:33:39 backup kernel: NODE_DATA(0) allocated [mem 0x7ffb1000-0x7ffdbfff]
Sep 12 09:33:39 backup kernel: Zone ranges:
Sep 12 09:33:39 backup kernel:   DMA      [mem 0x0000000000001000-0x0000000000ffffff]
Sep 12 09:33:39 backup kernel:   DMA32    [mem 0x0000000001000000-0x000000007ffdbfff]
Sep 12 09:33:39 backup kernel:   Normal   empty
Sep 12 09:33:39 backup kernel:   Device   empty
Sep 12 09:33:39 backup kernel: Movable zone start for each node
Sep 12 09:33:39 backup kernel: Early memory node ranges
Sep 12 09:33:39 backup kernel:   node   0: [mem 0x0000000000001000-0x000000000009efff]
Sep 12 09:33:39 backup kernel:   node   0: [mem 0x0000000000100000-0x000000007ffdbfff]
Sep 12 09:33:39 backup kernel: Initmem setup node 0 [mem 0x0000000000001000-0x000000007ffdbfff]
Sep 12 09:33:39 backup kernel: On node 0, zone DMA: 1 pages in unavailable ranges
Sep 12 09:33:39 backup kernel: On node 0, zone DMA: 97 pages in unavailable ranges
Sep 12 09:33:39 backup kernel: On node 0, zone DMA32: 36 pages in unavailable ranges
Sep 12 09:33:39 backup kernel: ACPI: PM-Timer IO Port: 0x608
Sep 12 09:33:39 backup kernel: ACPI: LAPIC_NMI (acpi_id[0xff] dfl dfl lint[0x1])
Sep 12 09:33:39 backup kernel: IOAPIC[0]: apic_id 0, version 17, address 0xfec00000, GSI 0-23
Sep 12 09:33:39 backup kernel: ACPI: INT_SRC_OVR (bus 0 bus_irq 0 global_irq 2 dfl dfl)
Sep 12 09:33:39 backup kernel: ACPI: INT_SRC_OVR (bus 0 bus_irq 5 global_irq 5 high level)
Sep 12 09:33:39 backup kernel: ACPI: INT_SRC_OVR (bus 0 bus_irq 9 global_irq 9 high level)
Sep 12 09:33:39 backup kernel: ACPI: INT_SRC_OVR (bus 0 bus_irq 10 global_irq 10 high level)
Sep 12 09:33:39 backup kernel: ACPI: INT_SRC_OVR (bus 0 bus_irq 11 global_irq 11 high level)
Sep 12 09:33:39 backup kernel: ACPI: Using ACPI (MADT) for SMP configuration information
Sep 12 09:33:39 backup kernel: TSC deadline timer available
Sep 12 09:33:39 backup kernel: smpboot: Allowing 2 CPUs, 0 hotplug CPUs
Sep 12 09:33:39 backup kernel: kvm-guest: KVM setup pv remote TLB flush
Sep 12 09:33:39 backup kernel: kvm-guest: setup PV sched yield
Sep 12 09:33:39 backup kernel: PM: hibernation: Registered nosave memory: [mem 0x00000000-0x00000fff]
Sep 12 09:33:39 backup kernel: PM: hibernation: Registered nosave memory: [mem 0x0009f000-0x0009ffff]
Sep 12 09:33:39 backup kernel: PM: hibernation: Registered nosave memory: [mem 0x000a0000-0x000effff]
Sep 12 09:33:39 backup kernel: PM: hibernation: Registered nosave memory: [mem 0x000f0000-0x000fffff]
Sep 12 09:33:39 backup kernel: [mem 0xc0000000-0xfed1bfff] available for PCI devices
Sep 12 09:33:39 backup kernel: Booting paravirtualized kernel on KVM
Sep 12 09:33:39 backup kernel: clocksource: refined-jiffies: mask: 0xffffffff max_cycles: 0xffffffff, max_idle_ns: 7645519600211568 ns
Sep 12 09:33:39 backup kernel: setup_percpu: NR_CPUS:8192 nr_cpumask_bits:2 nr_cpu_ids:2 nr_node_ids:1
Sep 12 09:33:39 backup kernel: percpu: Embedded 61 pages/cpu s212992 r8192 d28672 u1048576
Sep 12 09:33:39 backup kernel: pcpu-alloc: s212992 r8192 d28672 u1048576 alloc=1*2097152
Sep 12 09:33:39 backup kernel: pcpu-alloc: [0] 0 1 
Sep 12 09:33:39 backup kernel: kvm-guest: PV spinlocks enabled
Sep 12 09:33:39 backup kernel: PV qspinlock hash table entries: 256 (order: 0, 4096 bytes, linear)
Sep 12 09:33:39 backup kernel: Fallback order for Node 0: 0 
Sep 12 09:33:39 backup kernel: Built 1 zonelists, mobility grouping on.  Total pages: 515804
Sep 12 09:33:39 backup kernel: Policy zone: DMA32
Sep 12 09:33:39 backup kernel: Kernel command line: BOOT_IMAGE=/boot/vmlinuz-6.1.0-25-amd64 root=UUID=b8727769-e005-4e95-9ca7-e2efee6e677a ro quiet
Sep 12 09:33:39 backup kernel: Unknown kernel command line parameters "BOOT_IMAGE=/boot/vmlinuz-6.1.0-25-amd64", will be passed to user space.
Sep 12 09:33:39 backup kernel: random: crng init done
Sep 12 09:33:39 backup kernel: Dentry cache hash table entries: 262144 (order: 9, 2097152 bytes, linear)
Sep 12 09:33:39 backup kernel: Inode-cache hash table entries: 131072 (order: 8, 1048576 bytes, linear)
Sep 12 09:33:39 backup kernel: mem auto-init: stack:all(zero), heap alloc:on, heap free:off
Sep 12 09:33:39 backup kernel: Memory: 260860K/2096616K available (14342K kernel code, 2335K rwdata, 9072K rodata, 2796K init, 17396K bss, 120768K reserved, 0K cma-reserved)
Sep 12 09:33:39 backup kernel: SLUB: HWalign=64, Order=0-3, MinObjects=0, CPUs=2, Nodes=1
Sep 12 09:33:39 backup kernel: ftrace: allocating 40246 entries in 158 pages
Sep 12 09:33:39 backup kernel: ftrace: allocated 158 pages with 5 groups
Sep 12 09:33:39 backup kernel: Dynamic Preempt: voluntary
Sep 12 09:33:39 backup kernel: rcu: Preemptible hierarchical RCU implementation.
Sep 12 09:33:39 backup kernel: rcu:         RCU restricting CPUs from NR_CPUS=8192 to nr_cpu_ids=2.
Sep 12 09:33:39 backup kernel:         Trampoline variant of Tasks RCU enabled.
Sep 12 09:33:39 backup kernel:         Rude variant of Tasks RCU enabled.
Sep 12 09:33:39 backup kernel:         Tracing variant of Tasks RCU enabled.
Sep 12 09:33:39 backup kernel: rcu: RCU calculated value of scheduler-enlistment delay is 25 jiffies.
Sep 12 09:33:39 backup kernel: rcu: Adjusting geometry for rcu_fanout_leaf=16, nr_cpu_ids=2
Sep 12 09:33:39 backup kernel: NR_IRQS: 524544, nr_irqs: 440, preallocated irqs: 16
Sep 12 09:33:39 backup kernel: rcu: srcu_init: Setting srcu_struct sizes based on contention.
Sep 12 09:33:39 backup kernel: Console: colour VGA+ 80x25
Sep 12 09:33:39 backup kernel: printk: console [tty0] enabled
Sep 12 09:33:39 backup kernel: ACPI: Core revision 20220331
Sep 12 09:33:39 backup kernel: APIC: Switch to symmetric I/O mode setup
Sep 12 09:33:39 backup kernel: x2apic enabled
Sep 12 09:33:39 backup kernel: Switched APIC routing to physical x2apic.
Sep 12 09:33:39 backup kernel: kvm-guest: setup PV IPIs
Sep 12 09:33:39 backup kernel: tsc: Marking TSC unstable due to TSCs unsynchronized
Sep 12 09:33:39 backup kernel: Calibrating delay loop (skipped) preset value.. 8399.99 BogoMIPS (lpj=16799984)
Sep 12 09:33:39 backup kernel: x86/cpu: User Mode Instruction Prevention (UMIP) activated
Sep 12 09:33:39 backup kernel: Last level iTLB entries: 4KB 512, 2MB 255, 4MB 127
Sep 12 09:33:39 backup kernel: Last level dTLB entries: 4KB 512, 2MB 255, 4MB 127, 1GB 0
Sep 12 09:33:39 backup kernel: Spectre V1 : Mitigation: usercopy/swapgs barriers and __user pointer sanitization
Sep 12 09:33:39 backup kernel: Spectre V2 : Mitigation: Retpolines
Sep 12 09:33:39 backup kernel: Spectre V2 : Spectre v2 / SpectreRSB mitigation: Filling RSB on context switch
Sep 12 09:33:39 backup kernel: Spectre V2 : Spectre v2 / SpectreRSB : Filling RSB on VMEXIT
Sep 12 09:33:39 backup kernel: Spectre V2 : Enabling Restricted Speculation for firmware calls
Sep 12 09:33:39 backup kernel: Spectre V2 : mitigation: Enabling conditional Indirect Branch Prediction Barrier
Sep 12 09:33:39 backup kernel: Speculative Store Bypass: Mitigation: Speculative Store Bypass disabled via prctl
Sep 12 09:33:39 backup kernel: Speculative Return Stack Overflow: IBPB-extending microcode not applied!
Sep 12 09:33:39 backup kernel: Speculative Return Stack Overflow: WARNING: See https://kernel.org/doc/html/latest/admin-guide/hw-vuln/srso.html for mitigation options.
Sep 12 09:33:39 backup kernel: Speculative Return Stack Overflow: Mitigation: safe RET, no microcode
Sep 12 09:33:39 backup kernel: x86/fpu: Supporting XSAVE feature 0x001: 'x87 floating point registers'
Sep 12 09:33:39 backup kernel: x86/fpu: Supporting XSAVE feature 0x002: 'SSE registers'
Sep 12 09:33:39 backup kernel: x86/fpu: Supporting XSAVE feature 0x004: 'AVX registers'
Sep 12 09:33:39 backup kernel: x86/fpu: Supporting XSAVE feature 0x200: 'Protection Keys User registers'
Sep 12 09:33:39 backup kernel: x86/fpu: xstate_offset[2]:  576, xstate_sizes[2]:  256
Sep 12 09:33:39 backup kernel: x86/fpu: xstate_offset[9]:  832, xstate_sizes[9]:    8
Sep 12 09:33:39 backup kernel: x86/fpu: Enabled xstate features 0x207, context size is 840 bytes, using 'compacted' format.
Sep 12 09:33:39 backup kernel: Freeing SMP alternatives memory: 36K
Sep 12 09:33:39 backup kernel: pid_max: default: 32768 minimum: 301
Sep 12 09:33:39 backup kernel: LSM: Security Framework initializing
Sep 12 09:33:39 backup kernel: landlock: Up and running.
Sep 12 09:33:39 backup kernel: Yama: disabled by default; enable with sysctl kernel.yama.*
Sep 12 09:33:39 backup kernel: AppArmor: AppArmor initialized
Sep 12 09:33:39 backup kernel: TOMOYO Linux initialized
Sep 12 09:33:39 backup kernel: LSM support for eBPF active
Sep 12 09:33:39 backup kernel: Mount-cache hash table entries: 4096 (order: 3, 32768 bytes, linear)
Sep 12 09:33:39 backup kernel: Mountpoint-cache hash table entries: 4096 (order: 3, 32768 bytes, linear)
Sep 12 09:33:39 backup kernel: smpboot: CPU0: AMD Ryzen 5 5600X 6-Core Processor (family: 0x19, model: 0x21, stepping: 0x0)
Sep 12 09:33:39 backup kernel: cblist_init_generic: Setting adjustable number of callback queues.
Sep 12 09:33:39 backup kernel: cblist_init_generic: Setting shift to 1 and lim to 1.
Sep 12 09:33:39 backup kernel: cblist_init_generic: Setting adjustable number of callback queues.
Sep 12 09:33:39 backup kernel: cblist_init_generic: Setting shift to 1 and lim to 1.
Sep 12 09:33:39 backup kernel: cblist_init_generic: Setting adjustable number of callback queues.
Sep 12 09:33:39 backup kernel: cblist_init_generic: Setting shift to 1 and lim to 1.
Sep 12 09:33:39 backup kernel: Performance Events: Fam17h+ core perfctr, AMD PMU driver.
Sep 12 09:33:39 backup kernel: ... version:                0
Sep 12 09:33:39 backup kernel: ... bit width:              48
Sep 12 09:33:39 backup kernel: ... generic registers:      6
Sep 12 09:33:39 backup kernel: ... value mask:             0000ffffffffffff
Sep 12 09:33:39 backup kernel: ... max period:             00007fffffffffff
Sep 12 09:33:39 backup kernel: ... fixed-purpose events:   0
Sep 12 09:33:39 backup kernel: ... event mask:             000000000000003f
Sep 12 09:33:39 backup kernel: signal: max sigframe size: 3376
Sep 12 09:33:39 backup kernel: rcu: Hierarchical SRCU implementation.
Sep 12 09:33:39 backup kernel: rcu:         Max phase no-delay instances is 1000.
Sep 12 09:33:39 backup kernel: smp: Bringing up secondary CPUs ...
Sep 12 09:33:39 backup kernel: x86: Booting SMP configuration:
Sep 12 09:33:39 backup kernel: .... node  #0, CPUs:      #1
Sep 12 09:33:39 backup kernel: smp: Brought up 1 node, 2 CPUs
Sep 12 09:33:39 backup kernel: smpboot: Max logical packages: 2
Sep 12 09:33:39 backup kernel: smpboot: Total of 2 processors activated (16799.98 BogoMIPS)
Sep 12 09:33:39 backup kernel: node 0 deferred pages initialised in 0ms
Sep 12 09:33:39 backup kernel: devtmpfs: initialized
Sep 12 09:33:39 backup kernel: x86/mm: Memory block size: 128MB
Sep 12 09:33:39 backup kernel: clocksource: jiffies: mask: 0xffffffff max_cycles: 0xffffffff, max_idle_ns: 7645041785100000 ns
Sep 12 09:33:39 backup kernel: futex hash table entries: 512 (order: 3, 32768 bytes, linear)
Sep 12 09:33:39 backup kernel: pinctrl core: initialized pinctrl subsystem
Sep 12 09:33:39 backup kernel: NET: Registered PF_NETLINK/PF_ROUTE protocol family
Sep 12 09:33:39 backup kernel: DMA: preallocated 256 KiB GFP_KERNEL pool for atomic allocations
Sep 12 09:33:39 backup kernel: DMA: preallocated 256 KiB GFP_KERNEL|GFP_DMA pool for atomic allocations
Sep 12 09:33:39 backup kernel: DMA: preallocated 256 KiB GFP_KERNEL|GFP_DMA32 pool for atomic allocations
Sep 12 09:33:39 backup kernel: audit: initializing netlink subsys (disabled)
Sep 12 09:33:39 backup kernel: audit: type=2000 audit(1726130018.102:1): state=initialized audit_enabled=0 res=1
Sep 12 09:33:39 backup kernel: thermal_sys: Registered thermal governor 'fair_share'
Sep 12 09:33:39 backup kernel: thermal_sys: Registered thermal governor 'bang_bang'
Sep 12 09:33:39 backup kernel: thermal_sys: Registered thermal governor 'step_wise'
Sep 12 09:33:39 backup kernel: thermal_sys: Registered thermal governor 'user_space'
Sep 12 09:33:39 backup kernel: thermal_sys: Registered thermal governor 'power_allocator'
Sep 12 09:33:39 backup kernel: cpuidle: using governor ladder
Sep 12 09:33:39 backup kernel: cpuidle: using governor menu
Sep 12 09:33:39 backup kernel: acpiphp: ACPI Hot Plug PCI Controller Driver version: 0.5
Sep 12 09:33:39 backup kernel: PCI: MMCONFIG for domain 0000 [bus 00-ff] at [mem 0xb0000000-0xbfffffff] (base 0xb0000000)
Sep 12 09:33:39 backup kernel: PCI: MMCONFIG at [mem 0xb0000000-0xbfffffff] reserved in E820
Sep 12 09:33:39 backup kernel: PCI: Using configuration type 1 for base access
Sep 12 09:33:39 backup kernel: kprobes: kprobe jump-optimization is enabled. All kprobes are optimized if possible.
Sep 12 09:33:39 backup kernel: HugeTLB: registered 1.00 GiB page size, pre-allocated 0 pages
Sep 12 09:33:39 backup kernel: HugeTLB: 16380 KiB vmemmap can be freed for a 1.00 GiB page
Sep 12 09:33:39 backup kernel: HugeTLB: registered 2.00 MiB page size, pre-allocated 0 pages
Sep 12 09:33:39 backup kernel: HugeTLB: 28 KiB vmemmap can be freed for a 2.00 MiB page
Sep 12 09:33:39 backup kernel: ACPI: Added _OSI(Module Device)
Sep 12 09:33:39 backup kernel: ACPI: Added _OSI(Processor Device)
Sep 12 09:33:39 backup kernel: ACPI: Added _OSI(3.0 _SCP Extensions)
Sep 12 09:33:39 backup kernel: ACPI: Added _OSI(Processor Aggregator Device)
Sep 12 09:33:39 backup kernel: ACPI: 1 ACPI AML tables successfully acquired and loaded
Sep 12 09:33:39 backup kernel: ACPI: Interpreter enabled
Sep 12 09:33:39 backup kernel: ACPI: PM: (supports S0 S5)
Sep 12 09:33:39 backup kernel: ACPI: Using IOAPIC for interrupt routing
Sep 12 09:33:39 backup kernel: PCI: Using host bridge windows from ACPI; if necessary, use "pci=nocrs" and report a bug
Sep 12 09:33:39 backup kernel: PCI: Using E820 reservations for host bridge windows
Sep 12 09:33:39 backup kernel: ACPI: Enabled 2 GPEs in block 00 to 3F
Sep 12 09:33:39 backup kernel: ACPI: PCI Root Bridge [PCI0] (domain 0000 [bus 00-ff])
Sep 12 09:33:39 backup kernel: acpi PNP0A08:00: _OSC: OS supports [ExtendedConfig ASPM ClockPM Segments MSI HPX-Type3]
Sep 12 09:33:39 backup kernel: acpi PNP0A08:00: _OSC: platform does not support [PCIeHotplug LTR]
Sep 12 09:33:39 backup kernel: acpi PNP0A08:00: _OSC: OS now controls [SHPCHotplug PME AER PCIeCapability]
Sep 12 09:33:39 backup kernel: PCI host bridge to bus 0000:00
Sep 12 09:33:39 backup kernel: pci_bus 0000:00: root bus resource [io  0x0000-0x0cf7 window]
Sep 12 09:33:39 backup kernel: pci_bus 0000:00: root bus resource [io  0x0d00-0xffff window]
Sep 12 09:33:39 backup kernel: pci_bus 0000:00: root bus resource [mem 0x000a0000-0x000bffff window]
Sep 12 09:33:39 backup kernel: pci_bus 0000:00: root bus resource [mem 0x80000000-0xafffffff window]
Sep 12 09:33:39 backup kernel: pci_bus 0000:00: root bus resource [mem 0xc0000000-0xfebfffff window]
Sep 12 09:33:39 backup kernel: pci_bus 0000:00: root bus resource [mem 0x100000000-0x8ffffffff window]
Sep 12 09:33:39 backup kernel: pci_bus 0000:00: root bus resource [bus 00-ff]
Sep 12 09:33:39 backup kernel: pci 0000:00:00.0: [8086:29c0] type 00 class 0x060000
Sep 12 09:33:39 backup kernel: pci 0000:00:01.0: [1af4:1050] type 00 class 0x030000
Sep 12 09:33:39 backup kernel: pci 0000:00:01.0: reg 0x10: [mem 0xfa800000-0xfaffffff pref]
Sep 12 09:33:39 backup kernel: pci 0000:00:01.0: reg 0x18: [mem 0xfcc00000-0xfcc03fff 64bit pref]
Sep 12 09:33:39 backup kernel: pci 0000:00:01.0: reg 0x20: [mem 0xfea14000-0xfea14fff]
Sep 12 09:33:39 backup kernel: pci 0000:00:01.0: reg 0x30: [mem 0xfea00000-0xfea0ffff pref]
Sep 12 09:33:39 backup kernel: pci 0000:00:01.0: Video device with shadowed ROM at [mem 0x000c0000-0x000dffff]
Sep 12 09:33:39 backup kernel: pci 0000:00:02.0: [1b36:000c] type 01 class 0x060400
Sep 12 09:33:39 backup kernel: pci 0000:00:02.0: reg 0x10: [mem 0xfea15000-0xfea15fff]
Sep 12 09:33:39 backup kernel: pci 0000:00:02.1: [1b36:000c] type 01 class 0x060400
Sep 12 09:33:39 backup kernel: pci 0000:00:02.1: reg 0x10: [mem 0xfea16000-0xfea16fff]
Sep 12 09:33:39 backup kernel: pci 0000:00:02.2: [1b36:000c] type 01 class 0x060400
Sep 12 09:33:39 backup kernel: pci 0000:00:02.2: reg 0x10: [mem 0xfea17000-0xfea17fff]
Sep 12 09:33:39 backup kernel: pci 0000:00:02.3: [1b36:000c] type 01 class 0x060400
Sep 12 09:33:39 backup kernel: pci 0000:00:02.3: reg 0x10: [mem 0xfea18000-0xfea18fff]
Sep 12 09:33:39 backup kernel: pci 0000:00:02.4: [1b36:000c] type 01 class 0x060400
Sep 12 09:33:39 backup kernel: pci 0000:00:02.4: reg 0x10: [mem 0xfea19000-0xfea19fff]
Sep 12 09:33:39 backup kernel: pci 0000:00:02.5: [1b36:000c] type 01 class 0x060400
Sep 12 09:33:39 backup kernel: pci 0000:00:02.5: reg 0x10: [mem 0xfea1a000-0xfea1afff]
Sep 12 09:33:39 backup kernel: pci 0000:00:02.6: [1b36:000c] type 01 class 0x060400
Sep 12 09:33:39 backup kernel: pci 0000:00:02.6: reg 0x10: [mem 0xfea1b000-0xfea1bfff]
Sep 12 09:33:39 backup kernel: pci 0000:00:02.7: [1b36:000c] type 01 class 0x060400
Sep 12 09:33:39 backup kernel: pci 0000:00:02.7: reg 0x10: [mem 0xfea1c000-0xfea1cfff]
Sep 12 09:33:39 backup kernel: pci 0000:00:03.0: [1b36:000c] type 01 class 0x060400
Sep 12 09:33:39 backup kernel: pci 0000:00:03.0: reg 0x10: [mem 0xfea1d000-0xfea1dfff]
Sep 12 09:33:39 backup kernel: pci 0000:00:03.1: [1b36:000c] type 01 class 0x060400
Sep 12 09:33:39 backup kernel: pci 0000:00:03.1: reg 0x10: [mem 0xfea1e000-0xfea1efff]
Sep 12 09:33:39 backup kernel: pci 0000:00:03.2: [1b36:000c] type 01 class 0x060400
Sep 12 09:33:39 backup kernel: pci 0000:00:03.2: reg 0x10: [mem 0xfea1f000-0xfea1ffff]
Sep 12 09:33:39 backup kernel: pci 0000:00:03.3: [1b36:000c] type 01 class 0x060400
Sep 12 09:33:39 backup kernel: pci 0000:00:03.3: reg 0x10: [mem 0xfea20000-0xfea20fff]
Sep 12 09:33:39 backup kernel: pci 0000:00:03.4: [1b36:000c] type 01 class 0x060400
Sep 12 09:33:39 backup kernel: pci 0000:00:03.4: reg 0x10: [mem 0xfea21000-0xfea21fff]
Sep 12 09:33:39 backup kernel: pci 0000:00:03.5: [1b36:000c] type 01 class 0x060400
Sep 12 09:33:39 backup kernel: pci 0000:00:03.5: reg 0x10: [mem 0xfea22000-0xfea22fff]
Sep 12 09:33:39 backup kernel: pci 0000:00:1b.0: [8086:293e] type 00 class 0x040300
Sep 12 09:33:39 backup kernel: pci 0000:00:1b.0: reg 0x10: [mem 0xfea10000-0xfea13fff]
Sep 12 09:33:39 backup kernel: pci 0000:00:1f.0: [8086:2918] type 00 class 0x060100
Sep 12 09:33:39 backup kernel: pci 0000:00:1f.0: quirk: [io  0x0600-0x067f] claimed by ICH6 ACPI/GPIO/TCO
Sep 12 09:33:39 backup kernel: pci 0000:00:1f.2: [8086:2922] type 00 class 0x010601
Sep 12 09:33:39 backup kernel: pci 0000:00:1f.2: reg 0x20: [io  0xc040-0xc05f]
Sep 12 09:33:39 backup kernel: pci 0000:00:1f.2: reg 0x24: [mem 0xfea23000-0xfea23fff]
Sep 12 09:33:39 backup kernel: pci 0000:00:1f.3: [8086:2930] type 00 class 0x0c0500
Sep 12 09:33:39 backup kernel: pci 0000:00:1f.3: reg 0x20: [io  0x0700-0x073f]
Sep 12 09:33:39 backup kernel: acpiphp: Slot [0] registered
Sep 12 09:33:39 backup kernel: pci 0000:01:00.0: [1af4:1041] type 00 class 0x020000
Sep 12 09:33:39 backup kernel: pci 0000:01:00.0: reg 0x14: [mem 0xfe840000-0xfe840fff]
Sep 12 09:33:39 backup kernel: pci 0000:01:00.0: reg 0x20: [mem 0xfca00000-0xfca03fff 64bit pref]
Sep 12 09:33:39 backup kernel: pci 0000:01:00.0: reg 0x30: [mem 0xfe800000-0xfe83ffff pref]
Sep 12 09:33:39 backup kernel: pci 0000:00:02.0: PCI bridge to [bus 01]
Sep 12 09:33:39 backup kernel: pci 0000:00:02.0:   bridge window [mem 0xfe800000-0xfe9fffff]
Sep 12 09:33:39 backup kernel: pci 0000:00:02.0:   bridge window [mem 0xfca00000-0xfcbfffff 64bit pref]
Sep 12 09:33:39 backup kernel: acpiphp: Slot [0-2] registered
Sep 12 09:33:39 backup kernel: pci 0000:02:00.0: [1b36:000d] type 00 class 0x0c0330
Sep 12 09:33:39 backup kernel: pci 0000:02:00.0: reg 0x10: [mem 0xfe600000-0xfe603fff 64bit]
Sep 12 09:33:39 backup kernel: pci 0000:00:02.1: PCI bridge to [bus 02]
Sep 12 09:33:39 backup kernel: pci 0000:00:02.1:   bridge window [mem 0xfe600000-0xfe7fffff]
Sep 12 09:33:39 backup kernel: pci 0000:00:02.1:   bridge window [mem 0xfc800000-0xfc9fffff 64bit pref]
Sep 12 09:33:39 backup kernel: acpiphp: Slot [0-3] registered
Sep 12 09:33:39 backup kernel: pci 0000:03:00.0: [1af4:1043] type 00 class 0x078000
Sep 12 09:33:39 backup kernel: pci 0000:03:00.0: reg 0x14: [mem 0xfe400000-0xfe400fff]
Sep 12 09:33:39 backup kernel: pci 0000:03:00.0: reg 0x20: [mem 0xfc600000-0xfc603fff 64bit pref]
Sep 12 09:33:39 backup kernel: pci 0000:00:02.2: PCI bridge to [bus 03]
Sep 12 09:33:39 backup kernel: pci 0000:00:02.2:   bridge window [mem 0xfe400000-0xfe5fffff]
Sep 12 09:33:39 backup kernel: pci 0000:00:02.2:   bridge window [mem 0xfc600000-0xfc7fffff 64bit pref]
Sep 12 09:33:39 backup kernel: acpiphp: Slot [0-4] registered
Sep 12 09:33:39 backup kernel: pci 0000:04:00.0: [1af4:1042] type 00 class 0x010000
Sep 12 09:33:39 backup kernel: pci 0000:04:00.0: reg 0x14: [mem 0xfe200000-0xfe200fff]
Sep 12 09:33:39 backup kernel: pci 0000:04:00.0: reg 0x20: [mem 0xfc400000-0xfc403fff 64bit pref]
Sep 12 09:33:39 backup kernel: pci 0000:00:02.3: PCI bridge to [bus 04]
Sep 12 09:33:39 backup kernel: pci 0000:00:02.3:   bridge window [mem 0xfe200000-0xfe3fffff]
Sep 12 09:33:39 backup kernel: pci 0000:00:02.3:   bridge window [mem 0xfc400000-0xfc5fffff 64bit pref]
Sep 12 09:33:39 backup kernel: acpiphp: Slot [0-5] registered
Sep 12 09:33:39 backup kernel: pci 0000:05:00.0: [1af4:1045] type 00 class 0x00ff00
Sep 12 09:33:39 backup kernel: pci 0000:05:00.0: reg 0x20: [mem 0xfc200000-0xfc203fff 64bit pref]
Sep 12 09:33:39 backup kernel: pci 0000:00:02.4: PCI bridge to [bus 05]
Sep 12 09:33:39 backup kernel: pci 0000:00:02.4:   bridge window [mem 0xfe000000-0xfe1fffff]
Sep 12 09:33:39 backup kernel: pci 0000:00:02.4:   bridge window [mem 0xfc200000-0xfc3fffff 64bit pref]
Sep 12 09:33:39 backup kernel: acpiphp: Slot [0-6] registered
Sep 12 09:33:39 backup kernel: pci 0000:06:00.0: [1af4:1044] type 00 class 0x00ff00
Sep 12 09:33:39 backup kernel: pci 0000:06:00.0: reg 0x14: [mem 0xfde00000-0xfde00fff]
Sep 12 09:33:39 backup kernel: pci 0000:06:00.0: reg 0x20: [mem 0xfc000000-0xfc003fff 64bit pref]
Sep 12 09:33:39 backup kernel: pci 0000:00:02.5: PCI bridge to [bus 06]
Sep 12 09:33:39 backup kernel: pci 0000:00:02.5:   bridge window [mem 0xfde00000-0xfdffffff]
Sep 12 09:33:39 backup kernel: pci 0000:00:02.5:   bridge window [mem 0xfc000000-0xfc1fffff 64bit pref]
Sep 12 09:33:39 backup kernel: acpiphp: Slot [0-7] registered
Sep 12 09:33:39 backup kernel: pci 0000:00:02.6: PCI bridge to [bus 07]
Sep 12 09:33:39 backup kernel: pci 0000:00:02.6:   bridge window [mem 0xfdc00000-0xfddfffff]
Sep 12 09:33:39 backup kernel: pci 0000:00:02.6:   bridge window [mem 0xfbe00000-0xfbffffff 64bit pref]
Sep 12 09:33:39 backup kernel: acpiphp: Slot [0-8] registered
Sep 12 09:33:39 backup kernel: pci 0000:00:02.7: PCI bridge to [bus 08]
Sep 12 09:33:39 backup kernel: pci 0000:00:02.7:   bridge window [mem 0xfda00000-0xfdbfffff]
Sep 12 09:33:39 backup kernel: pci 0000:00:02.7:   bridge window [mem 0xfbc00000-0xfbdfffff 64bit pref]
Sep 12 09:33:39 backup kernel: acpiphp: Slot [0-9] registered
Sep 12 09:33:39 backup kernel: pci 0000:00:03.0: PCI bridge to [bus 09]
Sep 12 09:33:39 backup kernel: pci 0000:00:03.0:   bridge window [mem 0xfd800000-0xfd9fffff]
Sep 12 09:33:39 backup kernel: pci 0000:00:03.0:   bridge window [mem 0xfba00000-0xfbbfffff 64bit pref]
Sep 12 09:33:39 backup kernel: acpiphp: Slot [0-10] registered
Sep 12 09:33:39 backup kernel: pci 0000:00:03.1: PCI bridge to [bus 0a]
Sep 12 09:33:39 backup kernel: pci 0000:00:03.1:   bridge window [mem 0xfd600000-0xfd7fffff]
Sep 12 09:33:39 backup kernel: pci 0000:00:03.1:   bridge window [mem 0xfb800000-0xfb9fffff 64bit pref]
Sep 12 09:33:39 backup kernel: acpiphp: Slot [0-11] registered
Sep 12 09:33:39 backup kernel: pci 0000:00:03.2: PCI bridge to [bus 0b]
Sep 12 09:33:39 backup kernel: pci 0000:00:03.2:   bridge window [mem 0xfd400000-0xfd5fffff]
Sep 12 09:33:39 backup kernel: pci 0000:00:03.2:   bridge window [mem 0xfb600000-0xfb7fffff 64bit pref]
Sep 12 09:33:39 backup kernel: acpiphp: Slot [0-12] registered
Sep 12 09:33:39 backup kernel: pci 0000:00:03.3: PCI bridge to [bus 0c]
Sep 12 09:33:39 backup kernel: pci 0000:00:03.3:   bridge window [mem 0xfd200000-0xfd3fffff]
Sep 12 09:33:39 backup kernel: pci 0000:00:03.3:   bridge window [mem 0xfb400000-0xfb5fffff 64bit pref]
Sep 12 09:33:39 backup kernel: acpiphp: Slot [0-13] registered
Sep 12 09:33:39 backup kernel: pci 0000:00:03.4: PCI bridge to [bus 0d]
Sep 12 09:33:39 backup kernel: pci 0000:00:03.4:   bridge window [mem 0xfd000000-0xfd1fffff]
Sep 12 09:33:39 backup kernel: pci 0000:00:03.4:   bridge window [mem 0xfb200000-0xfb3fffff 64bit pref]
Sep 12 09:33:39 backup kernel: acpiphp: Slot [0-14] registered
Sep 12 09:33:39 backup kernel: pci 0000:00:03.5: PCI bridge to [bus 0e]
Sep 12 09:33:39 backup kernel: pci 0000:00:03.5:   bridge window [mem 0xfce00000-0xfcffffff]
Sep 12 09:33:39 backup kernel: pci 0000:00:03.5:   bridge window [mem 0xfb000000-0xfb1fffff 64bit pref]
Sep 12 09:33:39 backup kernel: ACPI: PCI: Interrupt link LNKA configured for IRQ 10
Sep 12 09:33:39 backup kernel: ACPI: PCI: Interrupt link LNKB configured for IRQ 10
Sep 12 09:33:39 backup kernel: ACPI: PCI: Interrupt link LNKC configured for IRQ 11
Sep 12 09:33:39 backup kernel: ACPI: PCI: Interrupt link LNKD configured for IRQ 11
Sep 12 09:33:39 backup kernel: ACPI: PCI: Interrupt link LNKE configured for IRQ 10
Sep 12 09:33:39 backup kernel: ACPI: PCI: Interrupt link LNKF configured for IRQ 10
Sep 12 09:33:39 backup kernel: ACPI: PCI: Interrupt link LNKG configured for IRQ 11
Sep 12 09:33:39 backup kernel: ACPI: PCI: Interrupt link LNKH configured for IRQ 11
Sep 12 09:33:39 backup kernel: ACPI: PCI: Interrupt link GSIA configured for IRQ 16
Sep 12 09:33:39 backup kernel: ACPI: PCI: Interrupt link GSIB configured for IRQ 17
Sep 12 09:33:39 backup kernel: ACPI: PCI: Interrupt link GSIC configured for IRQ 18
Sep 12 09:33:39 backup kernel: ACPI: PCI: Interrupt link GSID configured for IRQ 19
Sep 12 09:33:39 backup kernel: ACPI: PCI: Interrupt link GSIE configured for IRQ 20
Sep 12 09:33:39 backup kernel: ACPI: PCI: Interrupt link GSIF configured for IRQ 21
Sep 12 09:33:39 backup kernel: ACPI: PCI: Interrupt link GSIG configured for IRQ 22
Sep 12 09:33:39 backup kernel: ACPI: PCI: Interrupt link GSIH configured for IRQ 23
Sep 12 09:33:39 backup kernel: iommu: Default domain type: Translated 
Sep 12 09:33:39 backup kernel: iommu: DMA domain TLB invalidation policy: lazy mode 
Sep 12 09:33:39 backup kernel: pps_core: LinuxPPS API ver. 1 registered
Sep 12 09:33:39 backup kernel: pps_core: Software ver. 5.3.6 - Copyright 2005-2007 Rodolfo Giometti <giometti@linux.it>
Sep 12 09:33:39 backup kernel: PTP clock support registered
Sep 12 09:33:39 backup kernel: EDAC MC: Ver: 3.0.0
Sep 12 09:33:39 backup kernel: NetLabel: Initializing
Sep 12 09:33:39 backup kernel: NetLabel:  domain hash size = 128
Sep 12 09:33:39 backup kernel: NetLabel:  protocols = UNLABELED CIPSOv4 CALIPSO
Sep 12 09:33:39 backup kernel: NetLabel:  unlabeled traffic allowed by default
Sep 12 09:33:39 backup kernel: PCI: Using ACPI for IRQ routing
Sep 12 09:33:39 backup kernel: PCI: pci_cache_line_size set to 64 bytes
Sep 12 09:33:39 backup kernel: e820: reserve RAM buffer [mem 0x0009fc00-0x0009ffff]
Sep 12 09:33:39 backup kernel: e820: reserve RAM buffer [mem 0x7ffdc000-0x7fffffff]
Sep 12 09:33:39 backup kernel: pci 0000:00:01.0: vgaarb: setting as boot VGA device
Sep 12 09:33:39 backup kernel: pci 0000:00:01.0: vgaarb: bridge control possible
Sep 12 09:33:39 backup kernel: pci 0000:00:01.0: vgaarb: VGA device added: decodes=io+mem,owns=io+mem,locks=none
Sep 12 09:33:39 backup kernel: vgaarb: loaded
Sep 12 09:33:39 backup kernel: clocksource: Switched to clocksource kvm-clock
Sep 12 09:33:39 backup kernel: VFS: Disk quotas dquot_6.6.0
Sep 12 09:33:39 backup kernel: VFS: Dquot-cache hash table entries: 512 (order 0, 4096 bytes)
Sep 12 09:33:39 backup kernel: AppArmor: AppArmor Filesystem Enabled
Sep 12 09:33:39 backup kernel: pnp: PnP ACPI init
Sep 12 09:33:39 backup kernel: system 00:04: [mem 0xb0000000-0xbfffffff window] has been reserved
Sep 12 09:33:39 backup kernel: pnp: PnP ACPI: found 5 devices
Sep 12 09:33:39 backup kernel: clocksource: acpi_pm: mask: 0xffffff max_cycles: 0xffffff, max_idle_ns: 2085701024 ns
Sep 12 09:33:39 backup kernel: NET: Registered PF_INET protocol family
Sep 12 09:33:39 backup kernel: IP idents hash table entries: 32768 (order: 6, 262144 bytes, linear)
Sep 12 09:33:39 backup kernel: tcp_listen_portaddr_hash hash table entries: 1024 (order: 2, 16384 bytes, linear)
Sep 12 09:33:39 backup kernel: Table-perturb hash table entries: 65536 (order: 6, 262144 bytes, linear)
Sep 12 09:33:39 backup kernel: TCP established hash table entries: 16384 (order: 5, 131072 bytes, linear)
Sep 12 09:33:39 backup kernel: TCP bind hash table entries: 16384 (order: 7, 524288 bytes, linear)
Sep 12 09:33:39 backup kernel: TCP: Hash tables configured (established 16384 bind 16384)
Sep 12 09:33:39 backup kernel: MPTCP token hash table entries: 2048 (order: 3, 49152 bytes, linear)
Sep 12 09:33:39 backup kernel: UDP hash table entries: 1024 (order: 3, 32768 bytes, linear)
Sep 12 09:33:39 backup kernel: UDP-Lite hash table entries: 1024 (order: 3, 32768 bytes, linear)
Sep 12 09:33:39 backup kernel: NET: Registered PF_UNIX/PF_LOCAL protocol family
Sep 12 09:33:39 backup kernel: NET: Registered PF_XDP protocol family
Sep 12 09:33:39 backup kernel: pci 0000:00:02.0: bridge window [io  0x1000-0x0fff] to [bus 01] add_size 1000
Sep 12 09:33:39 backup kernel: pci 0000:00:02.1: bridge window [io  0x1000-0x0fff] to [bus 02] add_size 1000
Sep 12 09:33:39 backup kernel: pci 0000:00:02.2: bridge window [io  0x1000-0x0fff] to [bus 03] add_size 1000
Sep 12 09:33:39 backup kernel: pci 0000:00:02.3: bridge window [io  0x1000-0x0fff] to [bus 04] add_size 1000
Sep 12 09:33:39 backup kernel: pci 0000:00:02.4: bridge window [io  0x1000-0x0fff] to [bus 05] add_size 1000
Sep 12 09:33:39 backup kernel: pci 0000:00:02.5: bridge window [io  0x1000-0x0fff] to [bus 06] add_size 1000
Sep 12 09:33:39 backup kernel: pci 0000:00:02.6: bridge window [io  0x1000-0x0fff] to [bus 07] add_size 1000
Sep 12 09:33:39 backup kernel: pci 0000:00:02.7: bridge window [io  0x1000-0x0fff] to [bus 08] add_size 1000
Sep 12 09:33:39 backup kernel: pci 0000:00:03.0: bridge window [io  0x1000-0x0fff] to [bus 09] add_size 1000
Sep 12 09:33:39 backup kernel: pci 0000:00:03.1: bridge window [io  0x1000-0x0fff] to [bus 0a] add_size 1000
Sep 12 09:33:39 backup kernel: pci 0000:00:03.2: bridge window [io  0x1000-0x0fff] to [bus 0b] add_size 1000
Sep 12 09:33:39 backup kernel: pci 0000:00:03.3: bridge window [io  0x1000-0x0fff] to [bus 0c] add_size 1000
Sep 12 09:33:39 backup kernel: pci 0000:00:03.4: bridge window [io  0x1000-0x0fff] to [bus 0d] add_size 1000
Sep 12 09:33:39 backup kernel: pci 0000:00:03.5: bridge window [io  0x1000-0x0fff] to [bus 0e] add_size 1000
Sep 12 09:33:39 backup kernel: pci 0000:00:02.0: BAR 13: assigned [io  0x1000-0x1fff]
Sep 12 09:33:39 backup kernel: pci 0000:00:02.1: BAR 13: assigned [io  0x2000-0x2fff]
Sep 12 09:33:39 backup kernel: pci 0000:00:02.2: BAR 13: assigned [io  0x3000-0x3fff]
Sep 12 09:33:39 backup kernel: pci 0000:00:02.3: BAR 13: assigned [io  0x4000-0x4fff]
Sep 12 09:33:39 backup kernel: pci 0000:00:02.4: BAR 13: assigned [io  0x5000-0x5fff]
Sep 12 09:33:39 backup kernel: pci 0000:00:02.5: BAR 13: assigned [io  0x6000-0x6fff]
Sep 12 09:33:39 backup kernel: pci 0000:00:02.6: BAR 13: assigned [io  0x7000-0x7fff]
Sep 12 09:33:39 backup kernel: pci 0000:00:02.7: BAR 13: assigned [io  0x8000-0x8fff]
Sep 12 09:33:39 backup kernel: pci 0000:00:03.0: BAR 13: assigned [io  0x9000-0x9fff]
Sep 12 09:33:39 backup kernel: pci 0000:00:03.1: BAR 13: assigned [io  0xa000-0xafff]
Sep 12 09:33:39 backup kernel: pci 0000:00:03.2: BAR 13: assigned [io  0xb000-0xbfff]
Sep 12 09:33:39 backup kernel: pci 0000:00:03.3: BAR 13: assigned [io  0xd000-0xdfff]
Sep 12 09:33:39 backup kernel: pci 0000:00:03.4: BAR 13: assigned [io  0xe000-0xefff]
Sep 12 09:33:39 backup kernel: pci 0000:00:03.5: BAR 13: assigned [io  0xf000-0xffff]
Sep 12 09:33:39 backup kernel: pci 0000:00:02.0: PCI bridge to [bus 01]
Sep 12 09:33:39 backup kernel: pci 0000:00:02.0:   bridge window [io  0x1000-0x1fff]
Sep 12 09:33:39 backup kernel: pci 0000:00:02.0:   bridge window [mem 0xfe800000-0xfe9fffff]
Sep 12 09:33:39 backup kernel: pci 0000:00:02.0:   bridge window [mem 0xfca00000-0xfcbfffff 64bit pref]
Sep 12 09:33:39 backup kernel: pci 0000:00:02.1: PCI bridge to [bus 02]
Sep 12 09:33:39 backup kernel: pci 0000:00:02.1:   bridge window [io  0x2000-0x2fff]
Sep 12 09:33:39 backup kernel: pci 0000:00:02.1:   bridge window [mem 0xfe600000-0xfe7fffff]
Sep 12 09:33:39 backup kernel: pci 0000:00:02.1:   bridge window [mem 0xfc800000-0xfc9fffff 64bit pref]
Sep 12 09:33:39 backup kernel: pci 0000:00:02.2: PCI bridge to [bus 03]
Sep 12 09:33:39 backup kernel: pci 0000:00:02.2:   bridge window [io  0x3000-0x3fff]
Sep 12 09:33:39 backup kernel: pci 0000:00:02.2:   bridge window [mem 0xfe400000-0xfe5fffff]
Sep 12 09:33:39 backup kernel: pci 0000:00:02.2:   bridge window [mem 0xfc600000-0xfc7fffff 64bit pref]
Sep 12 09:33:39 backup kernel: pci 0000:00:02.3: PCI bridge to [bus 04]
Sep 12 09:33:39 backup kernel: pci 0000:00:02.3:   bridge window [io  0x4000-0x4fff]
Sep 12 09:33:39 backup kernel: pci 0000:00:02.3:   bridge window [mem 0xfe200000-0xfe3fffff]
Sep 12 09:33:39 backup kernel: pci 0000:00:02.3:   bridge window [mem 0xfc400000-0xfc5fffff 64bit pref]
Sep 12 09:33:39 backup kernel: pci 0000:00:02.4: PCI bridge to [bus 05]
Sep 12 09:33:39 backup kernel: pci 0000:00:02.4:   bridge window [io  0x5000-0x5fff]
Sep 12 09:33:39 backup kernel: pci 0000:00:02.4:   bridge window [mem 0xfe000000-0xfe1fffff]
Sep 12 09:33:39 backup kernel: pci 0000:00:02.4:   bridge window [mem 0xfc200000-0xfc3fffff 64bit pref]
Sep 12 09:33:39 backup kernel: pci 0000:00:02.5: PCI bridge to [bus 06]
Sep 12 09:33:39 backup kernel: pci 0000:00:02.5:   bridge window [io  0x6000-0x6fff]
Sep 12 09:33:39 backup kernel: pci 0000:00:02.5:   bridge window [mem 0xfde00000-0xfdffffff]
Sep 12 09:33:39 backup kernel: pci 0000:00:02.5:   bridge window [mem 0xfc000000-0xfc1fffff 64bit pref]
Sep 12 09:33:39 backup kernel: pci 0000:00:02.6: PCI bridge to [bus 07]
Sep 12 09:33:39 backup kernel: pci 0000:00:02.6:   bridge window [io  0x7000-0x7fff]
Sep 12 09:33:39 backup kernel: pci 0000:00:02.6:   bridge window [mem 0xfdc00000-0xfddfffff]
Sep 12 09:33:39 backup kernel: pci 0000:00:02.6:   bridge window [mem 0xfbe00000-0xfbffffff 64bit pref]
Sep 12 09:33:39 backup kernel: pci 0000:00:02.7: PCI bridge to [bus 08]
Sep 12 09:33:39 backup kernel: pci 0000:00:02.7:   bridge window [io  0x8000-0x8fff]
Sep 12 09:33:39 backup kernel: pci 0000:00:02.7:   bridge window [mem 0xfda00000-0xfdbfffff]
Sep 12 09:33:39 backup kernel: pci 0000:00:02.7:   bridge window [mem 0xfbc00000-0xfbdfffff 64bit pref]
Sep 12 09:33:39 backup kernel: pci 0000:00:03.0: PCI bridge to [bus 09]
Sep 12 09:33:39 backup kernel: pci 0000:00:03.0:   bridge window [io  0x9000-0x9fff]
Sep 12 09:33:39 backup kernel: pci 0000:00:03.0:   bridge window [mem 0xfd800000-0xfd9fffff]
Sep 12 09:33:39 backup kernel: pci 0000:00:03.0:   bridge window [mem 0xfba00000-0xfbbfffff 64bit pref]
Sep 12 09:33:39 backup kernel: pci 0000:00:03.1: PCI bridge to [bus 0a]
Sep 12 09:33:39 backup kernel: pci 0000:00:03.1:   bridge window [io  0xa000-0xafff]
Sep 12 09:33:39 backup kernel: pci 0000:00:03.1:   bridge window [mem 0xfd600000-0xfd7fffff]
Sep 12 09:33:39 backup kernel: pci 0000:00:03.1:   bridge window [mem 0xfb800000-0xfb9fffff 64bit pref]
Sep 12 09:33:39 backup kernel: pci 0000:00:03.2: PCI bridge to [bus 0b]
Sep 12 09:33:39 backup kernel: pci 0000:00:03.2:   bridge window [io  0xb000-0xbfff]
Sep 12 09:33:39 backup kernel: pci 0000:00:03.2:   bridge window [mem 0xfd400000-0xfd5fffff]
Sep 12 09:33:39 backup kernel: pci 0000:00:03.2:   bridge window [mem 0xfb600000-0xfb7fffff 64bit pref]
Sep 12 09:33:39 backup kernel: pci 0000:00:03.3: PCI bridge to [bus 0c]
Sep 12 09:33:39 backup kernel: pci 0000:00:03.3:   bridge window [io  0xd000-0xdfff]
Sep 12 09:33:39 backup kernel: pci 0000:00:03.3:   bridge window [mem 0xfd200000-0xfd3fffff]
Sep 12 09:33:39 backup kernel: pci 0000:00:03.3:   bridge window [mem 0xfb400000-0xfb5fffff 64bit pref]
Sep 12 09:33:39 backup kernel: pci 0000:00:03.4: PCI bridge to [bus 0d]
Sep 12 09:33:39 backup kernel: pci 0000:00:03.4:   bridge window [io  0xe000-0xefff]
Sep 12 09:33:39 backup kernel: pci 0000:00:03.4:   bridge window [mem 0xfd000000-0xfd1fffff]
Sep 12 09:33:39 backup kernel: pci 0000:00:03.4:   bridge window [mem 0xfb200000-0xfb3fffff 64bit pref]
Sep 12 09:33:39 backup kernel: pci 0000:00:03.5: PCI bridge to [bus 0e]
Sep 12 09:33:39 backup kernel: pci 0000:00:03.5:   bridge window [io  0xf000-0xffff]
Sep 12 09:33:39 backup kernel: pci 0000:00:03.5:   bridge window [mem 0xfce00000-0xfcffffff]
Sep 12 09:33:39 backup kernel: pci 0000:00:03.5:   bridge window [mem 0xfb000000-0xfb1fffff 64bit pref]
Sep 12 09:33:39 backup kernel: pci_bus 0000:00: resource 4 [io  0x0000-0x0cf7 window]
Sep 12 09:33:39 backup kernel: pci_bus 0000:00: resource 5 [io  0x0d00-0xffff window]
Sep 12 09:33:39 backup kernel: pci_bus 0000:00: resource 6 [mem 0x000a0000-0x000bffff window]
Sep 12 09:33:39 backup kernel: pci_bus 0000:00: resource 7 [mem 0x80000000-0xafffffff window]
Sep 12 09:33:39 backup kernel: pci_bus 0000:00: resource 8 [mem 0xc0000000-0xfebfffff window]
Sep 12 09:33:39 backup kernel: pci_bus 0000:00: resource 9 [mem 0x100000000-0x8ffffffff window]
Sep 12 09:33:39 backup kernel: pci_bus 0000:01: resource 0 [io  0x1000-0x1fff]
Sep 12 09:33:39 backup kernel: pci_bus 0000:01: resource 1 [mem 0xfe800000-0xfe9fffff]
Sep 12 09:33:39 backup kernel: pci_bus 0000:01: resource 2 [mem 0xfca00000-0xfcbfffff 64bit pref]
Sep 12 09:33:39 backup kernel: pci_bus 0000:02: resource 0 [io  0x2000-0x2fff]
Sep 12 09:33:39 backup kernel: pci_bus 0000:02: resource 1 [mem 0xfe600000-0xfe7fffff]
Sep 12 09:33:39 backup kernel: pci_bus 0000:02: resource 2 [mem 0xfc800000-0xfc9fffff 64bit pref]
Sep 12 09:33:39 backup kernel: pci_bus 0000:03: resource 0 [io  0x3000-0x3fff]
Sep 12 09:33:39 backup kernel: pci_bus 0000:03: resource 1 [mem 0xfe400000-0xfe5fffff]
Sep 12 09:33:39 backup kernel: pci_bus 0000:03: resource 2 [mem 0xfc600000-0xfc7fffff 64bit pref]
Sep 12 09:33:39 backup kernel: pci_bus 0000:04: resource 0 [io  0x4000-0x4fff]
Sep 12 09:33:39 backup kernel: pci_bus 0000:04: resource 1 [mem 0xfe200000-0xfe3fffff]
Sep 12 09:33:39 backup kernel: pci_bus 0000:04: resource 2 [mem 0xfc400000-0xfc5fffff 64bit pref]
Sep 12 09:33:39 backup kernel: pci_bus 0000:05: resource 0 [io  0x5000-0x5fff]
Sep 12 09:33:39 backup kernel: pci_bus 0000:05: resource 1 [mem 0xfe000000-0xfe1fffff]
Sep 12 09:33:39 backup kernel: pci_bus 0000:05: resource 2 [mem 0xfc200000-0xfc3fffff 64bit pref]
Sep 12 09:33:39 backup kernel: pci_bus 0000:06: resource 0 [io  0x6000-0x6fff]
Sep 12 09:33:39 backup kernel: pci_bus 0000:06: resource 1 [mem 0xfde00000-0xfdffffff]
Sep 12 09:33:39 backup kernel: pci_bus 0000:06: resource 2 [mem 0xfc000000-0xfc1fffff 64bit pref]
Sep 12 09:33:39 backup kernel: pci_bus 0000:07: resource 0 [io  0x7000-0x7fff]
Sep 12 09:33:39 backup kernel: pci_bus 0000:07: resource 1 [mem 0xfdc00000-0xfddfffff]
Sep 12 09:33:39 backup kernel: pci_bus 0000:07: resource 2 [mem 0xfbe00000-0xfbffffff 64bit pref]
Sep 12 09:33:39 backup kernel: pci_bus 0000:08: resource 0 [io  0x8000-0x8fff]
Sep 12 09:33:39 backup kernel: pci_bus 0000:08: resource 1 [mem 0xfda00000-0xfdbfffff]
Sep 12 09:33:39 backup kernel: pci_bus 0000:08: resource 2 [mem 0xfbc00000-0xfbdfffff 64bit pref]
Sep 12 09:33:39 backup kernel: pci_bus 0000:09: resource 0 [io  0x9000-0x9fff]
Sep 12 09:33:39 backup kernel: pci_bus 0000:09: resource 1 [mem 0xfd800000-0xfd9fffff]
Sep 12 09:33:39 backup kernel: pci_bus 0000:09: resource 2 [mem 0xfba00000-0xfbbfffff 64bit pref]
Sep 12 09:33:39 backup kernel: pci_bus 0000:0a: resource 0 [io  0xa000-0xafff]
Sep 12 09:33:39 backup kernel: pci_bus 0000:0a: resource 1 [mem 0xfd600000-0xfd7fffff]
Sep 12 09:33:39 backup kernel: pci_bus 0000:0a: resource 2 [mem 0xfb800000-0xfb9fffff 64bit pref]
Sep 12 09:33:39 backup kernel: pci_bus 0000:0b: resource 0 [io  0xb000-0xbfff]
Sep 12 09:33:39 backup kernel: pci_bus 0000:0b: resource 1 [mem 0xfd400000-0xfd5fffff]
Sep 12 09:33:39 backup kernel: pci_bus 0000:0b: resource 2 [mem 0xfb600000-0xfb7fffff 64bit pref]
Sep 12 09:33:39 backup kernel: pci_bus 0000:0c: resource 0 [io  0xd000-0xdfff]
Sep 12 09:33:39 backup kernel: pci_bus 0000:0c: resource 1 [mem 0xfd200000-0xfd3fffff]
Sep 12 09:33:39 backup kernel: pci_bus 0000:0c: resource 2 [mem 0xfb400000-0xfb5fffff 64bit pref]
Sep 12 09:33:39 backup kernel: pci_bus 0000:0d: resource 0 [io  0xe000-0xefff]
Sep 12 09:33:39 backup kernel: pci_bus 0000:0d: resource 1 [mem 0xfd000000-0xfd1fffff]
Sep 12 09:33:39 backup kernel: pci_bus 0000:0d: resource 2 [mem 0xfb200000-0xfb3fffff 64bit pref]
Sep 12 09:33:39 backup kernel: pci_bus 0000:0e: resource 0 [io  0xf000-0xffff]
Sep 12 09:33:39 backup kernel: pci_bus 0000:0e: resource 1 [mem 0xfce00000-0xfcffffff]
Sep 12 09:33:39 backup kernel: pci_bus 0000:0e: resource 2 [mem 0xfb000000-0xfb1fffff 64bit pref]
Sep 12 09:33:39 backup kernel: ACPI: \_SB_.GSIG: Enabled at IRQ 22
Sep 12 09:33:39 backup kernel: PCI: CLS 0 bytes, default 64
Sep 12 09:33:39 backup kernel: Trying to unpack rootfs image as initramfs...
Sep 12 09:33:39 backup kernel: Initialise system trusted keyrings
Sep 12 09:33:39 backup kernel: Key type blacklist registered
Sep 12 09:33:39 backup kernel: workingset: timestamp_bits=36 max_order=19 bucket_order=0
Sep 12 09:33:39 backup kernel: zbud: loaded
Sep 12 09:33:39 backup kernel: integrity: Platform Keyring initialized
Sep 12 09:33:39 backup kernel: integrity: Machine keyring initialized
Sep 12 09:33:39 backup kernel: Key type asymmetric registered
Sep 12 09:33:39 backup kernel: Asymmetric key parser 'x509' registered
Sep 12 09:33:39 backup kernel: Freeing initrd memory: 30248K
Sep 12 09:33:39 backup kernel: alg: self-tests for CTR-KDF (hmac(sha256)) passed
Sep 12 09:33:39 backup kernel: Block layer SCSI generic (bsg) driver version 0.4 loaded (major 248)
Sep 12 09:33:39 backup kernel: io scheduler mq-deadline registered
Sep 12 09:33:39 backup kernel: pcieport 0000:00:02.0: PME: Signaling with IRQ 24
Sep 12 09:33:39 backup kernel: pcieport 0000:00:02.0: AER: enabled with IRQ 24
Sep 12 09:33:39 backup kernel: pcieport 0000:00:02.1: PME: Signaling with IRQ 25
Sep 12 09:33:39 backup kernel: pcieport 0000:00:02.1: AER: enabled with IRQ 25
Sep 12 09:33:39 backup kernel: pcieport 0000:00:02.2: PME: Signaling with IRQ 26
Sep 12 09:33:39 backup kernel: pcieport 0000:00:02.2: AER: enabled with IRQ 26
Sep 12 09:33:39 backup kernel: pcieport 0000:00:02.3: PME: Signaling with IRQ 27
Sep 12 09:33:39 backup kernel: pcieport 0000:00:02.3: AER: enabled with IRQ 27
Sep 12 09:33:39 backup kernel: pcieport 0000:00:02.4: PME: Signaling with IRQ 28
Sep 12 09:33:39 backup kernel: pcieport 0000:00:02.4: AER: enabled with IRQ 28
Sep 12 09:33:39 backup kernel: pcieport 0000:00:02.5: PME: Signaling with IRQ 29
Sep 12 09:33:39 backup kernel: pcieport 0000:00:02.5: AER: enabled with IRQ 29
Sep 12 09:33:39 backup kernel: pcieport 0000:00:02.6: PME: Signaling with IRQ 30
Sep 12 09:33:39 backup kernel: pcieport 0000:00:02.6: AER: enabled with IRQ 30
Sep 12 09:33:39 backup kernel: pcieport 0000:00:02.7: PME: Signaling with IRQ 31
Sep 12 09:33:39 backup kernel: pcieport 0000:00:02.7: AER: enabled with IRQ 31
Sep 12 09:33:39 backup kernel: ACPI: \_SB_.GSIH: Enabled at IRQ 23
Sep 12 09:33:39 backup kernel: pcieport 0000:00:03.0: PME: Signaling with IRQ 32
Sep 12 09:33:39 backup kernel: pcieport 0000:00:03.0: AER: enabled with IRQ 32
Sep 12 09:33:39 backup kernel: pcieport 0000:00:03.1: PME: Signaling with IRQ 33
Sep 12 09:33:39 backup kernel: pcieport 0000:00:03.1: AER: enabled with IRQ 33
Sep 12 09:33:39 backup kernel: pcieport 0000:00:03.2: PME: Signaling with IRQ 34
Sep 12 09:33:39 backup kernel: pcieport 0000:00:03.2: AER: enabled with IRQ 34
Sep 12 09:33:39 backup kernel: pcieport 0000:00:03.3: PME: Signaling with IRQ 35
Sep 12 09:33:39 backup kernel: pcieport 0000:00:03.3: AER: enabled with IRQ 35
Sep 12 09:33:39 backup kernel: pcieport 0000:00:03.4: PME: Signaling with IRQ 36
Sep 12 09:33:39 backup kernel: pcieport 0000:00:03.4: AER: enabled with IRQ 36
Sep 12 09:33:39 backup kernel: pcieport 0000:00:03.5: PME: Signaling with IRQ 37
Sep 12 09:33:39 backup kernel: pcieport 0000:00:03.5: AER: enabled with IRQ 37
Sep 12 09:33:39 backup kernel: shpchp: Standard Hot Plug PCI Controller Driver version: 0.4
Sep 12 09:33:39 backup kernel: Serial: 8250/16550 driver, 4 ports, IRQ sharing enabled
Sep 12 09:33:39 backup kernel: 00:00: ttyS0 at I/O 0x3f8 (irq = 4, base_baud = 115200) is a 16550A
Sep 12 09:33:39 backup kernel: Linux agpgart interface v0.103
Sep 12 09:33:39 backup kernel: AMD-Vi: AMD IOMMUv2 functionality not available on this system - This is not a bug.
Sep 12 09:33:39 backup kernel: i8042: PNP: PS/2 Controller [PNP0303:KBD,PNP0f13:MOU] at 0x60,0x64 irq 1,12
Sep 12 09:33:39 backup kernel: serio: i8042 KBD port at 0x60,0x64 irq 1
Sep 12 09:33:39 backup kernel: serio: i8042 AUX port at 0x60,0x64 irq 12
Sep 12 09:33:39 backup kernel: mousedev: PS/2 mouse device common for all mice
Sep 12 09:33:39 backup kernel: rtc_cmos 00:03: RTC can wake from S4
Sep 12 09:33:39 backup kernel: input: AT Translated Set 2 keyboard as /devices/platform/i8042/serio0/input/input0
Sep 12 09:33:39 backup kernel: rtc_cmos 00:03: registered as rtc0
Sep 12 09:33:39 backup kernel: rtc_cmos 00:03: setting system clock to 2024-09-12T08:33:38 UTC (1726130018)
Sep 12 09:33:39 backup kernel: rtc_cmos 00:03: alarms up to one day, y3k, 242 bytes nvram
Sep 12 09:33:39 backup kernel: ledtrig-cpu: registered to indicate activity on CPUs
Sep 12 09:33:39 backup kernel: NET: Registered PF_INET6 protocol family
Sep 12 09:33:39 backup kernel: Segment Routing with IPv6
Sep 12 09:33:39 backup kernel: In-situ OAM (IOAM) with IPv6
Sep 12 09:33:39 backup kernel: mip6: Mobile IPv6
Sep 12 09:33:39 backup kernel: NET: Registered PF_PACKET protocol family
Sep 12 09:33:39 backup kernel: mpls_gso: MPLS GSO support
Sep 12 09:33:39 backup kernel: IPI shorthand broadcast: enabled
Sep 12 09:33:39 backup kernel: sched_clock: Marking stable (477704486, 10592645)->(504275960, -15978829)
Sep 12 09:33:39 backup kernel: registered taskstats version 1
Sep 12 09:33:39 backup kernel: Loading compiled-in X.509 certificates
Sep 12 09:33:39 backup kernel: Loaded X.509 cert 'Debian Secure Boot CA: 6ccece7e4c6c0d1f6149f3dd27dfcc5cbb419ea1'
Sep 12 09:33:39 backup kernel: Loaded X.509 cert 'Debian Secure Boot Signer 2022 - linux: 14011249c2675ea8e5148542202005810584b25f'
Sep 12 09:33:39 backup kernel: zswap: loaded using pool lzo/zbud
Sep 12 09:33:39 backup kernel: Key type .fscrypt registered
Sep 12 09:33:39 backup kernel: Key type fscrypt-provisioning registered
Sep 12 09:33:39 backup kernel: Key type encrypted registered
Sep 12 09:33:39 backup kernel: AppArmor: AppArmor sha1 policy hashing enabled
Sep 12 09:33:39 backup kernel: ima: No TPM chip found, activating TPM-bypass!
Sep 12 09:33:39 backup kernel: ima: Allocated hash algorithm: sha256
Sep 12 09:33:39 backup kernel: ima: No architecture policies found
Sep 12 09:33:39 backup kernel: evm: Initialising EVM extended attributes:
Sep 12 09:33:39 backup kernel: evm: security.selinux
Sep 12 09:33:39 backup kernel: evm: security.SMACK64 (disabled)
Sep 12 09:33:39 backup kernel: evm: security.SMACK64EXEC (disabled)
Sep 12 09:33:39 backup kernel: evm: security.SMACK64TRANSMUTE (disabled)
Sep 12 09:33:39 backup kernel: evm: security.SMACK64MMAP (disabled)
Sep 12 09:33:39 backup kernel: evm: security.apparmor
Sep 12 09:33:39 backup kernel: evm: security.ima
Sep 12 09:33:39 backup kernel: evm: security.capability
Sep 12 09:33:39 backup kernel: evm: HMAC attrs: 0x1
Sep 12 09:33:39 backup kernel: clk: Disabling unused clocks
Sep 12 09:33:39 backup kernel: Freeing unused decrypted memory: 2036K
Sep 12 09:33:39 backup kernel: Freeing unused kernel image (initmem) memory: 2796K
Sep 12 09:33:39 backup kernel: Write protecting the kernel read-only data: 26624k
Sep 12 09:33:39 backup kernel: Freeing unused kernel image (text/rodata gap) memory: 2040K
Sep 12 09:33:39 backup kernel: Freeing unused kernel image (rodata/data gap) memory: 1168K
Sep 12 09:33:39 backup kernel: x86/mm: Checked W+X mappings: passed, no W+X pages found.
Sep 12 09:33:39 backup kernel: Run /init as init process
Sep 12 09:33:39 backup kernel:   with arguments:
Sep 12 09:33:39 backup kernel:     /init
Sep 12 09:33:39 backup kernel:   with environment:
Sep 12 09:33:39 backup kernel:     HOME=/
Sep 12 09:33:39 backup kernel:     TERM=linux
Sep 12 09:33:39 backup kernel:     BOOT_IMAGE=/boot/vmlinuz-6.1.0-25-amd64
Sep 12 09:33:39 backup kernel: ACPI: \_SB_.GSIF: Enabled at IRQ 21
Sep 12 09:33:39 backup kernel: lpc_ich 0000:00:1f.0: I/O space for GPIO uninitialized
Sep 12 09:33:39 backup kernel: ACPI: \_SB_.GSIA: Enabled at IRQ 16
Sep 12 09:33:39 backup kernel: i801_smbus 0000:00:1f.3: SMBus using PCI interrupt
Sep 12 09:33:39 backup kernel: i2c i2c-0: 1/1 memory slots populated (from DMI)
Sep 12 09:33:39 backup kernel: i2c i2c-0: Memory type 0x07 not supported yet, not instantiating SPD
Sep 12 09:33:39 backup kernel: SCSI subsystem initialized
Sep 12 09:33:39 backup kernel: virtio_blk virtio3: 2/0/0 default/read/poll queues
Sep 12 09:33:39 backup kernel: virtio_blk virtio3: [vda] 41943040 512-byte logical blocks (21.5 GB/20.0 GiB)
Sep 12 09:33:39 backup kernel:  vda: vda1 vda2 < vda5 >
Sep 12 09:33:39 backup kernel: ACPI: bus type USB registered
Sep 12 09:33:39 backup kernel: usbcore: registered new interface driver usbfs
Sep 12 09:33:39 backup kernel: usbcore: registered new interface driver hub
Sep 12 09:33:39 backup kernel: usbcore: registered new device driver usb
Sep 12 09:33:39 backup kernel: libata version 3.00 loaded.
Sep 12 09:33:39 backup kernel: xhci_hcd 0000:02:00.0: xHCI Host Controller
Sep 12 09:33:39 backup kernel: xhci_hcd 0000:02:00.0: new USB bus registered, assigned bus number 1
Sep 12 09:33:39 backup kernel: xhci_hcd 0000:02:00.0: hcc params 0x00087001 hci version 0x100 quirks 0x0000000000000010
Sep 12 09:33:39 backup kernel: xhci_hcd 0000:02:00.0: xHCI Host Controller
Sep 12 09:33:39 backup kernel: xhci_hcd 0000:02:00.0: new USB bus registered, assigned bus number 2
Sep 12 09:33:39 backup kernel: xhci_hcd 0000:02:00.0: Host supports USB 3.0 SuperSpeed
Sep 12 09:33:39 backup kernel: usb usb1: New USB device found, idVendor=1d6b, idProduct=0002, bcdDevice= 6.01
Sep 12 09:33:39 backup kernel: usb usb1: New USB device strings: Mfr=3, Product=2, SerialNumber=1
Sep 12 09:33:39 backup kernel: usb usb1: Product: xHCI Host Controller
Sep 12 09:33:39 backup kernel: usb usb1: Manufacturer: Linux 6.1.0-25-amd64 xhci-hcd
Sep 12 09:33:39 backup kernel: usb usb1: SerialNumber: 0000:02:00.0
Sep 12 09:33:39 backup kernel: hub 1-0:1.0: USB hub found
Sep 12 09:33:39 backup kernel: hub 1-0:1.0: 15 ports detected
Sep 12 09:33:39 backup kernel: usb usb2: We don't know the algorithms for LPM for this host, disabling LPM.
Sep 12 09:33:39 backup kernel: usb usb2: New USB device found, idVendor=1d6b, idProduct=0003, bcdDevice= 6.01
Sep 12 09:33:39 backup kernel: usb usb2: New USB device strings: Mfr=3, Product=2, SerialNumber=1
Sep 12 09:33:39 backup kernel: usb usb2: Product: xHCI Host Controller
Sep 12 09:33:39 backup kernel: usb usb2: Manufacturer: Linux 6.1.0-25-amd64 xhci-hcd
Sep 12 09:33:39 backup kernel: usb usb2: SerialNumber: 0000:02:00.0
Sep 12 09:33:39 backup kernel: hub 2-0:1.0: USB hub found
Sep 12 09:33:39 backup kernel: hub 2-0:1.0: 15 ports detected
Sep 12 09:33:39 backup kernel: ahci 0000:00:1f.2: version 3.0
Sep 12 09:33:39 backup kernel: ahci 0000:00:1f.2: AHCI 0001.0000 32 slots 6 ports 1.5 Gbps 0x3f impl SATA mode
Sep 12 09:33:39 backup kernel: ahci 0000:00:1f.2: flags: 64bit ncq only 
Sep 12 09:33:39 backup kernel: scsi host0: ahci
Sep 12 09:33:39 backup kernel: scsi host1: ahci
Sep 12 09:33:39 backup kernel: scsi host2: ahci
Sep 12 09:33:39 backup kernel: scsi host3: ahci
Sep 12 09:33:39 backup kernel: scsi host4: ahci
Sep 12 09:33:39 backup kernel: scsi host5: ahci
Sep 12 09:33:39 backup kernel: ata1: SATA max UDMA/133 abar m4096@0xfea23000 port 0xfea23100 irq 47
Sep 12 09:33:39 backup kernel: ata2: SATA max UDMA/133 abar m4096@0xfea23000 port 0xfea23180 irq 47
Sep 12 09:33:39 backup kernel: ata3: SATA max UDMA/133 abar m4096@0xfea23000 port 0xfea23200 irq 47
Sep 12 09:33:39 backup kernel: ata4: SATA max UDMA/133 abar m4096@0xfea23000 port 0xfea23280 irq 47
Sep 12 09:33:39 backup kernel: ata5: SATA max UDMA/133 abar m4096@0xfea23000 port 0xfea23300 irq 47
Sep 12 09:33:39 backup kernel: ata6: SATA max UDMA/133 abar m4096@0xfea23000 port 0xfea23380 irq 47
Sep 12 09:33:39 backup kernel: virtio_net virtio1 enp1s0: renamed from eth0
Sep 12 09:33:39 backup kernel: usb 1-1: new high-speed USB device number 2 using xhci_hcd
Sep 12 09:33:39 backup kernel: ata2: SATA link down (SStatus 0 SControl 300)
Sep 12 09:33:39 backup kernel: ata1: SATA link up 1.5 Gbps (SStatus 113 SControl 300)
Sep 12 09:33:39 backup kernel: ata3: SATA link down (SStatus 0 SControl 300)
Sep 12 09:33:39 backup kernel: ata1.00: ATAPI: QEMU DVD-ROM, 2.5+, max UDMA/100
Sep 12 09:33:39 backup kernel: ata1.00: applying bridge limits
Sep 12 09:33:39 backup kernel: ata1.00: configured for UDMA/100
Sep 12 09:33:39 backup kernel: scsi 0:0:0:0: CD-ROM            QEMU     QEMU DVD-ROM     2.5+ PQ: 0 ANSI: 5
Sep 12 09:33:39 backup kernel: ata4: SATA link down (SStatus 0 SControl 300)
Sep 12 09:33:39 backup kernel: ata5: SATA link down (SStatus 0 SControl 300)
Sep 12 09:33:39 backup kernel: ata6: SATA link down (SStatus 0 SControl 300)
Sep 12 09:33:39 backup kernel: usb 1-1: New USB device found, idVendor=0627, idProduct=0001, bcdDevice= 0.00
Sep 12 09:33:39 backup kernel: usb 1-1: New USB device strings: Mfr=1, Product=3, SerialNumber=10
Sep 12 09:33:39 backup kernel: usb 1-1: Product: QEMU USB Tablet
Sep 12 09:33:39 backup kernel: usb 1-1: Manufacturer: QEMU
Sep 12 09:33:39 backup kernel: usb 1-1: SerialNumber: 28754-0000:00:02.1:00.0-1
Sep 12 09:33:39 backup kernel: hid: raw HID events driver (C) Jiri Kosina
Sep 12 09:33:39 backup kernel: usbcore: registered new interface driver usbhid
Sep 12 09:33:39 backup kernel: usbhid: USB HID core driver
Sep 12 09:33:39 backup kernel: input: QEMU QEMU USB Tablet as /devices/pci0000:00/0000:00:02.1/0000:02:00.0/usb1/1-1/1-1:1.0/0003:0627:0001.0001/input/input3
Sep 12 09:33:39 backup kernel: hid-generic 0003:0627:0001.0001: input,hidraw0: USB HID v0.01 Mouse [QEMU QEMU USB Tablet] on usb-0000:02:00.0-1/input0
Sep 12 09:33:39 backup kernel: sr 0:0:0:0: [sr0] scsi3-mmc drive: 4x/4x cd/rw xa/form2 tray
Sep 12 09:33:39 backup kernel: cdrom: Uniform CD-ROM driver Revision: 3.20
Sep 12 09:33:39 backup kernel: sr 0:0:0:0: Attached scsi CD-ROM sr0
Sep 12 09:33:39 backup kernel: input: ImExPS/2 Generic Explorer Mouse as /devices/platform/i8042/serio1/input/input2
Sep 12 09:33:39 backup kernel: PM: Image not found (code -22)
Sep 12 09:33:39 backup kernel: EXT4-fs (vda1): mounted filesystem with ordered data mode. Quota mode: none.
Sep 12 09:33:39 backup kernel: Not activating Mandatory Access Control as /sbin/tomoyo-init does not exist.
Sep 12 09:33:39 backup systemd[1]: Inserted module 'autofs4'
Sep 12 09:33:39 backup systemd[1]: systemd 252.30-1~deb12u2 running in system mode (+PAM +AUDIT +SELINUX +APPARMOR +IMA +SMACK +SECCOMP +GCRYPT -GNUTLS +OPENSSL +ACL +BLKID +CURL +ELFUTILS +FIDO2 +IDN2 -IDN +IPTC +KMOD +LIBCRYPTSETUP +LIBFDISK +PCRE2 -PWQUALITY +P11KIT +QRENCODE +TPM2 +BZIP2 +LZ4 +XZ +ZLIB +ZSTD -BPF_FRAMEWORK -XKBCOMMON +UTMP +SYSVINIT default-hierarchy=unified)
Sep 12 09:33:39 backup systemd[1]: Detected virtualization kvm.
Sep 12 09:33:39 backup systemd[1]: Detected architecture x86-64.
Sep 12 09:33:39 backup systemd[1]: Hostname set to <backup>.
Sep 12 09:33:39 backup systemd[1]: Queued start job for default target graphical.target.
Sep 12 09:33:39 backup systemd[1]: Created slice system-getty.slice - Slice /system/getty.
Sep 12 09:33:39 backup systemd[1]: Created slice system-modprobe.slice - Slice /system/modprobe.
Sep 12 09:33:39 backup systemd[1]: Created slice user.slice - User and Session Slice.
Sep 12 09:33:39 backup systemd[1]: Started systemd-ask-password-console.path - Dispatch Password Requests to Console Directory Watch.
Sep 12 09:33:39 backup systemd[1]: Started systemd-ask-password-wall.path - Forward Password Requests to Wall Directory Watch.
Sep 12 09:33:39 backup systemd[1]: Set up automount proc-sys-fs-binfmt_misc.automount - Arbitrary Executable File Formats File System Automount Point.
Sep 12 09:33:39 backup systemd[1]: Expecting device dev-disk-by\x2duuid-e7770da2\x2db9ef\x2d4b0d\x2d971c\x2d7ce5ba6837b7.device - /dev/disk/by-uuid/e7770da2-b9ef-4b0d-971c-7ce5ba6837b7...
Sep 12 09:33:39 backup systemd[1]: Reached target cryptsetup.target - Local Encrypted Volumes.
Sep 12 09:33:39 backup systemd[1]: Reached target integritysetup.target - Local Integrity Protected Volumes.
Sep 12 09:33:39 backup systemd[1]: Reached target paths.target - Path Units.
Sep 12 09:33:39 backup systemd[1]: Reached target remote-fs.target - Remote File Systems.
Sep 12 09:33:39 backup systemd[1]: Reached target slices.target - Slice Units.
Sep 12 09:33:39 backup systemd[1]: Reached target veritysetup.target - Local Verity Protected Volumes.
Sep 12 09:33:39 backup systemd[1]: Listening on systemd-fsckd.socket - fsck to fsckd communication Socket.
Sep 12 09:33:39 backup systemd[1]: Listening on systemd-initctl.socket - initctl Compatibility Named Pipe.
Sep 12 09:33:39 backup systemd[1]: Listening on systemd-journald-audit.socket - Journal Audit Socket.
Sep 12 09:33:39 backup systemd[1]: Listening on systemd-journald-dev-log.socket - Journal Socket (/dev/log).
Sep 12 09:33:39 backup systemd[1]: Listening on systemd-journald.socket - Journal Socket.
Sep 12 09:33:39 backup systemd[1]: Listening on systemd-udevd-control.socket - udev Control Socket.
Sep 12 09:33:39 backup systemd[1]: Listening on systemd-udevd-kernel.socket - udev Kernel Socket.
Sep 12 09:33:39 backup systemd[1]: Mounting dev-hugepages.mount - Huge Pages File System...
Sep 12 09:33:39 backup systemd[1]: Mounting dev-mqueue.mount - POSIX Message Queue File System...
Sep 12 09:33:39 backup systemd[1]: Mounting sys-kernel-debug.mount - Kernel Debug File System...
Sep 12 09:33:39 backup systemd[1]: Mounting sys-kernel-tracing.mount - Kernel Trace File System...
Sep 12 09:33:39 backup systemd[1]: Starting keyboard-setup.service - Set the console keyboard layout...
Sep 12 09:33:39 backup systemd[1]: Starting kmod-static-nodes.service - Create List of Static Device Nodes...
Sep 12 09:33:39 backup systemd[1]: Starting modprobe@configfs.service - Load Kernel Module configfs...
Sep 12 09:33:39 backup systemd[1]: Starting modprobe@dm_mod.service - Load Kernel Module dm_mod...
Sep 12 09:33:39 backup systemd[1]: Starting modprobe@drm.service - Load Kernel Module drm...
Sep 12 09:33:39 backup systemd[1]: Starting modprobe@efi_pstore.service - Load Kernel Module efi_pstore...
Sep 12 09:33:39 backup systemd[1]: Starting modprobe@fuse.service - Load Kernel Module fuse...
Sep 12 09:33:39 backup systemd[1]: Starting modprobe@loop.service - Load Kernel Module loop...
Sep 12 09:33:39 backup systemd[1]: systemd-fsck-root.service - File System Check on Root Device was skipped because of an unmet condition check (ConditionPathExists=!/run/initramfs/fsck-root).
Sep 12 09:33:39 backup systemd[1]: Starting systemd-journald.service - Journal Service...
Sep 12 09:33:39 backup systemd[1]: Starting systemd-modules-load.service - Load Kernel Modules...
Sep 12 09:33:39 backup systemd[1]: Starting systemd-remount-fs.service - Remount Root and Kernel File Systems...
Sep 12 09:33:39 backup systemd[1]: Starting systemd-udev-trigger.service - Coldplug All udev Devices...
Sep 12 09:33:39 backup kernel: device-mapper: core: CONFIG_IMA_DISABLE_HTABLE is disabled. Duplicate IMA measurements will not be recorded in the IMA log.
Sep 12 09:33:39 backup kernel: device-mapper: uevent: version 1.0.3
Sep 12 09:33:39 backup systemd[1]: Mounted dev-hugepages.mount - Huge Pages File System.
Sep 12 09:33:39 backup systemd[1]: Mounted dev-mqueue.mount - POSIX Message Queue File System.
Sep 12 09:33:39 backup systemd[1]: Mounted sys-kernel-debug.mount - Kernel Debug File System.
Sep 12 09:33:39 backup systemd[1]: Mounted sys-kernel-tracing.mount - Kernel Trace File System.
Sep 12 09:33:39 backup systemd[1]: Finished kmod-static-nodes.service - Create List of Static Device Nodes.
Sep 12 09:33:39 backup systemd[1]: modprobe@configfs.service: Deactivated successfully.
Sep 12 09:33:39 backup systemd[1]: Finished modprobe@configfs.service - Load Kernel Module configfs.
Sep 12 09:33:39 backup systemd[1]: modprobe@efi_pstore.service: Deactivated successfully.
Sep 12 09:33:39 backup systemd[1]: Finished modprobe@efi_pstore.service - Load Kernel Module efi_pstore.
Sep 12 09:33:39 backup kernel: device-mapper: ioctl: 4.47.0-ioctl (2022-07-28) initialised: dm-devel@redhat.com
Sep 12 09:33:39 backup systemd[1]: Mounting sys-kernel-config.mount - Kernel Configuration File System...
Sep 12 09:33:39 backup systemd[1]: modprobe@dm_mod.service: Deactivated successfully.
Sep 12 09:33:39 backup systemd[1]: Finished modprobe@dm_mod.service - Load Kernel Module dm_mod.
Sep 12 09:33:39 backup systemd[1]: Mounted sys-kernel-config.mount - Kernel Configuration File System.
Sep 12 09:33:39 backup kernel: fuse: init (API version 7.37)
Sep 12 09:33:39 backup systemd[1]: Finished systemd-modules-load.service - Load Kernel Modules.
Sep 12 09:33:39 backup systemd[1]: Starting systemd-sysctl.service - Apply Kernel Variables...
Sep 12 09:33:39 backup kernel: loop: module loaded
Sep 12 09:33:39 backup systemd[1]: modprobe@fuse.service: Deactivated successfully.
Sep 12 09:33:39 backup systemd[1]: Finished modprobe@fuse.service - Load Kernel Module fuse.
Sep 12 09:33:39 backup kernel: ACPI: bus type drm_connector registered
Sep 12 09:33:39 backup systemd[1]: modprobe@loop.service: Deactivated successfully.
Sep 12 09:33:39 backup systemd[1]: Finished modprobe@loop.service - Load Kernel Module loop.
Sep 12 09:33:39 backup systemd[1]: Mounting sys-fs-fuse-connections.mount - FUSE Control File System...
Sep 12 09:33:39 backup systemd[1]: systemd-repart.service - Repartition Root Disk was skipped because no trigger condition checks were met.
Sep 12 09:33:39 backup systemd[1]: modprobe@drm.service: Deactivated successfully.
Sep 12 09:33:39 backup systemd[1]: Finished modprobe@drm.service - Load Kernel Module drm.
Sep 12 09:33:39 backup kernel: EXT4-fs (vda1): re-mounted. Quota mode: none.
Sep 12 09:33:39 backup systemd[1]: Finished systemd-remount-fs.service - Remount Root and Kernel File Systems.
Sep 12 09:33:39 backup systemd[1]: systemd-firstboot.service - First Boot Wizard was skipped because of an unmet condition check (ConditionFirstBoot=yes).
Sep 12 09:33:39 backup systemd[1]: systemd-pstore.service - Platform Persistent Storage Archival was skipped because of an unmet condition check (ConditionDirectoryNotEmpty=/sys/fs/pstore).
Sep 12 09:33:39 backup systemd[1]: Starting systemd-random-seed.service - Load/Save Random Seed...
Sep 12 09:33:39 backup systemd[1]: Starting systemd-sysusers.service - Create System Users...
Sep 12 09:33:39 backup systemd[1]: Mounted sys-fs-fuse-connections.mount - FUSE Control File System.
Sep 12 09:33:39 backup systemd[1]: Finished systemd-random-seed.service - Load/Save Random Seed.
Sep 12 09:33:39 backup systemd[1]: first-boot-complete.target - First Boot Complete was skipped because of an unmet condition check (ConditionFirstBoot=yes).
Sep 12 09:33:39 backup systemd[1]: Finished systemd-sysctl.service - Apply Kernel Variables.
Sep 12 09:33:39 backup systemd[1]: Finished systemd-sysusers.service - Create System Users.
Sep 12 09:33:39 backup systemd[1]: Starting systemd-tmpfiles-setup-dev.service - Create Static Device Nodes in /dev...
Sep 12 09:33:39 backup systemd-journald[237]: Journal started
Sep 12 09:33:39 backup systemd-journald[237]: Runtime Journal (/run/log/journal/71b740fa0b7c4cf9b2b10aacd6cc3da3) is 2.4M, max 19.6M, 17.2M free.
Sep 12 09:33:39 backup systemd[1]: Starting systemd-journal-flush.service - Flush Journal to Persistent Storage...
Sep 12 09:33:39 backup systemd[1]: Started systemd-journald.service - Journal Service.
Sep 12 09:33:39 backup systemd-journald[237]: Time spent on flushing to /var/log/journal/71b740fa0b7c4cf9b2b10aacd6cc3da3 is 3.710ms for 796 entries.
Sep 12 09:33:39 backup systemd-journald[237]: System Journal (/var/log/journal/71b740fa0b7c4cf9b2b10aacd6cc3da3) is 8.0M, max 1.8G, 1.8G free.
Sep 12 09:33:40 backup systemd-journald[237]: Received client request to flush runtime journal.
Sep 12 09:33:39 backup systemd[1]: Finished systemd-tmpfiles-setup-dev.service - Create Static Device Nodes in /dev.
Sep 12 09:33:40 backup systemd[1]: Starting systemd-udevd.service - Rule-based Manager for Device Events and Files...
Sep 12 09:33:40 backup systemd[1]: Finished systemd-journal-flush.service - Flush Journal to Persistent Storage.
Sep 12 09:33:40 backup systemd-udevd[263]: Using default interface naming scheme 'v252'.
Sep 12 09:33:40 backup systemd[1]: Started systemd-udevd.service - Rule-based Manager for Device Events and Files.
Sep 12 09:33:40 backup systemd[1]: Finished systemd-udev-trigger.service - Coldplug All udev Devices.
Sep 12 09:33:40 backup systemd[1]: Starting ifupdown-pre.service - Helper to synchronize boot up for ifupdown...
Sep 12 09:33:40 backup systemd[1]: Finished keyboard-setup.service - Set the console keyboard layout.
Sep 12 09:33:40 backup systemd[1]: Reached target local-fs-pre.target - Preparation for Local File Systems.
Sep 12 09:33:40 backup systemd[1]: Reached target local-fs.target - Local File Systems.
Sep 12 09:33:40 backup systemd[1]: Starting apparmor.service - Load AppArmor profiles...
Sep 12 09:33:40 backup systemd[1]: Starting console-setup.service - Set console font and keymap...
Sep 12 09:33:40 backup systemd[1]: Starting systemd-binfmt.service - Set Up Additional Binary Formats...
Sep 12 09:33:40 backup systemd[1]: systemd-machine-id-commit.service - Commit a transient machine-id on disk was skipped because of an unmet condition check (ConditionPathIsMountPoint=/etc/machine-id).
Sep 12 09:33:40 backup systemd[1]: Starting systemd-tmpfiles-setup.service - Create System Files and Directories...
Sep 12 09:33:40 backup systemd[1]: Finished ifupdown-pre.service - Helper to synchronize boot up for ifupdown.
Sep 12 09:33:40 backup kernel: sr 0:0:0:0: Attached scsi generic sg0 type 5
Sep 12 09:33:40 backup systemd[1]: proc-sys-fs-binfmt_misc.automount: Got automount request for /proc/sys/fs/binfmt_misc, triggered by 283 (systemd-binfmt)
Sep 12 09:33:40 backup systemd[1]: Found device dev-disk-by\x2duuid-e7770da2\x2db9ef\x2d4b0d\x2d971c\x2d7ce5ba6837b7.device - /dev/disk/by-uuid/e7770da2-b9ef-4b0d-971c-7ce5ba6837b7.
Sep 12 09:33:40 backup systemd[1]: Activating swap dev-disk-by\x2duuid-e7770da2\x2db9ef\x2d4b0d\x2d971c\x2d7ce5ba6837b7.swap - /dev/disk/by-uuid/e7770da2-b9ef-4b0d-971c-7ce5ba6837b7...
Sep 12 09:33:40 backup kernel: input: Power Button as /devices/LNXSYSTM:00/LNXPWRBN:00/input/input4
Sep 12 09:33:40 backup apparmor.systemd[281]: Restarting AppArmor
Sep 12 09:33:40 backup apparmor.systemd[281]: Reloading AppArmor profiles
Sep 12 09:33:40 backup kernel: ACPI: button: Power Button [PWRF]
Sep 12 09:33:40 backup systemd[1]: Finished console-setup.service - Set console font and keymap.
Sep 12 09:33:40 backup systemd[1]: Activated swap dev-disk-by\x2duuid-e7770da2\x2db9ef\x2d4b0d\x2d971c\x2d7ce5ba6837b7.swap - /dev/disk/by-uuid/e7770da2-b9ef-4b0d-971c-7ce5ba6837b7.
Sep 12 09:33:40 backup systemd[1]: Reached target swap.target - Swaps.
Sep 12 09:33:40 backup kernel: Adding 998396k swap on /dev/vda5.  Priority:-2 extents:1 across:998396k FS
Sep 12 09:33:40 backup systemd[1]: Finished systemd-tmpfiles-setup.service - Create System Files and Directories.
Sep 12 09:33:40 backup systemd[1]: Starting systemd-timesyncd.service - Network Time Synchronization...
Sep 12 09:33:40 backup systemd[1]: Starting systemd-update-utmp.service - Record System Boot/Shutdown in UTMP...
Sep 12 09:33:40 backup kernel: input: PC Speaker as /devices/platform/pcspkr/input/input5
Sep 12 09:33:40 backup kernel: iTCO_vendor_support: vendor-support=0
Sep 12 09:33:40 backup systemd[1]: Expecting device sys-subsystem-net-devices-enp1s0.device - /sys/subsystem/net/devices/enp1s0...
Sep 12 09:33:40 backup kernel: iTCO_wdt iTCO_wdt.1.auto: Found a ICH9 TCO device (Version=2, TCOBASE=0x0660)
Sep 12 09:33:40 backup kernel: iTCO_wdt iTCO_wdt.1.auto: initialized. heartbeat=30 sec (nowayout=0)
Sep 12 09:33:40 backup kernel: [drm] pci: virtio-vga detected at 0000:00:01.0
Sep 12 09:33:40 backup kernel: virtio-pci 0000:00:01.0: vgaarb: deactivate vga console
Sep 12 09:33:40 backup kernel: cryptd: max_cpu_qlen set to 1000
Sep 12 09:33:40 backup kernel: AVX2 version of gcm_enc/dec engaged.
Sep 12 09:33:40 backup kernel: AES CTR mode by8 optimization enabled
Sep 12 09:33:40 backup systemd[1]: Starting modprobe@dm_mod.service - Load Kernel Module dm_mod...
Sep 12 09:33:40 backup systemd[1]: Starting modprobe@efi_pstore.service - Load Kernel Module efi_pstore...
Sep 12 09:33:40 backup systemd[1]: Starting modprobe@loop.service - Load Kernel Module loop...
Sep 12 09:33:40 backup systemd[1]: systemd-firstboot.service - First Boot Wizard was skipped because of an unmet condition check (ConditionFirstBoot=yes).
Sep 12 09:33:40 backup systemd[1]: first-boot-complete.target - First Boot Complete was skipped because of an unmet condition check (ConditionFirstBoot=yes).
Sep 12 09:33:40 backup systemd[1]: systemd-machine-id-commit.service - Commit a transient machine-id on disk was skipped because of an unmet condition check (ConditionPathIsMountPoint=/etc/machine-id).
Sep 12 09:33:40 backup systemd[1]: Finished systemd-update-utmp.service - Record System Boot/Shutdown in UTMP.
Sep 12 09:33:40 backup systemd[1]: modprobe@dm_mod.service: Deactivated successfully.
Sep 12 09:33:40 backup systemd[1]: Finished modprobe@dm_mod.service - Load Kernel Module dm_mod.
Sep 12 09:33:40 backup systemd[1]: modprobe@efi_pstore.service: Deactivated successfully.
Sep 12 09:33:40 backup systemd[1]: Finished modprobe@efi_pstore.service - Load Kernel Module efi_pstore.
Sep 12 09:33:40 backup systemd[1]: modprobe@loop.service: Deactivated successfully.
Sep 12 09:33:40 backup systemd[1]: Finished modprobe@loop.service - Load Kernel Module loop.
Sep 12 09:33:40 backup systemd[1]: Found device sys-subsystem-net-devices-enp1s0.device - Virtio 1.0 network device.
Sep 12 09:33:40 backup systemd[1]: systemd-pstore.service - Platform Persistent Storage Archival was skipped because of an unmet condition check (ConditionDirectoryNotEmpty=/sys/fs/pstore).
Sep 12 09:33:40 backup systemd[1]: systemd-repart.service - Repartition Root Disk was skipped because no trigger condition checks were met.
Sep 12 09:33:40 backup kernel: Console: switching to colour dummy device 80x25
Sep 12 09:33:40 backup kernel: [drm] features: -virgl +edid -resource_blob -host_visible
Sep 12 09:33:40 backup kernel: [drm] features: -context_init
Sep 12 09:33:40 backup kernel: [drm] number of scanouts: 1
Sep 12 09:33:40 backup kernel: [drm] number of cap sets: 0
Sep 12 09:33:40 backup kernel: [drm] Initialized virtio_gpu 0.1.0 0 for 0000:00:01.0 on minor 0
Sep 12 09:33:40 backup kernel: fbcon: virtio_gpudrmfb (fb0) is primary device
Sep 12 09:33:40 backup kernel: virtio-pci 0000:00:01.0: [drm] drm_plane_enable_fb_damage_clips() not called
Sep 12 09:33:40 backup kernel: Console: switching to colour frame buffer device 160x50
Sep 12 09:33:40 backup kernel: virtio-pci 0000:00:01.0: [drm] fb0: virtio_gpudrmfb frame buffer device
Sep 12 09:33:40 backup audit[309]: AVC apparmor="STATUS" operation="profile_load" profile="unconfined" name="lsb_release" pid=309 comm="apparmor_parser"
Sep 12 09:33:40 backup kernel: audit: type=1400 audit(1726130020.276:2): apparmor="STATUS" operation="profile_load" profile="unconfined" name="lsb_release" pid=309 comm="apparmor_parser"
Sep 12 09:33:40 backup audit[310]: AVC apparmor="STATUS" operation="profile_load" profile="unconfined" name="nvidia_modprobe" pid=310 comm="apparmor_parser"
Sep 12 09:33:40 backup audit[310]: AVC apparmor="STATUS" operation="profile_load" profile="unconfined" name="nvidia_modprobe//kmod" pid=310 comm="apparmor_parser"
Sep 12 09:33:40 backup kernel: audit: type=1400 audit(1726130020.280:3): apparmor="STATUS" operation="profile_load" profile="unconfined" name="nvidia_modprobe" pid=310 comm="apparmor_parser"
Sep 12 09:33:40 backup kernel: audit: type=1400 audit(1726130020.280:4): apparmor="STATUS" operation="profile_load" profile="unconfined" name="nvidia_modprobe//kmod" pid=310 comm="apparmor_parser"
Sep 12 09:33:40 backup kernel: snd_hda_codec_generic hdaudioC0D0: autoconfig for Generic: line_outs=1 (0x3/0x0/0x0/0x0/0x0) type:line
Sep 12 09:33:40 backup kernel: snd_hda_codec_generic hdaudioC0D0:    speaker_outs=0 (0x0/0x0/0x0/0x0/0x0)
Sep 12 09:33:40 backup kernel: snd_hda_codec_generic hdaudioC0D0:    hp_outs=0 (0x0/0x0/0x0/0x0/0x0)
Sep 12 09:33:40 backup kernel: snd_hda_codec_generic hdaudioC0D0:    mono: mono_out=0x0
Sep 12 09:33:40 backup kernel: snd_hda_codec_generic hdaudioC0D0:    inputs:
Sep 12 09:33:40 backup kernel: snd_hda_codec_generic hdaudioC0D0:      Line=0x5
Sep 12 09:33:40 backup systemd[1]: Reached target sound.target - Sound Card.
Sep 12 09:33:40 backup audit[349]: AVC apparmor="STATUS" operation="profile_load" profile="unconfined" name="/usr/bin/man" pid=349 comm="apparmor_parser"
Sep 12 09:33:40 backup kernel: audit: type=1400 audit(1726130020.348:5): apparmor="STATUS" operation="profile_load" profile="unconfined" name="/usr/bin/man" pid=349 comm="apparmor_parser"
Sep 12 09:33:40 backup audit[349]: AVC apparmor="STATUS" operation="profile_load" profile="unconfined" name="man_filter" pid=349 comm="apparmor_parser"
Sep 12 09:33:40 backup audit[349]: AVC apparmor="STATUS" operation="profile_load" profile="unconfined" name="man_groff" pid=349 comm="apparmor_parser"
Sep 12 09:33:40 backup kernel: audit: type=1400 audit(1726130020.352:6): apparmor="STATUS" operation="profile_load" profile="unconfined" name="man_filter" pid=349 comm="apparmor_parser"
Sep 12 09:33:40 backup kernel: audit: type=1400 audit(1726130020.352:7): apparmor="STATUS" operation="profile_load" profile="unconfined" name="man_groff" pid=349 comm="apparmor_parser"
Sep 12 09:33:40 backup audit[340]: AVC apparmor="STATUS" operation="profile_load" profile="unconfined" name="/usr/lib/NetworkManager/nm-dhcp-client.action" pid=340 comm="apparmor_parser"
Sep 12 09:33:40 backup kernel: audit: type=1400 audit(1726130020.416:8): apparmor="STATUS" operation="profile_load" profile="unconfined" name="/usr/lib/NetworkManager/nm-dhcp-client.action" pid=340 comm="apparmor_parser"
Sep 12 09:33:40 backup audit[340]: AVC apparmor="STATUS" operation="profile_load" profile="unconfined" name="/usr/lib/NetworkManager/nm-dhcp-helper" pid=340 comm="apparmor_parser"
Sep 12 09:33:40 backup audit[340]: AVC apparmor="STATUS" operation="profile_load" profile="unconfined" name="/usr/lib/connman/scripts/dhclient-script" pid=340 comm="apparmor_parser"
Sep 12 09:33:40 backup kernel: audit: type=1400 audit(1726130020.420:9): apparmor="STATUS" operation="profile_load" profile="unconfined" name="/usr/lib/NetworkManager/nm-dhcp-helper" pid=340 comm="apparmor_parser"
Sep 12 09:33:40 backup kernel: audit: type=1400 audit(1726130020.420:10): apparmor="STATUS" operation="profile_load" profile="unconfined" name="/usr/lib/connman/scripts/dhclient-script" pid=340 comm="apparmor_parser"
Sep 12 09:33:40 backup audit[340]: AVC apparmor="STATUS" operation="profile_load" profile="unconfined" name="/{,usr/}sbin/dhclient" pid=340 comm="apparmor_parser"
Sep 12 09:33:40 backup systemd[1]: Finished apparmor.service - Load AppArmor profiles.
Sep 12 09:33:40 backup kernel: SVM: TSC scaling supported
Sep 12 09:33:40 backup kernel: kvm: Nested Virtualization enabled
Sep 12 09:33:40 backup kernel: SVM: kvm: Nested Paging enabled
Sep 12 09:33:40 backup kernel: SVM: Virtual VMLOAD VMSAVE supported
Sep 12 09:33:40 backup kernel: SVM: Virtual GIF supported
Sep 12 09:33:40 backup kernel: SVM: LBR virtualization supported
Sep 12 09:33:40 backup systemd[1]: Started ifup@enp1s0.service - ifup for enp1s0.
Sep 12 09:33:40 backup systemd[1]: Starting networking.service - Raise network interfaces...
Sep 12 09:33:40 backup dhclient[469]: Internet Systems Consortium DHCP Client 4.4.3-P1
Sep 12 09:33:40 backup sh[469]: Internet Systems Consortium DHCP Client 4.4.3-P1
Sep 12 09:33:40 backup sh[469]: Copyright 2004-2022 Internet Systems Consortium.
Sep 12 09:33:40 backup sh[469]: All rights reserved.
Sep 12 09:33:40 backup sh[469]: For info, please visit https://www.isc.org/software/dhcp/
Sep 12 09:33:40 backup dhclient[469]: Copyright 2004-2022 Internet Systems Consortium.
Sep 12 09:33:40 backup dhclient[469]: All rights reserved.
Sep 12 09:33:40 backup dhclient[469]: For info, please visit https://www.isc.org/software/dhcp/
Sep 12 09:33:40 backup dhclient[469]: 
Sep 12 09:33:40 backup systemd[1]: Finished networking.service - Raise network interfaces.
Sep 12 09:33:40 backup systemd[1]: Reached target network.target - Network.
Sep 12 09:33:40 backup dhclient[469]: Listening on LPF/enp1s0/52:54:00:76:cc:5b
Sep 12 09:33:40 backup sh[469]: Listening on LPF/enp1s0/52:54:00:76:cc:5b
Sep 12 09:33:40 backup sh[469]: Sending on   LPF/enp1s0/52:54:00:76:cc:5b
Sep 12 09:33:40 backup sh[469]: Sending on   Socket/fallback
Sep 12 09:33:40 backup sh[469]: Created duid "\000\001\000\001.uc\344RT\000v\314[".
Sep 12 09:33:40 backup sh[469]: DHCPDISCOVER on enp1s0 to 255.255.255.255 port 67 interval 5
Sep 12 09:33:40 backup dhclient[469]: Sending on   LPF/enp1s0/52:54:00:76:cc:5b
Sep 12 09:33:40 backup dhclient[469]: Sending on   Socket/fallback
Sep 12 09:33:40 backup dhclient[469]: Created duid "\000\001\000\001.uc\344RT\000v\314[".
Sep 12 09:33:40 backup dhclient[469]: DHCPDISCOVER on enp1s0 to 255.255.255.255 port 67 interval 5
Sep 12 09:33:40 backup systemd[1]: Mounting proc-sys-fs-binfmt_misc.mount - Arbitrary Executable File Formats File System...
Sep 12 09:33:40 backup systemd[1]: Mounted proc-sys-fs-binfmt_misc.mount - Arbitrary Executable File Formats File System.
Sep 12 09:33:40 backup systemd[1]: Finished systemd-binfmt.service - Set Up Additional Binary Formats.
Sep 12 09:33:40 backup systemd[1]: Started systemd-timesyncd.service - Network Time Synchronization.
Sep 12 09:33:40 backup systemd[1]: Reached target sysinit.target - System Initialization.
Sep 12 09:33:40 backup systemd[1]: Started systemd-tmpfiles-clean.timer - Daily Cleanup of Temporary Directories.
Sep 12 09:33:40 backup systemd[1]: Reached target time-set.target - System Time Set.
Sep 12 09:33:40 backup systemd[1]: Started apt-daily.timer - Daily apt download activities.
Sep 12 09:33:40 backup systemd[1]: Started apt-daily-upgrade.timer - Daily apt upgrade and clean activities.
Sep 12 09:33:40 backup systemd[1]: Started dpkg-db-backup.timer - Daily dpkg database backup timer.
Sep 12 09:33:40 backup systemd[1]: Started e2scrub_all.timer - Periodic ext4 Online Metadata Check for All Filesystems.
Sep 12 09:33:40 backup systemd[1]: Started fstrim.timer - Discard unused blocks once a week.
Sep 12 09:33:40 backup systemd[1]: Started logrotate.timer - Daily rotation of log files.
Sep 12 09:33:40 backup systemd[1]: Started man-db.timer - Daily man-db regeneration.
Sep 12 09:33:40 backup systemd[1]: Reached target timers.target - Timer Units.
Sep 12 09:33:40 backup systemd[1]: Listening on dbus.socket - D-Bus System Message Bus Socket.
Sep 12 09:33:40 backup systemd[1]: Reached target sockets.target - Socket Units.
Sep 12 09:33:40 backup systemd[1]: systemd-pcrphase-sysinit.service - TPM2 PCR Barrier (Initialization) was skipped because of an unmet condition check (ConditionPathExists=/sys/firmware/efi/efivars/StubPcrKernelImage-4a67b082-0a4c-41cf-b6c7-440b29bb8c4f).
Sep 12 09:33:40 backup systemd[1]: Reached target basic.target - Basic System.
Sep 12 09:33:40 backup systemd[1]: Started cron.service - Regular background program processing daemon.
Sep 12 09:33:40 backup systemd[1]: Starting dbus.service - D-Bus System Message Bus...
Sep 12 09:33:40 backup systemd[1]: Starting e2scrub_reap.service - Remove Stale Online ext4 Metadata Check Snapshots...
Sep 12 09:33:40 backup cron[485]: (CRON) INFO (pidfile fd = 3)
Sep 12 09:33:40 backup systemd[1]: getty-static.service - getty on tty2-tty6 if dbus and logind are not available was skipped because of an unmet condition check (ConditionPathExists=!/usr/bin/dbus-daemon).
Sep 12 09:33:40 backup systemd[1]: Started qemu-guest-agent.service - QEMU Guest Agent.
Sep 12 09:33:40 backup cron[485]: (CRON) INFO (Running @reboot jobs)
Sep 12 09:33:40 backup systemd[1]: Starting ssh.service - OpenBSD Secure Shell server...
Sep 12 09:33:40 backup systemd[1]: Starting systemd-logind.service - User Login Management...
Sep 12 09:33:40 backup systemd[1]: systemd-pcrphase.service - TPM2 PCR Barrier (User) was skipped because of an unmet condition check (ConditionPathExists=/sys/firmware/efi/efivars/StubPcrKernelImage-4a67b082-0a4c-41cf-b6c7-440b29bb8c4f).
Sep 12 09:33:40 backup systemd[1]: Starting systemd-user-sessions.service - Permit User Sessions...
Sep 12 09:33:40 backup systemd[1]: Started dbus.service - D-Bus System Message Bus.
Sep 12 09:33:40 backup systemd[1]: Finished systemd-user-sessions.service - Permit User Sessions.
Sep 12 09:33:40 backup systemd[1]: Started getty@tty1.service - Getty on tty1.
Sep 12 09:33:40 backup systemd[1]: Reached target getty.target - Login Prompts.
Sep 12 09:33:41 backup systemd[1]: e2scrub_reap.service: Deactivated successfully.
Sep 12 09:33:41 backup systemd[1]: Finished e2scrub_reap.service - Remove Stale Online ext4 Metadata Check Snapshots.
Sep 12 09:33:41 backup systemd-logind[490]: New seat seat0.
Sep 12 09:33:41 backup systemd-logind[490]: Watching system buttons on /dev/input/event3 (Power Button)
Sep 12 09:33:41 backup systemd-logind[490]: Watching system buttons on /dev/input/event0 (AT Translated Set 2 keyboard)
Sep 12 09:33:41 backup systemd[1]: Started systemd-logind.service - User Login Management.
Sep 12 09:33:41 backup sshd[494]: Server listening on 0.0.0.0 port 22.
Sep 12 09:33:41 backup sshd[494]: Server listening on :: port 22.
Sep 12 09:33:41 backup systemd[1]: Started ssh.service - OpenBSD Secure Shell server.
Sep 12 09:33:41 backup systemd[1]: Reached target multi-user.target - Multi-User System.
Sep 12 09:33:41 backup systemd[1]: Reached target graphical.target - Graphical Interface.
Sep 12 09:33:41 backup systemd[1]: Starting systemd-update-utmp-runlevel.service - Record Runlevel Change in UTMP...
Sep 12 09:33:41 backup systemd[1]: systemd-update-utmp-runlevel.service: Deactivated successfully.
Sep 12 09:33:41 backup systemd[1]: Finished systemd-update-utmp-runlevel.service - Record Runlevel Change in UTMP.
Sep 12 09:33:41 backup systemd[1]: Startup finished in 1.713s (kernel) + 1.288s (userspace) = 3.002s.
Sep 12 09:33:43 backup dhclient[469]: DHCPOFFER of 10.0.2.147 from 10.0.2.1
Sep 12 09:33:43 backup sh[469]: DHCPOFFER of 10.0.2.147 from 10.0.2.1
Sep 12 09:33:43 backup sh[469]: DHCPREQUEST for 10.0.2.147 on enp1s0 to 255.255.255.255 port 67
Sep 12 09:33:43 backup sh[469]: DHCPACK of 10.0.2.147 from 10.0.2.1
Sep 12 09:33:43 backup dhclient[469]: DHCPREQUEST for 10.0.2.147 on enp1s0 to 255.255.255.255 port 67
Sep 12 09:33:43 backup dhclient[469]: DHCPACK of 10.0.2.147 from 10.0.2.1
Sep 12 09:33:43 backup dhclient[469]: bound to 10.0.2.147 -- renewal in 1691 seconds.
Sep 12 09:33:43 backup sh[469]: bound to 10.0.2.147 -- renewal in 1691 seconds.
Sep 12 09:33:43 backup sh[515]: enp1s0=enp1s0
Sep 12 09:34:11 backup systemd-timesyncd[306]: Contacted time server 194.117.47.42:123 (2.debian.pool.ntp.org).
Sep 12 09:34:11 backup systemd-timesyncd[306]: Initial clock synchronization to Thu 2024-09-12 09:34:11.514924 WEST.
Sep 12 09:35:36 backup login[492]: pam_unix(login:session): session opened for user johnnymusk(uid=1000) by LOGIN(uid=0)
Sep 12 09:35:36 backup systemd[1]: Created slice user-1000.slice - User Slice of UID 1000.
Sep 12 09:35:36 backup systemd[1]: Starting user-runtime-dir@1000.service - User Runtime Directory /run/user/1000...
Sep 12 09:35:36 backup systemd-logind[490]: New session 1 of user johnnymusk.
Sep 12 09:35:36 backup systemd[1]: Finished user-runtime-dir@1000.service - User Runtime Directory /run/user/1000.
Sep 12 09:35:36 backup systemd[1]: Starting user@1000.service - User Manager for UID 1000...
Sep 12 09:35:36 backup (systemd)[521]: pam_unix(systemd-user:session): session opened for user johnnymusk(uid=1000) by (uid=0)
Sep 12 09:35:36 backup systemd[521]: Queued start job for default target default.target.
Sep 12 09:35:36 backup systemd[521]: Created slice app.slice - User Application Slice.
Sep 12 09:35:36 backup systemd[521]: Reached target paths.target - Paths.
Sep 12 09:35:36 backup systemd[521]: Reached target timers.target - Timers.
Sep 12 09:35:36 backup systemd[521]: Starting dbus.socket - D-Bus User Message Bus Socket...
Sep 12 09:35:36 backup systemd[521]: Listening on dbus.socket - D-Bus User Message Bus Socket.
Sep 12 09:35:36 backup systemd[521]: Reached target sockets.target - Sockets.
Sep 12 09:35:36 backup systemd[521]: Reached target basic.target - Basic System.
Sep 12 09:35:36 backup systemd[1]: Started user@1000.service - User Manager for UID 1000.
Sep 12 09:35:36 backup systemd[1]: Started session-1.scope - Session 1 of User johnnymusk.
Sep 12 09:35:36 backup systemd[521]: Reached target default.target - Main User Target.
Sep 12 09:35:36 backup systemd[521]: Startup finished in 58ms.
Sep 12 09:35:57 backup qemu-ga[488]: info: guest-shutdown called, mode: powerdown
Sep 12 09:35:57 backup systemd-logind[490]: Creating /run/nologin, blocking further logins...
Sep 12 09:35:57 backup systemd-logind[490]: System is powering down (hypervisor initiated shutdown).
Sep 12 09:35:57 backup systemd[1]: Stopping session-1.scope - Session 1 of User johnnymusk...
Sep 12 09:35:57 backup sshd[494]: Received signal 15; terminating.
Sep 12 09:35:57 backup systemd[1]: Removed slice system-modprobe.slice - Slice /system/modprobe.
Sep 12 09:35:57 backup systemd[1]: Stopped target graphical.target - Graphical Interface.
Sep 12 09:35:57 backup systemd[1]: Stopped target multi-user.target - Multi-User System.
Sep 12 09:35:57 backup systemd[1]: Stopped target getty.target - Login Prompts.
Sep 12 09:35:57 backup systemd[1]: Stopped target sound.target - Sound Card.
Sep 12 09:35:57 backup systemd[1]: Stopped target timers.target - Timer Units.
Sep 12 09:35:57 backup systemd[1]: apt-daily-upgrade.timer: Deactivated successfully.
Sep 12 09:35:57 backup systemd[1]: Stopped apt-daily-upgrade.timer - Daily apt upgrade and clean activities.
Sep 12 09:35:57 backup systemd[1]: apt-daily.timer: Deactivated successfully.
Sep 12 09:35:57 backup systemd[1]: Stopped apt-daily.timer - Daily apt download activities.
Sep 12 09:35:57 backup systemd[1]: dpkg-db-backup.timer: Deactivated successfully.
Sep 12 09:35:57 backup systemd[1]: Stopped dpkg-db-backup.timer - Daily dpkg database backup timer.
Sep 12 09:35:57 backup systemd[1]: e2scrub_all.timer: Deactivated successfully.
Sep 12 09:35:57 backup systemd[1]: Stopped e2scrub_all.timer - Periodic ext4 Online Metadata Check for All Filesystems.
Sep 12 09:35:57 backup systemd[1]: fstrim.timer: Deactivated successfully.
Sep 12 09:35:57 backup systemd[1]: Stopped fstrim.timer - Discard unused blocks once a week.
Sep 12 09:35:57 backup systemd[1]: logrotate.timer: Deactivated successfully.
Sep 12 09:35:57 backup systemd[1]: Stopped logrotate.timer - Daily rotation of log files.
Sep 12 09:35:57 backup systemd[1]: man-db.timer: Deactivated successfully.
Sep 12 09:35:57 backup systemd[1]: Stopped man-db.timer - Daily man-db regeneration.
Sep 12 09:35:57 backup systemd[1]: systemd-tmpfiles-clean.timer: Deactivated successfully.
Sep 12 09:35:57 backup systemd[1]: Stopped systemd-tmpfiles-clean.timer - Daily Cleanup of Temporary Directories.
Sep 12 09:35:57 backup systemd[1]: Stopped target time-set.target - System Time Set.
Sep 12 09:35:57 backup systemd[1]: Stopping cron.service - Regular background program processing daemon...
Sep 12 09:35:57 backup systemd[1]: Stopping getty@tty1.service - Getty on tty1...
Sep 12 09:35:57 backup systemd[1]: Stopping qemu-guest-agent.service - QEMU Guest Agent...
Sep 12 09:35:57 backup systemd[1]: Stopping ssh.service - OpenBSD Secure Shell server...
Sep 12 09:35:57 backup systemd[1]: Stopping systemd-random-seed.service - Load/Save Random Seed...
Sep 12 09:35:57 backup systemd[1]: cron.service: Deactivated successfully.
Sep 12 09:35:57 backup systemd[1]: Stopped cron.service - Regular background program processing daemon.
Sep 12 09:35:57 backup systemd[1]: qemu-guest-agent.service: Deactivated successfully.
Sep 12 09:35:57 backup systemd[1]: Stopped qemu-guest-agent.service - QEMU Guest Agent.
Sep 12 09:35:57 backup systemd[1]: getty@tty1.service: Deactivated successfully.
Sep 12 09:35:57 backup systemd[1]: Stopped getty@tty1.service - Getty on tty1.
Sep 12 09:35:57 backup systemd[1]: ssh.service: Deactivated successfully.
Sep 12 09:35:57 backup systemd[1]: Stopped ssh.service - OpenBSD Secure Shell server.
Sep 12 09:35:57 backup systemd[1]: session-1.scope: Deactivated successfully.
Sep 12 09:35:57 backup systemd[1]: Stopped session-1.scope - Session 1 of User johnnymusk.
Sep 12 09:35:57 backup systemd[1]: Removed slice system-getty.slice - Slice /system/getty.
Sep 12 09:35:57 backup systemd[1]: Stopping systemd-logind.service - User Login Management...
Sep 12 09:35:57 backup systemd[1]: Stopping user@1000.service - User Manager for UID 1000...
Sep 12 09:35:57 backup systemd-logind[490]: Session 1 logged out. Waiting for processes to exit.
Sep 12 09:35:57 backup systemd[521]: Activating special unit exit.target...
Sep 12 09:35:57 backup systemd[521]: Stopped target default.target - Main User Target.
Sep 12 09:35:57 backup systemd[521]: Stopped target basic.target - Basic System.
Sep 12 09:35:57 backup systemd[521]: Stopped target paths.target - Paths.
Sep 12 09:35:57 backup systemd[521]: Stopped target sockets.target - Sockets.
Sep 12 09:35:57 backup systemd[521]: Stopped target timers.target - Timers.
Sep 12 09:35:57 backup systemd[521]: Closed dbus.socket - D-Bus User Message Bus Socket.
Sep 12 09:35:57 backup systemd[521]: Removed slice app.slice - User Application Slice.
Sep 12 09:35:57 backup systemd[521]: Reached target shutdown.target - Shutdown.
Sep 12 09:35:57 backup systemd[521]: Finished systemd-exit.service - Exit the Session.
Sep 12 09:35:57 backup systemd[521]: Reached target exit.target - Exit the Session.
Sep 12 09:35:57 backup systemd[1]: systemd-random-seed.service: Deactivated successfully.
Sep 12 09:35:57 backup systemd[1]: Stopped systemd-random-seed.service - Load/Save Random Seed.
Sep 12 09:35:57 backup systemd[1]: systemd-logind.service: Deactivated successfully.
Sep 12 09:35:57 backup systemd[1]: Stopped systemd-logind.service - User Login Management.
Sep 12 09:35:57 backup systemd[1]: user@1000.service: Deactivated successfully.
Sep 12 09:35:57 backup systemd[1]: Stopped user@1000.service - User Manager for UID 1000.
Sep 12 09:35:57 backup systemd[1]: Stopping systemd-user-sessions.service - Permit User Sessions...
Sep 12 09:35:57 backup systemd[1]: Stopping user-runtime-dir@1000.service - User Runtime Directory /run/user/1000...
Sep 12 09:35:57 backup systemd[1]: run-user-1000.mount: Deactivated successfully.
Sep 12 09:35:57 backup systemd[1]: Unmounted run-user-1000.mount - /run/user/1000.
Sep 12 09:35:57 backup systemd[1]: systemd-user-sessions.service: Deactivated successfully.
Sep 12 09:35:57 backup systemd[1]: Stopped systemd-user-sessions.service - Permit User Sessions.
Sep 12 09:35:57 backup systemd[1]: Stopped target network.target - Network.
Sep 12 09:35:57 backup systemd[1]: Stopped target remote-fs.target - Remote File Systems.
Sep 12 09:35:57 backup systemd[1]: Stopping ifup@enp1s0.service - ifup for enp1s0...
Sep 12 09:35:57 backup systemd[1]: Stopping networking.service - Raise network interfaces...
Sep 12 09:35:57 backup systemd[1]: user-runtime-dir@1000.service: Deactivated successfully.
Sep 12 09:35:57 backup systemd[1]: Stopped user-runtime-dir@1000.service - User Runtime Directory /run/user/1000.
Sep 12 09:35:57 backup systemd[1]: Removed slice user-1000.slice - User Slice of UID 1000.
Sep 12 09:35:57 backup systemd[1]: Stopping dbus.service - D-Bus System Message Bus...
Sep 12 09:35:57 backup dhclient[553]: Killed old client process
Sep 12 09:35:57 backup ifdown[553]: Killed old client process
Sep 12 09:35:57 backup systemd[1]: networking.service: Deactivated successfully.
Sep 12 09:35:57 backup systemd[1]: Stopped networking.service - Raise network interfaces.
Sep 12 09:35:57 backup systemd[1]: dbus.service: Deactivated successfully.
Sep 12 09:35:57 backup systemd[1]: Stopped dbus.service - D-Bus System Message Bus.
Sep 12 09:35:57 backup systemd[1]: Stopped target basic.target - Basic System.
Sep 12 09:35:57 backup systemd[1]: Stopped target paths.target - Path Units.
Sep 12 09:35:57 backup systemd[1]: Stopped target slices.target - Slice Units.
Sep 12 09:35:57 backup systemd[1]: Removed slice user.slice - User and Session Slice.
Sep 12 09:35:57 backup systemd[1]: Stopped target sockets.target - Socket Units.
Sep 12 09:35:57 backup systemd[1]: dbus.socket: Deactivated successfully.
Sep 12 09:35:57 backup systemd[1]: Closed dbus.socket - D-Bus System Message Bus Socket.
Sep 12 09:35:57 backup systemd[1]: Stopped target sysinit.target - System Initialization.
Sep 12 09:35:57 backup systemd[1]: Stopped target cryptsetup.target - Local Encrypted Volumes.
Sep 12 09:35:57 backup systemd[1]: systemd-ask-password-console.path: Deactivated successfully.
Sep 12 09:35:57 backup systemd[1]: Stopped systemd-ask-password-console.path - Dispatch Password Requests to Console Directory Watch.
Sep 12 09:35:57 backup systemd[1]: systemd-ask-password-wall.path: Deactivated successfully.
Sep 12 09:35:57 backup systemd[1]: Stopped systemd-ask-password-wall.path - Forward Password Requests to Wall Directory Watch.
Sep 12 09:35:57 backup systemd[1]: Stopped target integritysetup.target - Local Integrity Protected Volumes.
Sep 12 09:35:57 backup systemd[1]: Stopped target swap.target - Swaps.
Sep 12 09:35:57 backup systemd[1]: Stopped target veritysetup.target - Local Verity Protected Volumes.
Sep 12 09:35:57 backup systemd[1]: Deactivating swap dev-disk-by\x2dpartuuid-990dfc9f\x2d05.swap - /dev/disk/by-partuuid/990dfc9f-05...
Sep 12 09:35:57 backup systemd[1]: Stopping systemd-binfmt.service - Set Up Additional Binary Formats...
Sep 12 09:35:57 backup systemd[1]: Stopping systemd-timesyncd.service - Network Time Synchronization...
Sep 12 09:35:57 backup systemd[1]: Stopping systemd-update-utmp.service - Record System Boot/Shutdown in UTMP...
