Sep 12 09:41:54 mainframe kernel: Linux version 6.8.0-44-generic (buildd@lcy02-amd64-082) (x86_64-linux-gnu-gcc-13 (Ubuntu 13.2.0-23ubuntu4) 13.2.0, GNU ld (GNU Binutils for Ubuntu) 2.42) #44-Ubuntu SMP PREEMPT_DYNAMIC Tue Aug 13 13:35:26 UTC 2024 (Ubuntu 6.8.0-44.44-generic 6.8.12)
Sep 12 09:41:54 mainframe kernel: Command line: BOOT_IMAGE=/boot/vmlinuz-6.8.0-44-generic root=UUID=fd21cc56-7c52-4991-8e8d-e0f91277f70d ro quiet splash vt.handoff=7
Sep 12 09:41:54 mainframe kernel: KERNEL supported cpus:
Sep 12 09:41:54 mainframe kernel:   Intel GenuineIntel
Sep 12 09:41:54 mainframe kernel:   AMD AuthenticAMD
Sep 12 09:41:54 mainframe kernel:   Hygon HygonGenuine
Sep 12 09:41:54 mainframe kernel:   Centaur CentaurHauls
Sep 12 09:41:54 mainframe kernel:   zhaoxin   Shanghai  
Sep 12 09:41:54 mainframe kernel: BIOS-provided physical RAM map:
Sep 12 09:41:54 mainframe kernel: BIOS-e820: [mem 0x0000000000000000-0x000000000009fbff] usable
Sep 12 09:41:54 mainframe kernel: BIOS-e820: [mem 0x000000000009fc00-0x000000000009ffff] reserved
Sep 12 09:41:54 mainframe kernel: BIOS-e820: [mem 0x00000000000f0000-0x00000000000fffff] reserved
Sep 12 09:41:54 mainframe kernel: BIOS-e820: [mem 0x0000000000100000-0x000000007ffdbfff] usable
Sep 12 09:41:54 mainframe kernel: BIOS-e820: [mem 0x000000007ffdc000-0x000000007fffffff] reserved
Sep 12 09:41:54 mainframe kernel: BIOS-e820: [mem 0x00000000b0000000-0x00000000bfffffff] reserved
Sep 12 09:41:54 mainframe kernel: BIOS-e820: [mem 0x00000000fed1c000-0x00000000fed1ffff] reserved
Sep 12 09:41:54 mainframe kernel: BIOS-e820: [mem 0x00000000feffc000-0x00000000feffffff] reserved
Sep 12 09:41:54 mainframe kernel: BIOS-e820: [mem 0x00000000fffc0000-0x00000000ffffffff] reserved
Sep 12 09:41:54 mainframe kernel: BIOS-e820: [mem 0x0000000100000000-0x000000017fffffff] usable
Sep 12 09:41:54 mainframe kernel: BIOS-e820: [mem 0x000000fd00000000-0x000000ffffffffff] reserved
Sep 12 09:41:54 mainframe kernel: NX (Execute Disable) protection: active
Sep 12 09:41:54 mainframe kernel: APIC: Static calls initialized
Sep 12 09:41:54 mainframe kernel: SMBIOS 3.0.0 present.
Sep 12 09:41:54 mainframe kernel: DMI: QEMU Standard PC (Q35 + ICH9, 2009), BIOS rel-1.16.3-0-ga6ed6b701f0a-prebuilt.qemu.org 04/01/2014
Sep 12 09:41:54 mainframe kernel: Hypervisor detected: KVM
Sep 12 09:41:54 mainframe kernel: kvm-clock: Using msrs 4b564d01 and 4b564d00
Sep 12 09:41:54 mainframe kernel: kvm-clock: using sched offset of 1217036336 cycles
Sep 12 09:41:54 mainframe kernel: clocksource: kvm-clock: mask: 0xffffffffffffffff max_cycles: 0x1cd42e4dffb, max_idle_ns: 881590591483 ns
Sep 12 09:41:54 mainframe kernel: tsc: Detected 4199.996 MHz processor
Sep 12 09:41:54 mainframe kernel: e820: update [mem 0x00000000-0x00000fff] usable ==> reserved
Sep 12 09:41:54 mainframe kernel: e820: remove [mem 0x000a0000-0x000fffff] usable
Sep 12 09:41:54 mainframe kernel: last_pfn = 0x180000 max_arch_pfn = 0x400000000
Sep 12 09:41:54 mainframe kernel: MTRR map: 4 entries (3 fixed + 1 variable; max 19), built from 8 variable MTRRs
Sep 12 09:41:54 mainframe kernel: x86/PAT: Configuration [0-7]: WB  WC  UC- UC  WB  WP  UC- WT  
Sep 12 09:41:54 mainframe kernel: last_pfn = 0x7ffdc max_arch_pfn = 0x400000000
Sep 12 09:41:54 mainframe kernel: found SMP MP-table at [mem 0x000f5450-0x000f545f]
Sep 12 09:41:54 mainframe kernel: Using GB pages for direct mapping
Sep 12 09:41:54 mainframe kernel: RAMDISK: [mem 0x302ab000-0x3414cfff]
Sep 12 09:41:54 mainframe kernel: ACPI: Early table checksum verification disabled
Sep 12 09:41:54 mainframe kernel: ACPI: RSDP 0x00000000000F5210 000014 (v00 BOCHS )
Sep 12 09:41:54 mainframe kernel: ACPI: RSDT 0x000000007FFE2C68 000034 (v01 BOCHS  BXPC     00000001 BXPC 00000001)
Sep 12 09:41:54 mainframe kernel: ACPI: FACP 0x000000007FFE2A90 0000F4 (v03 BOCHS  BXPC     00000001 BXPC 00000001)
Sep 12 09:41:54 mainframe kernel: ACPI: DSDT 0x000000007FFE0040 002A50 (v01 BOCHS  BXPC     00000001 BXPC 00000001)
Sep 12 09:41:54 mainframe kernel: ACPI: FACS 0x000000007FFE0000 000040
Sep 12 09:41:54 mainframe kernel: ACPI: APIC 0x000000007FFE2B84 000080 (v03 BOCHS  BXPC     00000001 BXPC 00000001)
Sep 12 09:41:54 mainframe kernel: ACPI: MCFG 0x000000007FFE2C04 00003C (v01 BOCHS  BXPC     00000001 BXPC 00000001)
Sep 12 09:41:54 mainframe kernel: ACPI: WAET 0x000000007FFE2C40 000028 (v01 BOCHS  BXPC     00000001 BXPC 00000001)
Sep 12 09:41:54 mainframe kernel: ACPI: Reserving FACP table memory at [mem 0x7ffe2a90-0x7ffe2b83]
Sep 12 09:41:54 mainframe kernel: ACPI: Reserving DSDT table memory at [mem 0x7ffe0040-0x7ffe2a8f]
Sep 12 09:41:54 mainframe kernel: ACPI: Reserving FACS table memory at [mem 0x7ffe0000-0x7ffe003f]
Sep 12 09:41:54 mainframe kernel: ACPI: Reserving APIC table memory at [mem 0x7ffe2b84-0x7ffe2c03]
Sep 12 09:41:54 mainframe kernel: ACPI: Reserving MCFG table memory at [mem 0x7ffe2c04-0x7ffe2c3f]
Sep 12 09:41:54 mainframe kernel: ACPI: Reserving WAET table memory at [mem 0x7ffe2c40-0x7ffe2c67]
Sep 12 09:41:54 mainframe kernel: No NUMA configuration found
Sep 12 09:41:54 mainframe kernel: Faking a node at [mem 0x0000000000000000-0x000000017fffffff]
Sep 12 09:41:54 mainframe kernel: NODE_DATA(0) allocated [mem 0x17ffd5000-0x17fffffff]
Sep 12 09:41:54 mainframe kernel: Zone ranges:
Sep 12 09:41:54 mainframe kernel:   DMA      [mem 0x0000000000001000-0x0000000000ffffff]
Sep 12 09:41:54 mainframe kernel:   DMA32    [mem 0x0000000001000000-0x00000000ffffffff]
Sep 12 09:41:54 mainframe kernel:   Normal   [mem 0x0000000100000000-0x000000017fffffff]
Sep 12 09:41:54 mainframe kernel:   Device   empty
Sep 12 09:41:54 mainframe kernel: Movable zone start for each node
Sep 12 09:41:54 mainframe kernel: Early memory node ranges
Sep 12 09:41:54 mainframe kernel:   node   0: [mem 0x0000000000001000-0x000000000009efff]
Sep 12 09:41:54 mainframe kernel:   node   0: [mem 0x0000000000100000-0x000000007ffdbfff]
Sep 12 09:41:54 mainframe kernel:   node   0: [mem 0x0000000100000000-0x000000017fffffff]
Sep 12 09:41:54 mainframe kernel: Initmem setup node 0 [mem 0x0000000000001000-0x000000017fffffff]
Sep 12 09:41:54 mainframe kernel: On node 0, zone DMA: 1 pages in unavailable ranges
Sep 12 09:41:54 mainframe kernel: On node 0, zone DMA: 97 pages in unavailable ranges
Sep 12 09:41:54 mainframe kernel: On node 0, zone Normal: 36 pages in unavailable ranges
Sep 12 09:41:54 mainframe kernel: ACPI: PM-Timer IO Port: 0x608
Sep 12 09:41:54 mainframe kernel: ACPI: LAPIC_NMI (acpi_id[0xff] dfl dfl lint[0x1])
Sep 12 09:41:54 mainframe kernel: IOAPIC[0]: apic_id 0, version 17, address 0xfec00000, GSI 0-23
Sep 12 09:41:54 mainframe kernel: ACPI: INT_SRC_OVR (bus 0 bus_irq 0 global_irq 2 dfl dfl)
Sep 12 09:41:54 mainframe kernel: ACPI: INT_SRC_OVR (bus 0 bus_irq 5 global_irq 5 high level)
Sep 12 09:41:54 mainframe kernel: ACPI: INT_SRC_OVR (bus 0 bus_irq 9 global_irq 9 high level)
Sep 12 09:41:54 mainframe kernel: ACPI: INT_SRC_OVR (bus 0 bus_irq 10 global_irq 10 high level)
Sep 12 09:41:54 mainframe kernel: ACPI: INT_SRC_OVR (bus 0 bus_irq 11 global_irq 11 high level)
Sep 12 09:41:54 mainframe kernel: ACPI: Using ACPI (MADT) for SMP configuration information
Sep 12 09:41:54 mainframe kernel: TSC deadline timer available
Sep 12 09:41:54 mainframe kernel: smpboot: Allowing 2 CPUs, 0 hotplug CPUs
Sep 12 09:41:54 mainframe kernel: kvm-guest: APIC: eoi() replaced with kvm_guest_apic_eoi_write()
Sep 12 09:41:54 mainframe kernel: kvm-guest: KVM setup pv remote TLB flush
Sep 12 09:41:54 mainframe kernel: kvm-guest: setup PV sched yield
Sep 12 09:41:54 mainframe kernel: PM: hibernation: Registered nosave memory: [mem 0x00000000-0x00000fff]
Sep 12 09:41:54 mainframe kernel: PM: hibernation: Registered nosave memory: [mem 0x0009f000-0x0009ffff]
Sep 12 09:41:54 mainframe kernel: PM: hibernation: Registered nosave memory: [mem 0x000a0000-0x000effff]
Sep 12 09:41:54 mainframe kernel: PM: hibernation: Registered nosave memory: [mem 0x000f0000-0x000fffff]
Sep 12 09:41:54 mainframe kernel: PM: hibernation: Registered nosave memory: [mem 0x7ffdc000-0x7fffffff]
Sep 12 09:41:54 mainframe kernel: PM: hibernation: Registered nosave memory: [mem 0x80000000-0xafffffff]
Sep 12 09:41:54 mainframe kernel: PM: hibernation: Registered nosave memory: [mem 0xb0000000-0xbfffffff]
Sep 12 09:41:54 mainframe kernel: PM: hibernation: Registered nosave memory: [mem 0xc0000000-0xfed1bfff]
Sep 12 09:41:54 mainframe kernel: PM: hibernation: Registered nosave memory: [mem 0xfed1c000-0xfed1ffff]
Sep 12 09:41:54 mainframe kernel: PM: hibernation: Registered nosave memory: [mem 0xfed20000-0xfeffbfff]
Sep 12 09:41:54 mainframe kernel: PM: hibernation: Registered nosave memory: [mem 0xfeffc000-0xfeffffff]
Sep 12 09:41:54 mainframe kernel: PM: hibernation: Registered nosave memory: [mem 0xff000000-0xfffbffff]
Sep 12 09:41:54 mainframe kernel: PM: hibernation: Registered nosave memory: [mem 0xfffc0000-0xffffffff]
Sep 12 09:41:54 mainframe kernel: [mem 0xc0000000-0xfed1bfff] available for PCI devices
Sep 12 09:41:54 mainframe kernel: Booting paravirtualized kernel on KVM
Sep 12 09:41:54 mainframe kernel: clocksource: refined-jiffies: mask: 0xffffffff max_cycles: 0xffffffff, max_idle_ns: 1910969940391419 ns
Sep 12 09:41:54 mainframe kernel: setup_percpu: NR_CPUS:8192 nr_cpumask_bits:2 nr_cpu_ids:2 nr_node_ids:1
Sep 12 09:41:54 mainframe kernel: percpu: Embedded 86 pages/cpu s229376 r8192 d114688 u1048576
Sep 12 09:41:54 mainframe kernel: pcpu-alloc: s229376 r8192 d114688 u1048576 alloc=1*2097152
Sep 12 09:41:54 mainframe kernel: pcpu-alloc: [0] 0 1 
Sep 12 09:41:54 mainframe kernel: kvm-guest: PV spinlocks enabled
Sep 12 09:41:54 mainframe kernel: PV qspinlock hash table entries: 256 (order: 0, 4096 bytes, linear)
Sep 12 09:41:54 mainframe kernel: Kernel command line: BOOT_IMAGE=/boot/vmlinuz-6.8.0-44-generic root=UUID=fd21cc56-7c52-4991-8e8d-e0f91277f70d ro quiet splash vt.handoff=7
Sep 12 09:41:54 mainframe kernel: Unknown kernel command line parameters "splash BOOT_IMAGE=/boot/vmlinuz-6.8.0-44-generic", will be passed to user space.
Sep 12 09:41:54 mainframe kernel: random: crng init done
Sep 12 09:41:54 mainframe kernel: Dentry cache hash table entries: 524288 (order: 10, 4194304 bytes, linear)
Sep 12 09:41:54 mainframe kernel: Inode-cache hash table entries: 262144 (order: 9, 2097152 bytes, linear)
Sep 12 09:41:54 mainframe kernel: Fallback order for Node 0: 0 
Sep 12 09:41:54 mainframe kernel: Built 1 zonelists, mobility grouping on.  Total pages: 1031900
Sep 12 09:41:54 mainframe kernel: Policy zone: Normal
Sep 12 09:41:54 mainframe kernel: mem auto-init: stack:all(zero), heap alloc:on, heap free:off
Sep 12 09:41:54 mainframe kernel: software IO TLB: area num 2.
Sep 12 09:41:54 mainframe kernel: Memory: 3938560K/4193768K available (22528K kernel code, 4442K rwdata, 14312K rodata, 4976K init, 4732K bss, 254948K reserved, 0K cma-reserved)
Sep 12 09:41:54 mainframe kernel: SLUB: HWalign=64, Order=0-3, MinObjects=0, CPUs=2, Nodes=1
Sep 12 09:41:54 mainframe kernel: ftrace: allocating 57892 entries in 227 pages
Sep 12 09:41:54 mainframe kernel: ftrace: allocated 227 pages with 5 groups
Sep 12 09:41:54 mainframe kernel: Dynamic Preempt: voluntary
Sep 12 09:41:54 mainframe kernel: rcu: Preemptible hierarchical RCU implementation.
Sep 12 09:41:54 mainframe kernel: rcu:         RCU restricting CPUs from NR_CPUS=8192 to nr_cpu_ids=2.
Sep 12 09:41:54 mainframe kernel:         Trampoline variant of Tasks RCU enabled.
Sep 12 09:41:54 mainframe kernel:         Rude variant of Tasks RCU enabled.
Sep 12 09:41:54 mainframe kernel:         Tracing variant of Tasks RCU enabled.
Sep 12 09:41:54 mainframe kernel: rcu: RCU calculated value of scheduler-enlistment delay is 100 jiffies.
Sep 12 09:41:54 mainframe kernel: rcu: Adjusting geometry for rcu_fanout_leaf=16, nr_cpu_ids=2
Sep 12 09:41:54 mainframe kernel: NR_IRQS: 524544, nr_irqs: 440, preallocated irqs: 16
Sep 12 09:41:54 mainframe kernel: rcu: srcu_init: Setting srcu_struct sizes based on contention.
Sep 12 09:41:54 mainframe kernel: Console: colour dummy device 80x25
Sep 12 09:41:54 mainframe kernel: printk: legacy console [tty0] enabled
Sep 12 09:41:54 mainframe kernel: ACPI: Core revision 20230628
Sep 12 09:41:54 mainframe kernel: APIC: Switch to symmetric I/O mode setup
Sep 12 09:41:54 mainframe kernel: x2apic enabled
Sep 12 09:41:54 mainframe kernel: APIC: Switched APIC routing to: physical x2apic
Sep 12 09:41:54 mainframe kernel: kvm-guest: APIC: send_IPI_mask() replaced with kvm_send_ipi_mask()
Sep 12 09:41:54 mainframe kernel: kvm-guest: APIC: send_IPI_mask_allbutself() replaced with kvm_send_ipi_mask_allbutself()
Sep 12 09:41:54 mainframe kernel: kvm-guest: setup PV IPIs
Sep 12 09:41:54 mainframe kernel: tsc: Marking TSC unstable due to TSCs unsynchronized
Sep 12 09:41:54 mainframe kernel: Calibrating delay loop (skipped) preset value.. 8399.99 BogoMIPS (lpj=4199996)
Sep 12 09:41:54 mainframe kernel: x86/cpu: User Mode Instruction Prevention (UMIP) activated
Sep 12 09:41:54 mainframe kernel: Last level iTLB entries: 4KB 512, 2MB 255, 4MB 127
Sep 12 09:41:54 mainframe kernel: Last level dTLB entries: 4KB 512, 2MB 255, 4MB 127, 1GB 0
Sep 12 09:41:54 mainframe kernel: Spectre V1 : Mitigation: usercopy/swapgs barriers and __user pointer sanitization
Sep 12 09:41:54 mainframe kernel: Spectre V2 : Mitigation: Retpolines
Sep 12 09:41:54 mainframe kernel: Spectre V2 : Spectre v2 / SpectreRSB mitigation: Filling RSB on context switch
Sep 12 09:41:54 mainframe kernel: Spectre V2 : Spectre v2 / SpectreRSB : Filling RSB on VMEXIT
Sep 12 09:41:54 mainframe kernel: Spectre V2 : Enabling Restricted Speculation for firmware calls
Sep 12 09:41:54 mainframe kernel: Spectre V2 : mitigation: Enabling conditional Indirect Branch Prediction Barrier
Sep 12 09:41:54 mainframe kernel: Speculative Store Bypass: Mitigation: Speculative Store Bypass disabled via prctl
Sep 12 09:41:54 mainframe kernel: Speculative Return Stack Overflow: IBPB-extending microcode not applied!
Sep 12 09:41:54 mainframe kernel: Speculative Return Stack Overflow: WARNING: See https://kernel.org/doc/html/latest/admin-guide/hw-vuln/srso.html for mitigation options.
Sep 12 09:41:54 mainframe kernel: Speculative Return Stack Overflow: Vulnerable: Safe RET, no microcode
Sep 12 09:41:54 mainframe kernel: x86/fpu: Supporting XSAVE feature 0x001: 'x87 floating point registers'
Sep 12 09:41:54 mainframe kernel: x86/fpu: Supporting XSAVE feature 0x002: 'SSE registers'
Sep 12 09:41:54 mainframe kernel: x86/fpu: Supporting XSAVE feature 0x004: 'AVX registers'
Sep 12 09:41:54 mainframe kernel: x86/fpu: Supporting XSAVE feature 0x200: 'Protection Keys User registers'
Sep 12 09:41:54 mainframe kernel: x86/fpu: xstate_offset[2]:  576, xstate_sizes[2]:  256
Sep 12 09:41:54 mainframe kernel: x86/fpu: xstate_offset[9]:  832, xstate_sizes[9]:    8
Sep 12 09:41:54 mainframe kernel: x86/fpu: Enabled xstate features 0x207, context size is 840 bytes, using 'compacted' format.
Sep 12 09:41:54 mainframe kernel: Freeing SMP alternatives memory: 48K
Sep 12 09:41:54 mainframe kernel: pid_max: default: 32768 minimum: 301
Sep 12 09:41:54 mainframe kernel: LSM: initializing lsm=lockdown,capability,landlock,yama,apparmor,integrity
Sep 12 09:41:54 mainframe kernel: landlock: Up and running.
Sep 12 09:41:54 mainframe kernel: Yama: becoming mindful.
Sep 12 09:41:54 mainframe kernel: AppArmor: AppArmor initialized
Sep 12 09:41:54 mainframe kernel: Mount-cache hash table entries: 8192 (order: 4, 65536 bytes, linear)
Sep 12 09:41:54 mainframe kernel: Mountpoint-cache hash table entries: 8192 (order: 4, 65536 bytes, linear)
Sep 12 09:41:54 mainframe kernel: smpboot: CPU0: AMD Ryzen 5 5600X 6-Core Processor (family: 0x19, model: 0x21, stepping: 0x0)
Sep 12 09:41:54 mainframe kernel: RCU Tasks: Setting shift to 1 and lim to 1 rcu_task_cb_adjust=1.
Sep 12 09:41:54 mainframe kernel: RCU Tasks Rude: Setting shift to 1 and lim to 1 rcu_task_cb_adjust=1.
Sep 12 09:41:54 mainframe kernel: RCU Tasks Trace: Setting shift to 1 and lim to 1 rcu_task_cb_adjust=1.
Sep 12 09:41:54 mainframe kernel: Performance Events: Fam17h+ core perfctr, AMD PMU driver.
Sep 12 09:41:54 mainframe kernel: ... version:                0
Sep 12 09:41:54 mainframe kernel: ... bit width:              48
Sep 12 09:41:54 mainframe kernel: ... generic registers:      6
Sep 12 09:41:54 mainframe kernel: ... value mask:             0000ffffffffffff
Sep 12 09:41:54 mainframe kernel: ... max period:             00007fffffffffff
Sep 12 09:41:54 mainframe kernel: ... fixed-purpose events:   0
Sep 12 09:41:54 mainframe kernel: ... event mask:             000000000000003f
Sep 12 09:41:54 mainframe kernel: signal: max sigframe size: 3376
Sep 12 09:41:54 mainframe kernel: rcu: Hierarchical SRCU implementation.
Sep 12 09:41:54 mainframe kernel: rcu:         Max phase no-delay instances is 400.
Sep 12 09:41:54 mainframe kernel: smp: Bringing up secondary CPUs ...
Sep 12 09:41:54 mainframe kernel: smpboot: x86: Booting SMP configuration:
Sep 12 09:41:54 mainframe kernel: .... node  #0, CPUs:      #1
Sep 12 09:41:54 mainframe kernel: smp: Brought up 1 node, 2 CPUs
Sep 12 09:41:54 mainframe kernel: smpboot: Max logical packages: 2
Sep 12 09:41:54 mainframe kernel: smpboot: Total of 2 processors activated (16799.98 BogoMIPS)
Sep 12 09:41:54 mainframe kernel: devtmpfs: initialized
Sep 12 09:41:54 mainframe kernel: x86/mm: Memory block size: 128MB
Sep 12 09:41:54 mainframe kernel: clocksource: jiffies: mask: 0xffffffff max_cycles: 0xffffffff, max_idle_ns: 1911260446275000 ns
Sep 12 09:41:54 mainframe kernel: futex hash table entries: 512 (order: 3, 32768 bytes, linear)
Sep 12 09:41:54 mainframe kernel: pinctrl core: initialized pinctrl subsystem
Sep 12 09:41:54 mainframe kernel: PM: RTC time: 08:41:53, date: 2024-09-12
Sep 12 09:41:54 mainframe kernel: NET: Registered PF_NETLINK/PF_ROUTE protocol family
Sep 12 09:41:54 mainframe kernel: DMA: preallocated 512 KiB GFP_KERNEL pool for atomic allocations
Sep 12 09:41:54 mainframe kernel: DMA: preallocated 512 KiB GFP_KERNEL|GFP_DMA pool for atomic allocations
Sep 12 09:41:54 mainframe kernel: DMA: preallocated 512 KiB GFP_KERNEL|GFP_DMA32 pool for atomic allocations
Sep 12 09:41:54 mainframe kernel: audit: initializing netlink subsys (disabled)
Sep 12 09:41:54 mainframe kernel: audit: type=2000 audit(1726130513.646:1): state=initialized audit_enabled=0 res=1
Sep 12 09:41:54 mainframe kernel: thermal_sys: Registered thermal governor 'fair_share'
Sep 12 09:41:54 mainframe kernel: thermal_sys: Registered thermal governor 'bang_bang'
Sep 12 09:41:54 mainframe kernel: thermal_sys: Registered thermal governor 'step_wise'
Sep 12 09:41:54 mainframe kernel: thermal_sys: Registered thermal governor 'user_space'
Sep 12 09:41:54 mainframe kernel: thermal_sys: Registered thermal governor 'power_allocator'
Sep 12 09:41:54 mainframe kernel: EISA bus registered
Sep 12 09:41:54 mainframe kernel: cpuidle: using governor ladder
Sep 12 09:41:54 mainframe kernel: cpuidle: using governor menu
Sep 12 09:41:54 mainframe kernel: acpiphp: ACPI Hot Plug PCI Controller Driver version: 0.5
Sep 12 09:41:54 mainframe kernel: PCI: ECAM [mem 0xb0000000-0xbfffffff] (base 0xb0000000) for domain 0000 [bus 00-ff]
Sep 12 09:41:54 mainframe kernel: PCI: ECAM [mem 0xb0000000-0xbfffffff] reserved as E820 entry
Sep 12 09:41:54 mainframe kernel: PCI: Using configuration type 1 for base access
Sep 12 09:41:54 mainframe kernel: kprobes: kprobe jump-optimization is enabled. All kprobes are optimized if possible.
Sep 12 09:41:54 mainframe kernel: HugeTLB: registered 1.00 GiB page size, pre-allocated 0 pages
Sep 12 09:41:54 mainframe kernel: HugeTLB: 16380 KiB vmemmap can be freed for a 1.00 GiB page
Sep 12 09:41:54 mainframe kernel: HugeTLB: registered 2.00 MiB page size, pre-allocated 0 pages
Sep 12 09:41:54 mainframe kernel: HugeTLB: 28 KiB vmemmap can be freed for a 2.00 MiB page
Sep 12 09:41:54 mainframe kernel: ACPI: Added _OSI(Module Device)
Sep 12 09:41:54 mainframe kernel: ACPI: Added _OSI(Processor Device)
Sep 12 09:41:54 mainframe kernel: ACPI: Added _OSI(3.0 _SCP Extensions)
Sep 12 09:41:54 mainframe kernel: ACPI: Added _OSI(Processor Aggregator Device)
Sep 12 09:41:54 mainframe kernel: ACPI: 1 ACPI AML tables successfully acquired and loaded
Sep 12 09:41:54 mainframe kernel: ACPI: _OSC evaluation for CPUs failed, trying _PDC
Sep 12 09:41:54 mainframe kernel: ACPI: Interpreter enabled
Sep 12 09:41:54 mainframe kernel: ACPI: PM: (supports S0 S5)
Sep 12 09:41:54 mainframe kernel: ACPI: Using IOAPIC for interrupt routing
Sep 12 09:41:54 mainframe kernel: PCI: Using host bridge windows from ACPI; if necessary, use "pci=nocrs" and report a bug
Sep 12 09:41:54 mainframe kernel: PCI: Using E820 reservations for host bridge windows
Sep 12 09:41:54 mainframe kernel: ACPI: Enabled 2 GPEs in block 00 to 3F
Sep 12 09:41:54 mainframe kernel: ACPI: PCI Root Bridge [PCI0] (domain 0000 [bus 00-ff])
Sep 12 09:41:54 mainframe kernel: acpi PNP0A08:00: _OSC: OS supports [ExtendedConfig ASPM ClockPM Segments MSI EDR HPX-Type3]
Sep 12 09:41:54 mainframe kernel: acpi PNP0A08:00: _OSC: platform does not support [PCIeHotplug LTR DPC]
Sep 12 09:41:54 mainframe kernel: acpi PNP0A08:00: _OSC: OS now controls [SHPCHotplug PME AER PCIeCapability]
Sep 12 09:41:54 mainframe kernel: PCI host bridge to bus 0000:00
Sep 12 09:41:54 mainframe kernel: pci_bus 0000:00: root bus resource [io  0x0000-0x0cf7 window]
Sep 12 09:41:54 mainframe kernel: pci_bus 0000:00: root bus resource [io  0x0d00-0xffff window]
Sep 12 09:41:54 mainframe kernel: pci_bus 0000:00: root bus resource [mem 0x000a0000-0x000bffff window]
Sep 12 09:41:54 mainframe kernel: pci_bus 0000:00: root bus resource [mem 0x80000000-0xafffffff window]
Sep 12 09:41:54 mainframe kernel: pci_bus 0000:00: root bus resource [mem 0xc0000000-0xfebfffff window]
Sep 12 09:41:54 mainframe kernel: pci_bus 0000:00: root bus resource [mem 0x380000000000-0x386fffffffff window]
Sep 12 09:41:54 mainframe kernel: pci_bus 0000:00: root bus resource [bus 00-ff]
Sep 12 09:41:54 mainframe kernel: pci 0000:00:00.0: [8086:29c0] type 00 class 0x060000 conventional PCI endpoint
Sep 12 09:41:54 mainframe kernel: pci 0000:00:01.0: [1b36:0100] type 00 class 0x030000 conventional PCI endpoint
Sep 12 09:41:54 mainframe kernel: pci 0000:00:01.0: BAR 0 [mem 0xf4000000-0xf7ffffff]
Sep 12 09:41:54 mainframe kernel: pci 0000:00:01.0: BAR 1 [mem 0xf8000000-0xfbffffff]
Sep 12 09:41:54 mainframe kernel: pci 0000:00:01.0: BAR 2 [mem 0xfdc14000-0xfdc15fff]
Sep 12 09:41:54 mainframe kernel: pci 0000:00:01.0: BAR 3 [io  0xc040-0xc05f]
Sep 12 09:41:54 mainframe kernel: pci 0000:00:01.0: ROM [mem 0xfdc00000-0xfdc0ffff pref]
Sep 12 09:41:54 mainframe kernel: pci 0000:00:01.0: Video device with shadowed ROM at [mem 0x000c0000-0x000dffff]
Sep 12 09:41:54 mainframe kernel: pci 0000:00:02.0: [1b36:000c] type 01 class 0x060400 PCIe Root Port
Sep 12 09:41:54 mainframe kernel: pci 0000:00:02.0: BAR 0 [mem 0xfdc16000-0xfdc16fff]
Sep 12 09:41:54 mainframe kernel: pci 0000:00:02.0: PCI bridge to [bus 01]
Sep 12 09:41:54 mainframe kernel: pci 0000:00:02.0:   bridge window [mem 0xfda00000-0xfdbfffff]
Sep 12 09:41:54 mainframe kernel: pci 0000:00:02.0:   bridge window [mem 0x386800000000-0x386fffffffff 64bit pref]
Sep 12 09:41:54 mainframe kernel: pci 0000:00:02.1: [1b36:000c] type 01 class 0x060400 PCIe Root Port
Sep 12 09:41:54 mainframe kernel: pci 0000:00:02.1: BAR 0 [mem 0xfdc17000-0xfdc17fff]
Sep 12 09:41:54 mainframe kernel: pci 0000:00:02.1: PCI bridge to [bus 02]
Sep 12 09:41:54 mainframe kernel: pci 0000:00:02.1:   bridge window [mem 0xfd800000-0xfd9fffff]
Sep 12 09:41:54 mainframe kernel: pci 0000:00:02.1:   bridge window [mem 0x386000000000-0x3867ffffffff 64bit pref]
Sep 12 09:41:54 mainframe kernel: pci 0000:00:02.2: [1b36:000c] type 01 class 0x060400 PCIe Root Port
Sep 12 09:41:54 mainframe kernel: pci 0000:00:02.2: BAR 0 [mem 0xfdc18000-0xfdc18fff]
Sep 12 09:41:54 mainframe kernel: pci 0000:00:02.2: PCI bridge to [bus 03]
Sep 12 09:41:54 mainframe kernel: pci 0000:00:02.2:   bridge window [mem 0xfd600000-0xfd7fffff]
Sep 12 09:41:54 mainframe kernel: pci 0000:00:02.2:   bridge window [mem 0x385800000000-0x385fffffffff 64bit pref]
Sep 12 09:41:54 mainframe kernel: pci 0000:00:02.3: [1b36:000c] type 01 class 0x060400 PCIe Root Port
Sep 12 09:41:54 mainframe kernel: pci 0000:00:02.3: BAR 0 [mem 0xfdc19000-0xfdc19fff]
Sep 12 09:41:54 mainframe kernel: pci 0000:00:02.3: PCI bridge to [bus 04]
Sep 12 09:41:54 mainframe kernel: pci 0000:00:02.3:   bridge window [mem 0xfd400000-0xfd5fffff]
Sep 12 09:41:54 mainframe kernel: pci 0000:00:02.3:   bridge window [mem 0x385000000000-0x3857ffffffff 64bit pref]
Sep 12 09:41:54 mainframe kernel: pci 0000:00:02.4: [1b36:000c] type 01 class 0x060400 PCIe Root Port
Sep 12 09:41:54 mainframe kernel: pci 0000:00:02.4: BAR 0 [mem 0xfdc1a000-0xfdc1afff]
Sep 12 09:41:54 mainframe kernel: pci 0000:00:02.4: PCI bridge to [bus 05]
Sep 12 09:41:54 mainframe kernel: pci 0000:00:02.4:   bridge window [mem 0xfd200000-0xfd3fffff]
Sep 12 09:41:54 mainframe kernel: pci 0000:00:02.4:   bridge window [mem 0x384800000000-0x384fffffffff 64bit pref]
Sep 12 09:41:54 mainframe kernel: pci 0000:00:02.5: [1b36:000c] type 01 class 0x060400 PCIe Root Port
Sep 12 09:41:54 mainframe kernel: pci 0000:00:02.5: BAR 0 [mem 0xfdc1b000-0xfdc1bfff]
Sep 12 09:41:54 mainframe kernel: pci 0000:00:02.5: PCI bridge to [bus 06]
Sep 12 09:41:54 mainframe kernel: pci 0000:00:02.5:   bridge window [mem 0xfd000000-0xfd1fffff]
Sep 12 09:41:54 mainframe kernel: pci 0000:00:02.5:   bridge window [mem 0x384000000000-0x3847ffffffff 64bit pref]
Sep 12 09:41:54 mainframe kernel: pci 0000:00:02.6: [1b36:000c] type 01 class 0x060400 PCIe Root Port
Sep 12 09:41:54 mainframe kernel: pci 0000:00:02.6: BAR 0 [mem 0xfdc1c000-0xfdc1cfff]
Sep 12 09:41:54 mainframe kernel: pci 0000:00:02.6: PCI bridge to [bus 07]
Sep 12 09:41:54 mainframe kernel: pci 0000:00:02.6:   bridge window [mem 0xfce00000-0xfcffffff]
Sep 12 09:41:54 mainframe kernel: pci 0000:00:02.6:   bridge window [mem 0x383800000000-0x383fffffffff 64bit pref]
Sep 12 09:41:54 mainframe kernel: pci 0000:00:02.7: [1b36:000c] type 01 class 0x060400 PCIe Root Port
Sep 12 09:41:54 mainframe kernel: pci 0000:00:02.7: BAR 0 [mem 0xfdc1d000-0xfdc1dfff]
Sep 12 09:41:54 mainframe kernel: pci 0000:00:02.7: PCI bridge to [bus 08]
Sep 12 09:41:54 mainframe kernel: pci 0000:00:02.7:   bridge window [mem 0xfcc00000-0xfcdfffff]
Sep 12 09:41:54 mainframe kernel: pci 0000:00:02.7:   bridge window [mem 0x383000000000-0x3837ffffffff 64bit pref]
Sep 12 09:41:54 mainframe kernel: pci 0000:00:03.0: [1b36:000c] type 01 class 0x060400 PCIe Root Port
Sep 12 09:41:54 mainframe kernel: pci 0000:00:03.0: BAR 0 [mem 0xfdc1e000-0xfdc1efff]
Sep 12 09:41:54 mainframe kernel: pci 0000:00:03.0: PCI bridge to [bus 09]
Sep 12 09:41:54 mainframe kernel: pci 0000:00:03.0:   bridge window [mem 0xfca00000-0xfcbfffff]
Sep 12 09:41:54 mainframe kernel: pci 0000:00:03.0:   bridge window [mem 0x382800000000-0x382fffffffff 64bit pref]
Sep 12 09:41:54 mainframe kernel: pci 0000:00:03.1: [1b36:000c] type 01 class 0x060400 PCIe Root Port
Sep 12 09:41:54 mainframe kernel: pci 0000:00:03.1: BAR 0 [mem 0xfdc1f000-0xfdc1ffff]
Sep 12 09:41:54 mainframe kernel: pci 0000:00:03.1: PCI bridge to [bus 0a]
Sep 12 09:41:54 mainframe kernel: pci 0000:00:03.1:   bridge window [mem 0xfc800000-0xfc9fffff]
Sep 12 09:41:54 mainframe kernel: pci 0000:00:03.1:   bridge window [mem 0x382000000000-0x3827ffffffff 64bit pref]
Sep 12 09:41:54 mainframe kernel: pci 0000:00:03.2: [1b36:000c] type 01 class 0x060400 PCIe Root Port
Sep 12 09:41:54 mainframe kernel: pci 0000:00:03.2: BAR 0 [mem 0xfdc20000-0xfdc20fff]
Sep 12 09:41:54 mainframe kernel: pci 0000:00:03.2: PCI bridge to [bus 0b]
Sep 12 09:41:54 mainframe kernel: pci 0000:00:03.2:   bridge window [mem 0xfc600000-0xfc7fffff]
Sep 12 09:41:54 mainframe kernel: pci 0000:00:03.2:   bridge window [mem 0x381800000000-0x381fffffffff 64bit pref]
Sep 12 09:41:54 mainframe kernel: pci 0000:00:03.3: [1b36:000c] type 01 class 0x060400 PCIe Root Port
Sep 12 09:41:54 mainframe kernel: pci 0000:00:03.3: BAR 0 [mem 0xfdc21000-0xfdc21fff]
Sep 12 09:41:54 mainframe kernel: pci 0000:00:03.3: PCI bridge to [bus 0c]
Sep 12 09:41:54 mainframe kernel: pci 0000:00:03.3:   bridge window [mem 0xfc400000-0xfc5fffff]
Sep 12 09:41:54 mainframe kernel: pci 0000:00:03.3:   bridge window [mem 0x381000000000-0x3817ffffffff 64bit pref]
Sep 12 09:41:54 mainframe kernel: pci 0000:00:03.4: [1b36:000c] type 01 class 0x060400 PCIe Root Port
Sep 12 09:41:54 mainframe kernel: pci 0000:00:03.4: BAR 0 [mem 0xfdc22000-0xfdc22fff]
Sep 12 09:41:54 mainframe kernel: pci 0000:00:03.4: PCI bridge to [bus 0d]
Sep 12 09:41:54 mainframe kernel: pci 0000:00:03.4:   bridge window [mem 0xfc200000-0xfc3fffff]
Sep 12 09:41:54 mainframe kernel: pci 0000:00:03.4:   bridge window [mem 0x380800000000-0x380fffffffff 64bit pref]
Sep 12 09:41:54 mainframe kernel: pci 0000:00:03.5: [1b36:000c] type 01 class 0x060400 PCIe Root Port
Sep 12 09:41:54 mainframe kernel: pci 0000:00:03.5: BAR 0 [mem 0xfdc23000-0xfdc23fff]
Sep 12 09:41:54 mainframe kernel: pci 0000:00:03.5: PCI bridge to [bus 0e]
Sep 12 09:41:54 mainframe kernel: pci 0000:00:03.5:   bridge window [mem 0xfc000000-0xfc1fffff]
Sep 12 09:41:54 mainframe kernel: pci 0000:00:03.5:   bridge window [mem 0x380000000000-0x3807ffffffff 64bit pref]
Sep 12 09:41:54 mainframe kernel: pci 0000:00:1b.0: [8086:293e] type 00 class 0x040300 conventional PCI endpoint
Sep 12 09:41:54 mainframe kernel: pci 0000:00:1b.0: BAR 0 [mem 0xfdc10000-0xfdc13fff]
Sep 12 09:41:54 mainframe kernel: pci 0000:00:1f.0: [8086:2918] type 00 class 0x060100 conventional PCI endpoint
Sep 12 09:41:54 mainframe kernel: pci 0000:00:1f.0: quirk: [io  0x0600-0x067f] claimed by ICH6 ACPI/GPIO/TCO
Sep 12 09:41:54 mainframe kernel: pci 0000:00:1f.2: [8086:2922] type 00 class 0x010601 conventional PCI endpoint
Sep 12 09:41:54 mainframe kernel: pci 0000:00:1f.2: BAR 4 [io  0xc060-0xc07f]
Sep 12 09:41:54 mainframe kernel: pci 0000:00:1f.2: BAR 5 [mem 0xfdc24000-0xfdc24fff]
Sep 12 09:41:54 mainframe kernel: pci 0000:00:1f.3: [8086:2930] type 00 class 0x0c0500 conventional PCI endpoint
Sep 12 09:41:54 mainframe kernel: pci 0000:00:1f.3: BAR 4 [io  0x0700-0x073f]
Sep 12 09:41:54 mainframe kernel: acpiphp: Slot [0] registered
Sep 12 09:41:54 mainframe kernel: pci 0000:01:00.0: [1af4:1041] type 00 class 0x020000 PCIe Endpoint
Sep 12 09:41:54 mainframe kernel: pci 0000:01:00.0: BAR 1 [mem 0xfda40000-0xfda40fff]
Sep 12 09:41:54 mainframe kernel: pci 0000:01:00.0: BAR 4 [mem 0x386800000000-0x386800003fff 64bit pref]
Sep 12 09:41:54 mainframe kernel: pci 0000:01:00.0: ROM [mem 0xfda00000-0xfda3ffff pref]
Sep 12 09:41:54 mainframe kernel: pci 0000:00:02.0: PCI bridge to [bus 01]
Sep 12 09:41:54 mainframe kernel: acpiphp: Slot [0-2] registered
Sep 12 09:41:54 mainframe kernel: pci 0000:02:00.0: [1b36:000d] type 00 class 0x0c0330 PCIe Endpoint
Sep 12 09:41:54 mainframe kernel: pci 0000:02:00.0: BAR 0 [mem 0xfd800000-0xfd803fff 64bit]
Sep 12 09:41:54 mainframe kernel: pci 0000:00:02.1: PCI bridge to [bus 02]
Sep 12 09:41:54 mainframe kernel: acpiphp: Slot [0-3] registered
Sep 12 09:41:54 mainframe kernel: pci 0000:03:00.0: [1af4:1043] type 00 class 0x078000 PCIe Endpoint
Sep 12 09:41:54 mainframe kernel: pci 0000:03:00.0: BAR 1 [mem 0xfd600000-0xfd600fff]
Sep 12 09:41:54 mainframe kernel: pci 0000:03:00.0: BAR 4 [mem 0x385800000000-0x385800003fff 64bit pref]
Sep 12 09:41:54 mainframe kernel: pci 0000:00:02.2: PCI bridge to [bus 03]
Sep 12 09:41:54 mainframe kernel: acpiphp: Slot [0-4] registered
Sep 12 09:41:54 mainframe kernel: pci 0000:04:00.0: [1af4:1042] type 00 class 0x010000 PCIe Endpoint
Sep 12 09:41:54 mainframe kernel: pci 0000:04:00.0: BAR 1 [mem 0xfd400000-0xfd400fff]
Sep 12 09:41:54 mainframe kernel: pci 0000:04:00.0: BAR 4 [mem 0x385000000000-0x385000003fff 64bit pref]
Sep 12 09:41:54 mainframe kernel: pci 0000:00:02.3: PCI bridge to [bus 04]
Sep 12 09:41:54 mainframe kernel: acpiphp: Slot [0-5] registered
Sep 12 09:41:54 mainframe kernel: pci 0000:05:00.0: [1af4:1045] type 00 class 0x00ff00 PCIe Endpoint
Sep 12 09:41:54 mainframe kernel: pci 0000:05:00.0: BAR 4 [mem 0x384800000000-0x384800003fff 64bit pref]
Sep 12 09:41:54 mainframe kernel: pci 0000:00:02.4: PCI bridge to [bus 05]
Sep 12 09:41:54 mainframe kernel: acpiphp: Slot [0-6] registered
Sep 12 09:41:54 mainframe kernel: pci 0000:06:00.0: [1af4:1044] type 00 class 0x00ff00 PCIe Endpoint
Sep 12 09:41:54 mainframe kernel: pci 0000:06:00.0: BAR 1 [mem 0xfd000000-0xfd000fff]
Sep 12 09:41:54 mainframe kernel: pci 0000:06:00.0: BAR 4 [mem 0x384000000000-0x384000003fff 64bit pref]
Sep 12 09:41:54 mainframe kernel: pci 0000:00:02.5: PCI bridge to [bus 06]
Sep 12 09:41:54 mainframe kernel: acpiphp: Slot [0-7] registered
Sep 12 09:41:54 mainframe kernel: pci 0000:00:02.6: PCI bridge to [bus 07]
Sep 12 09:41:54 mainframe kernel: acpiphp: Slot [0-8] registered
Sep 12 09:41:54 mainframe kernel: pci 0000:00:02.7: PCI bridge to [bus 08]
Sep 12 09:41:54 mainframe kernel: acpiphp: Slot [0-9] registered
Sep 12 09:41:54 mainframe kernel: pci 0000:00:03.0: PCI bridge to [bus 09]
Sep 12 09:41:54 mainframe kernel: acpiphp: Slot [0-10] registered
Sep 12 09:41:54 mainframe kernel: pci 0000:00:03.1: PCI bridge to [bus 0a]
Sep 12 09:41:54 mainframe kernel: acpiphp: Slot [0-11] registered
Sep 12 09:41:54 mainframe kernel: pci 0000:00:03.2: PCI bridge to [bus 0b]
Sep 12 09:41:54 mainframe kernel: acpiphp: Slot [0-12] registered
Sep 12 09:41:54 mainframe kernel: pci 0000:00:03.3: PCI bridge to [bus 0c]
Sep 12 09:41:54 mainframe kernel: acpiphp: Slot [0-13] registered
Sep 12 09:41:54 mainframe kernel: pci 0000:00:03.4: PCI bridge to [bus 0d]
Sep 12 09:41:54 mainframe kernel: acpiphp: Slot [0-14] registered
Sep 12 09:41:54 mainframe kernel: pci 0000:00:03.5: PCI bridge to [bus 0e]
Sep 12 09:41:54 mainframe kernel: ACPI: PCI: Interrupt link LNKA configured for IRQ 10
Sep 12 09:41:54 mainframe kernel: ACPI: PCI: Interrupt link LNKB configured for IRQ 10
Sep 12 09:41:54 mainframe kernel: ACPI: PCI: Interrupt link LNKC configured for IRQ 11
Sep 12 09:41:54 mainframe kernel: ACPI: PCI: Interrupt link LNKD configured for IRQ 11
Sep 12 09:41:54 mainframe kernel: ACPI: PCI: Interrupt link LNKE configured for IRQ 10
Sep 12 09:41:54 mainframe kernel: ACPI: PCI: Interrupt link LNKF configured for IRQ 10
Sep 12 09:41:54 mainframe kernel: ACPI: PCI: Interrupt link LNKG configured for IRQ 11
Sep 12 09:41:54 mainframe kernel: ACPI: PCI: Interrupt link LNKH configured for IRQ 11
Sep 12 09:41:54 mainframe kernel: ACPI: PCI: Interrupt link GSIA configured for IRQ 16
Sep 12 09:41:54 mainframe kernel: ACPI: PCI: Interrupt link GSIB configured for IRQ 17
Sep 12 09:41:54 mainframe kernel: ACPI: PCI: Interrupt link GSIC configured for IRQ 18
Sep 12 09:41:54 mainframe kernel: ACPI: PCI: Interrupt link GSID configured for IRQ 19
Sep 12 09:41:54 mainframe kernel: ACPI: PCI: Interrupt link GSIE configured for IRQ 20
Sep 12 09:41:54 mainframe kernel: ACPI: PCI: Interrupt link GSIF configured for IRQ 21
Sep 12 09:41:54 mainframe kernel: ACPI: PCI: Interrupt link GSIG configured for IRQ 22
Sep 12 09:41:54 mainframe kernel: ACPI: PCI: Interrupt link GSIH configured for IRQ 23
Sep 12 09:41:54 mainframe kernel: iommu: Default domain type: Translated
Sep 12 09:41:54 mainframe kernel: iommu: DMA domain TLB invalidation policy: lazy mode
Sep 12 09:41:54 mainframe kernel: SCSI subsystem initialized
Sep 12 09:41:54 mainframe kernel: libata version 3.00 loaded.
Sep 12 09:41:54 mainframe kernel: ACPI: bus type USB registered
Sep 12 09:41:54 mainframe kernel: usbcore: registered new interface driver usbfs
Sep 12 09:41:54 mainframe kernel: usbcore: registered new interface driver hub
Sep 12 09:41:54 mainframe kernel: usbcore: registered new device driver usb
Sep 12 09:41:54 mainframe kernel: pps_core: LinuxPPS API ver. 1 registered
Sep 12 09:41:54 mainframe kernel: pps_core: Software ver. 5.3.6 - Copyright 2005-2007 Rodolfo Giometti <giometti@linux.it>
Sep 12 09:41:54 mainframe kernel: PTP clock support registered
Sep 12 09:41:54 mainframe kernel: EDAC MC: Ver: 3.0.0
Sep 12 09:41:54 mainframe kernel: NetLabel: Initializing
Sep 12 09:41:54 mainframe kernel: NetLabel:  domain hash size = 128
Sep 12 09:41:54 mainframe kernel: NetLabel:  protocols = UNLABELED CIPSOv4 CALIPSO
Sep 12 09:41:54 mainframe kernel: NetLabel:  unlabeled traffic allowed by default
Sep 12 09:41:54 mainframe kernel: mctp: management component transport protocol core
Sep 12 09:41:54 mainframe kernel: NET: Registered PF_MCTP protocol family
Sep 12 09:41:54 mainframe kernel: PCI: Using ACPI for IRQ routing
Sep 12 09:41:54 mainframe kernel: PCI: pci_cache_line_size set to 64 bytes
Sep 12 09:41:54 mainframe kernel: e820: reserve RAM buffer [mem 0x0009fc00-0x0009ffff]
Sep 12 09:41:54 mainframe kernel: e820: reserve RAM buffer [mem 0x7ffdc000-0x7fffffff]
Sep 12 09:41:54 mainframe kernel: pci 0000:00:01.0: vgaarb: setting as boot VGA device
Sep 12 09:41:54 mainframe kernel: pci 0000:00:01.0: vgaarb: bridge control possible
Sep 12 09:41:54 mainframe kernel: pci 0000:00:01.0: vgaarb: VGA device added: decodes=io+mem,owns=io+mem,locks=none
Sep 12 09:41:54 mainframe kernel: vgaarb: loaded
Sep 12 09:41:54 mainframe kernel: clocksource: Switched to clocksource kvm-clock
Sep 12 09:41:54 mainframe kernel: VFS: Disk quotas dquot_6.6.0
Sep 12 09:41:54 mainframe kernel: VFS: Dquot-cache hash table entries: 512 (order 0, 4096 bytes)
Sep 12 09:41:54 mainframe kernel: AppArmor: AppArmor Filesystem Enabled
Sep 12 09:41:54 mainframe kernel: pnp: PnP ACPI init
Sep 12 09:41:54 mainframe kernel: system 00:04: [mem 0xb0000000-0xbfffffff window] has been reserved
Sep 12 09:41:54 mainframe kernel: pnp: PnP ACPI: found 5 devices
Sep 12 09:41:54 mainframe kernel: clocksource: acpi_pm: mask: 0xffffff max_cycles: 0xffffff, max_idle_ns: 2085701024 ns
Sep 12 09:41:54 mainframe kernel: NET: Registered PF_INET protocol family
Sep 12 09:41:54 mainframe kernel: IP idents hash table entries: 65536 (order: 7, 524288 bytes, linear)
Sep 12 09:41:54 mainframe kernel: tcp_listen_portaddr_hash hash table entries: 2048 (order: 3, 32768 bytes, linear)
Sep 12 09:41:54 mainframe kernel: Table-perturb hash table entries: 65536 (order: 6, 262144 bytes, linear)
Sep 12 09:41:54 mainframe kernel: TCP established hash table entries: 32768 (order: 6, 262144 bytes, linear)
Sep 12 09:41:54 mainframe kernel: TCP bind hash table entries: 32768 (order: 8, 1048576 bytes, linear)
Sep 12 09:41:54 mainframe kernel: TCP: Hash tables configured (established 32768 bind 32768)
Sep 12 09:41:54 mainframe kernel: MPTCP token hash table entries: 4096 (order: 4, 98304 bytes, linear)
Sep 12 09:41:54 mainframe kernel: UDP hash table entries: 2048 (order: 4, 65536 bytes, linear)
Sep 12 09:41:54 mainframe kernel: UDP-Lite hash table entries: 2048 (order: 4, 65536 bytes, linear)
Sep 12 09:41:54 mainframe kernel: NET: Registered PF_UNIX/PF_LOCAL protocol family
Sep 12 09:41:54 mainframe kernel: NET: Registered PF_XDP protocol family
Sep 12 09:41:54 mainframe kernel: pci 0000:00:02.0: bridge window [io  0x1000-0x0fff] to [bus 01] add_size 1000
Sep 12 09:41:54 mainframe kernel: pci 0000:00:02.1: bridge window [io  0x1000-0x0fff] to [bus 02] add_size 1000
Sep 12 09:41:54 mainframe kernel: pci 0000:00:02.2: bridge window [io  0x1000-0x0fff] to [bus 03] add_size 1000
Sep 12 09:41:54 mainframe kernel: pci 0000:00:02.3: bridge window [io  0x1000-0x0fff] to [bus 04] add_size 1000
Sep 12 09:41:54 mainframe kernel: pci 0000:00:02.4: bridge window [io  0x1000-0x0fff] to [bus 05] add_size 1000
Sep 12 09:41:54 mainframe kernel: pci 0000:00:02.5: bridge window [io  0x1000-0x0fff] to [bus 06] add_size 1000
Sep 12 09:41:54 mainframe kernel: pci 0000:00:02.6: bridge window [io  0x1000-0x0fff] to [bus 07] add_size 1000
Sep 12 09:41:54 mainframe kernel: pci 0000:00:02.7: bridge window [io  0x1000-0x0fff] to [bus 08] add_size 1000
Sep 12 09:41:54 mainframe kernel: pci 0000:00:03.0: bridge window [io  0x1000-0x0fff] to [bus 09] add_size 1000
Sep 12 09:41:54 mainframe kernel: pci 0000:00:03.1: bridge window [io  0x1000-0x0fff] to [bus 0a] add_size 1000
Sep 12 09:41:54 mainframe kernel: pci 0000:00:03.2: bridge window [io  0x1000-0x0fff] to [bus 0b] add_size 1000
Sep 12 09:41:54 mainframe kernel: pci 0000:00:03.3: bridge window [io  0x1000-0x0fff] to [bus 0c] add_size 1000
Sep 12 09:41:54 mainframe kernel: pci 0000:00:03.4: bridge window [io  0x1000-0x0fff] to [bus 0d] add_size 1000
Sep 12 09:41:54 mainframe kernel: pci 0000:00:03.5: bridge window [io  0x1000-0x0fff] to [bus 0e] add_size 1000
Sep 12 09:41:54 mainframe kernel: pci 0000:00:02.0: bridge window [io  0x1000-0x1fff]: assigned
Sep 12 09:41:54 mainframe kernel: pci 0000:00:02.1: bridge window [io  0x2000-0x2fff]: assigned
Sep 12 09:41:54 mainframe kernel: pci 0000:00:02.2: bridge window [io  0x3000-0x3fff]: assigned
Sep 12 09:41:54 mainframe kernel: pci 0000:00:02.3: bridge window [io  0x4000-0x4fff]: assigned
Sep 12 09:41:54 mainframe kernel: pci 0000:00:02.4: bridge window [io  0x5000-0x5fff]: assigned
Sep 12 09:41:54 mainframe kernel: pci 0000:00:02.5: bridge window [io  0x6000-0x6fff]: assigned
Sep 12 09:41:54 mainframe kernel: pci 0000:00:02.6: bridge window [io  0x7000-0x7fff]: assigned
Sep 12 09:41:54 mainframe kernel: pci 0000:00:02.7: bridge window [io  0x8000-0x8fff]: assigned
Sep 12 09:41:54 mainframe kernel: pci 0000:00:03.0: bridge window [io  0x9000-0x9fff]: assigned
Sep 12 09:41:54 mainframe kernel: pci 0000:00:03.1: bridge window [io  0xa000-0xafff]: assigned
Sep 12 09:41:54 mainframe kernel: pci 0000:00:03.2: bridge window [io  0xb000-0xbfff]: assigned
Sep 12 09:41:54 mainframe kernel: pci 0000:00:03.3: bridge window [io  0xd000-0xdfff]: assigned
Sep 12 09:41:54 mainframe kernel: pci 0000:00:03.4: bridge window [io  0xe000-0xefff]: assigned
Sep 12 09:41:54 mainframe kernel: pci 0000:00:03.5: bridge window [io  0xf000-0xffff]: assigned
Sep 12 09:41:54 mainframe kernel: pci 0000:00:02.0: PCI bridge to [bus 01]
Sep 12 09:41:54 mainframe kernel: pci 0000:00:02.0:   bridge window [io  0x1000-0x1fff]
Sep 12 09:41:54 mainframe kernel: pci 0000:00:02.0:   bridge window [mem 0xfda00000-0xfdbfffff]
Sep 12 09:41:54 mainframe kernel: pci 0000:00:02.0:   bridge window [mem 0x386800000000-0x386fffffffff 64bit pref]
Sep 12 09:41:54 mainframe kernel: pci 0000:00:02.1: PCI bridge to [bus 02]
Sep 12 09:41:54 mainframe kernel: pci 0000:00:02.1:   bridge window [io  0x2000-0x2fff]
Sep 12 09:41:54 mainframe kernel: pci 0000:00:02.1:   bridge window [mem 0xfd800000-0xfd9fffff]
Sep 12 09:41:54 mainframe kernel: pci 0000:00:02.1:   bridge window [mem 0x386000000000-0x3867ffffffff 64bit pref]
Sep 12 09:41:54 mainframe kernel: pci 0000:00:02.2: PCI bridge to [bus 03]
Sep 12 09:41:54 mainframe kernel: pci 0000:00:02.2:   bridge window [io  0x3000-0x3fff]
Sep 12 09:41:54 mainframe kernel: pci 0000:00:02.2:   bridge window [mem 0xfd600000-0xfd7fffff]
Sep 12 09:41:54 mainframe kernel: pci 0000:00:02.2:   bridge window [mem 0x385800000000-0x385fffffffff 64bit pref]
Sep 12 09:41:54 mainframe kernel: pci 0000:00:02.3: PCI bridge to [bus 04]
Sep 12 09:41:54 mainframe kernel: pci 0000:00:02.3:   bridge window [io  0x4000-0x4fff]
Sep 12 09:41:54 mainframe kernel: pci 0000:00:02.3:   bridge window [mem 0xfd400000-0xfd5fffff]
Sep 12 09:41:54 mainframe kernel: pci 0000:00:02.3:   bridge window [mem 0x385000000000-0x3857ffffffff 64bit pref]
Sep 12 09:41:54 mainframe kernel: pci 0000:00:02.4: PCI bridge to [bus 05]
Sep 12 09:41:54 mainframe kernel: pci 0000:00:02.4:   bridge window [io  0x5000-0x5fff]
Sep 12 09:41:54 mainframe kernel: pci 0000:00:02.4:   bridge window [mem 0xfd200000-0xfd3fffff]
Sep 12 09:41:54 mainframe kernel: pci 0000:00:02.4:   bridge window [mem 0x384800000000-0x384fffffffff 64bit pref]
Sep 12 09:41:54 mainframe kernel: pci 0000:00:02.5: PCI bridge to [bus 06]
Sep 12 09:41:54 mainframe kernel: pci 0000:00:02.5:   bridge window [io  0x6000-0x6fff]
Sep 12 09:41:54 mainframe kernel: pci 0000:00:02.5:   bridge window [mem 0xfd000000-0xfd1fffff]
Sep 12 09:41:54 mainframe kernel: pci 0000:00:02.5:   bridge window [mem 0x384000000000-0x3847ffffffff 64bit pref]
Sep 12 09:41:54 mainframe kernel: pci 0000:00:02.6: PCI bridge to [bus 07]
Sep 12 09:41:54 mainframe kernel: pci 0000:00:02.6:   bridge window [io  0x7000-0x7fff]
Sep 12 09:41:54 mainframe kernel: pci 0000:00:02.6:   bridge window [mem 0xfce00000-0xfcffffff]
Sep 12 09:41:54 mainframe kernel: pci 0000:00:02.6:   bridge window [mem 0x383800000000-0x383fffffffff 64bit pref]
Sep 12 09:41:54 mainframe kernel: pci 0000:00:02.7: PCI bridge to [bus 08]
Sep 12 09:41:54 mainframe kernel: pci 0000:00:02.7:   bridge window [io  0x8000-0x8fff]
Sep 12 09:41:54 mainframe kernel: pci 0000:00:02.7:   bridge window [mem 0xfcc00000-0xfcdfffff]
Sep 12 09:41:54 mainframe kernel: pci 0000:00:02.7:   bridge window [mem 0x383000000000-0x3837ffffffff 64bit pref]
Sep 12 09:41:54 mainframe kernel: pci 0000:00:03.0: PCI bridge to [bus 09]
Sep 12 09:41:54 mainframe kernel: pci 0000:00:03.0:   bridge window [io  0x9000-0x9fff]
Sep 12 09:41:54 mainframe kernel: pci 0000:00:03.0:   bridge window [mem 0xfca00000-0xfcbfffff]
Sep 12 09:41:54 mainframe kernel: pci 0000:00:03.0:   bridge window [mem 0x382800000000-0x382fffffffff 64bit pref]
Sep 12 09:41:54 mainframe kernel: pci 0000:00:03.1: PCI bridge to [bus 0a]
Sep 12 09:41:54 mainframe kernel: pci 0000:00:03.1:   bridge window [io  0xa000-0xafff]
Sep 12 09:41:54 mainframe kernel: pci 0000:00:03.1:   bridge window [mem 0xfc800000-0xfc9fffff]
Sep 12 09:41:54 mainframe kernel: pci 0000:00:03.1:   bridge window [mem 0x382000000000-0x3827ffffffff 64bit pref]
Sep 12 09:41:54 mainframe kernel: pci 0000:00:03.2: PCI bridge to [bus 0b]
Sep 12 09:41:54 mainframe kernel: pci 0000:00:03.2:   bridge window [io  0xb000-0xbfff]
Sep 12 09:41:54 mainframe kernel: pci 0000:00:03.2:   bridge window [mem 0xfc600000-0xfc7fffff]
Sep 12 09:41:54 mainframe kernel: pci 0000:00:03.2:   bridge window [mem 0x381800000000-0x381fffffffff 64bit pref]
Sep 12 09:41:54 mainframe kernel: pci 0000:00:03.3: PCI bridge to [bus 0c]
Sep 12 09:41:54 mainframe kernel: pci 0000:00:03.3:   bridge window [io  0xd000-0xdfff]
Sep 12 09:41:54 mainframe kernel: pci 0000:00:03.3:   bridge window [mem 0xfc400000-0xfc5fffff]
Sep 12 09:41:54 mainframe kernel: pci 0000:00:03.3:   bridge window [mem 0x381000000000-0x3817ffffffff 64bit pref]
Sep 12 09:41:54 mainframe kernel: pci 0000:00:03.4: PCI bridge to [bus 0d]
Sep 12 09:41:54 mainframe kernel: pci 0000:00:03.4:   bridge window [io  0xe000-0xefff]
Sep 12 09:41:54 mainframe kernel: pci 0000:00:03.4:   bridge window [mem 0xfc200000-0xfc3fffff]
Sep 12 09:41:54 mainframe kernel: pci 0000:00:03.4:   bridge window [mem 0x380800000000-0x380fffffffff 64bit pref]
Sep 12 09:41:54 mainframe kernel: pci 0000:00:03.5: PCI bridge to [bus 0e]
Sep 12 09:41:54 mainframe kernel: pci 0000:00:03.5:   bridge window [io  0xf000-0xffff]
Sep 12 09:41:54 mainframe kernel: pci 0000:00:03.5:   bridge window [mem 0xfc000000-0xfc1fffff]
Sep 12 09:41:54 mainframe kernel: pci 0000:00:03.5:   bridge window [mem 0x380000000000-0x3807ffffffff 64bit pref]
Sep 12 09:41:54 mainframe kernel: pci_bus 0000:00: resource 4 [io  0x0000-0x0cf7 window]
Sep 12 09:41:54 mainframe kernel: pci_bus 0000:00: resource 5 [io  0x0d00-0xffff window]
Sep 12 09:41:54 mainframe kernel: pci_bus 0000:00: resource 6 [mem 0x000a0000-0x000bffff window]
Sep 12 09:41:54 mainframe kernel: pci_bus 0000:00: resource 7 [mem 0x80000000-0xafffffff window]
Sep 12 09:41:54 mainframe kernel: pci_bus 0000:00: resource 8 [mem 0xc0000000-0xfebfffff window]
Sep 12 09:41:54 mainframe kernel: pci_bus 0000:00: resource 9 [mem 0x380000000000-0x386fffffffff window]
Sep 12 09:41:54 mainframe kernel: pci_bus 0000:01: resource 0 [io  0x1000-0x1fff]
Sep 12 09:41:54 mainframe kernel: pci_bus 0000:01: resource 1 [mem 0xfda00000-0xfdbfffff]
Sep 12 09:41:54 mainframe kernel: pci_bus 0000:01: resource 2 [mem 0x386800000000-0x386fffffffff 64bit pref]
Sep 12 09:41:54 mainframe kernel: pci_bus 0000:02: resource 0 [io  0x2000-0x2fff]
Sep 12 09:41:54 mainframe kernel: pci_bus 0000:02: resource 1 [mem 0xfd800000-0xfd9fffff]
Sep 12 09:41:54 mainframe kernel: pci_bus 0000:02: resource 2 [mem 0x386000000000-0x3867ffffffff 64bit pref]
Sep 12 09:41:54 mainframe kernel: pci_bus 0000:03: resource 0 [io  0x3000-0x3fff]
Sep 12 09:41:54 mainframe kernel: pci_bus 0000:03: resource 1 [mem 0xfd600000-0xfd7fffff]
Sep 12 09:41:54 mainframe kernel: pci_bus 0000:03: resource 2 [mem 0x385800000000-0x385fffffffff 64bit pref]
Sep 12 09:41:54 mainframe kernel: pci_bus 0000:04: resource 0 [io  0x4000-0x4fff]
Sep 12 09:41:54 mainframe kernel: pci_bus 0000:04: resource 1 [mem 0xfd400000-0xfd5fffff]
Sep 12 09:41:54 mainframe kernel: pci_bus 0000:04: resource 2 [mem 0x385000000000-0x3857ffffffff 64bit pref]
Sep 12 09:41:54 mainframe kernel: pci_bus 0000:05: resource 0 [io  0x5000-0x5fff]
Sep 12 09:41:54 mainframe kernel: pci_bus 0000:05: resource 1 [mem 0xfd200000-0xfd3fffff]
Sep 12 09:41:54 mainframe kernel: pci_bus 0000:05: resource 2 [mem 0x384800000000-0x384fffffffff 64bit pref]
Sep 12 09:41:54 mainframe kernel: pci_bus 0000:06: resource 0 [io  0x6000-0x6fff]
Sep 12 09:41:54 mainframe kernel: pci_bus 0000:06: resource 1 [mem 0xfd000000-0xfd1fffff]
Sep 12 09:41:54 mainframe kernel: pci_bus 0000:06: resource 2 [mem 0x384000000000-0x3847ffffffff 64bit pref]
Sep 12 09:41:54 mainframe kernel: pci_bus 0000:07: resource 0 [io  0x7000-0x7fff]
Sep 12 09:41:54 mainframe kernel: pci_bus 0000:07: resource 1 [mem 0xfce00000-0xfcffffff]
Sep 12 09:41:54 mainframe kernel: pci_bus 0000:07: resource 2 [mem 0x383800000000-0x383fffffffff 64bit pref]
Sep 12 09:41:54 mainframe kernel: pci_bus 0000:08: resource 0 [io  0x8000-0x8fff]
Sep 12 09:41:54 mainframe kernel: pci_bus 0000:08: resource 1 [mem 0xfcc00000-0xfcdfffff]
Sep 12 09:41:54 mainframe kernel: pci_bus 0000:08: resource 2 [mem 0x383000000000-0x3837ffffffff 64bit pref]
Sep 12 09:41:54 mainframe kernel: pci_bus 0000:09: resource 0 [io  0x9000-0x9fff]
Sep 12 09:41:54 mainframe kernel: pci_bus 0000:09: resource 1 [mem 0xfca00000-0xfcbfffff]
Sep 12 09:41:54 mainframe kernel: pci_bus 0000:09: resource 2 [mem 0x382800000000-0x382fffffffff 64bit pref]
Sep 12 09:41:54 mainframe kernel: pci_bus 0000:0a: resource 0 [io  0xa000-0xafff]
Sep 12 09:41:54 mainframe kernel: pci_bus 0000:0a: resource 1 [mem 0xfc800000-0xfc9fffff]
Sep 12 09:41:54 mainframe kernel: pci_bus 0000:0a: resource 2 [mem 0x382000000000-0x3827ffffffff 64bit pref]
Sep 12 09:41:54 mainframe kernel: pci_bus 0000:0b: resource 0 [io  0xb000-0xbfff]
Sep 12 09:41:54 mainframe kernel: pci_bus 0000:0b: resource 1 [mem 0xfc600000-0xfc7fffff]
Sep 12 09:41:54 mainframe kernel: pci_bus 0000:0b: resource 2 [mem 0x381800000000-0x381fffffffff 64bit pref]
Sep 12 09:41:54 mainframe kernel: pci_bus 0000:0c: resource 0 [io  0xd000-0xdfff]
Sep 12 09:41:54 mainframe kernel: pci_bus 0000:0c: resource 1 [mem 0xfc400000-0xfc5fffff]
Sep 12 09:41:54 mainframe kernel: pci_bus 0000:0c: resource 2 [mem 0x381000000000-0x3817ffffffff 64bit pref]
Sep 12 09:41:54 mainframe kernel: pci_bus 0000:0d: resource 0 [io  0xe000-0xefff]
Sep 12 09:41:54 mainframe kernel: pci_bus 0000:0d: resource 1 [mem 0xfc200000-0xfc3fffff]
Sep 12 09:41:54 mainframe kernel: pci_bus 0000:0d: resource 2 [mem 0x380800000000-0x380fffffffff 64bit pref]
Sep 12 09:41:54 mainframe kernel: pci_bus 0000:0e: resource 0 [io  0xf000-0xffff]
Sep 12 09:41:54 mainframe kernel: pci_bus 0000:0e: resource 1 [mem 0xfc000000-0xfc1fffff]
Sep 12 09:41:54 mainframe kernel: pci_bus 0000:0e: resource 2 [mem 0x380000000000-0x3807ffffffff 64bit pref]
Sep 12 09:41:54 mainframe kernel: ACPI: \_SB_.GSIG: Enabled at IRQ 22
Sep 12 09:41:54 mainframe kernel: PCI: CLS 0 bytes, default 64
Sep 12 09:41:54 mainframe kernel: Trying to unpack rootfs image as initramfs...
Sep 12 09:41:54 mainframe kernel: PCI-DMA: Using software bounce buffering for IO (SWIOTLB)
Sep 12 09:41:54 mainframe kernel: software IO TLB: mapped [mem 0x000000007bfdc000-0x000000007ffdc000] (64MB)
Sep 12 09:41:54 mainframe kernel: Initialise system trusted keyrings
Sep 12 09:41:54 mainframe kernel: Key type blacklist registered
Sep 12 09:41:54 mainframe kernel: workingset: timestamp_bits=36 max_order=20 bucket_order=0
Sep 12 09:41:54 mainframe kernel: zbud: loaded
Sep 12 09:41:54 mainframe kernel: squashfs: version 4.0 (2009/01/31) Phillip Lougher
Sep 12 09:41:54 mainframe kernel: fuse: init (API version 7.39)
Sep 12 09:41:54 mainframe kernel: integrity: Platform Keyring initialized
Sep 12 09:41:54 mainframe kernel: integrity: Machine keyring initialized
Sep 12 09:41:54 mainframe kernel: Key type asymmetric registered
Sep 12 09:41:54 mainframe kernel: Asymmetric key parser 'x509' registered
Sep 12 09:41:54 mainframe kernel: Block layer SCSI generic (bsg) driver version 0.4 loaded (major 243)
Sep 12 09:41:54 mainframe kernel: io scheduler mq-deadline registered
Sep 12 09:41:54 mainframe kernel: pcieport 0000:00:02.0: PME: Signaling with IRQ 24
Sep 12 09:41:54 mainframe kernel: pcieport 0000:00:02.0: AER: enabled with IRQ 24
Sep 12 09:41:54 mainframe kernel: pcieport 0000:00:02.1: PME: Signaling with IRQ 25
Sep 12 09:41:54 mainframe kernel: pcieport 0000:00:02.1: AER: enabled with IRQ 25
Sep 12 09:41:54 mainframe kernel: pcieport 0000:00:02.2: PME: Signaling with IRQ 26
Sep 12 09:41:54 mainframe kernel: pcieport 0000:00:02.2: AER: enabled with IRQ 26
Sep 12 09:41:54 mainframe kernel: pcieport 0000:00:02.3: PME: Signaling with IRQ 27
Sep 12 09:41:54 mainframe kernel: pcieport 0000:00:02.3: AER: enabled with IRQ 27
Sep 12 09:41:54 mainframe kernel: pcieport 0000:00:02.4: PME: Signaling with IRQ 28
Sep 12 09:41:54 mainframe kernel: pcieport 0000:00:02.4: AER: enabled with IRQ 28
Sep 12 09:41:54 mainframe kernel: pcieport 0000:00:02.5: PME: Signaling with IRQ 29
Sep 12 09:41:54 mainframe kernel: pcieport 0000:00:02.5: AER: enabled with IRQ 29
Sep 12 09:41:54 mainframe kernel: pcieport 0000:00:02.6: PME: Signaling with IRQ 30
Sep 12 09:41:54 mainframe kernel: pcieport 0000:00:02.6: AER: enabled with IRQ 30
Sep 12 09:41:54 mainframe kernel: pcieport 0000:00:02.7: PME: Signaling with IRQ 31
Sep 12 09:41:54 mainframe kernel: pcieport 0000:00:02.7: AER: enabled with IRQ 31
Sep 12 09:41:54 mainframe kernel: ACPI: \_SB_.GSIH: Enabled at IRQ 23
Sep 12 09:41:54 mainframe kernel: pcieport 0000:00:03.0: PME: Signaling with IRQ 32
Sep 12 09:41:54 mainframe kernel: pcieport 0000:00:03.0: AER: enabled with IRQ 32
Sep 12 09:41:54 mainframe kernel: pcieport 0000:00:03.1: PME: Signaling with IRQ 33
Sep 12 09:41:54 mainframe kernel: pcieport 0000:00:03.1: AER: enabled with IRQ 33
Sep 12 09:41:54 mainframe kernel: pcieport 0000:00:03.2: PME: Signaling with IRQ 34
Sep 12 09:41:54 mainframe kernel: pcieport 0000:00:03.2: AER: enabled with IRQ 34
Sep 12 09:41:54 mainframe kernel: pcieport 0000:00:03.3: PME: Signaling with IRQ 35
Sep 12 09:41:54 mainframe kernel: pcieport 0000:00:03.3: AER: enabled with IRQ 35
Sep 12 09:41:54 mainframe kernel: pcieport 0000:00:03.4: PME: Signaling with IRQ 36
Sep 12 09:41:54 mainframe kernel: pcieport 0000:00:03.4: AER: enabled with IRQ 36
Sep 12 09:41:54 mainframe kernel: pcieport 0000:00:03.5: PME: Signaling with IRQ 37
Sep 12 09:41:54 mainframe kernel: pcieport 0000:00:03.5: AER: enabled with IRQ 37
Sep 12 09:41:54 mainframe kernel: shpchp: Standard Hot Plug PCI Controller Driver version: 0.4
Sep 12 09:41:54 mainframe kernel: input: Power Button as /devices/LNXSYSTM:00/LNXPWRBN:00/input/input0
Sep 12 09:41:54 mainframe kernel: ACPI: button: Power Button [PWRF]
Sep 12 09:41:54 mainframe kernel: Serial: 8250/16550 driver, 32 ports, IRQ sharing enabled
Sep 12 09:41:54 mainframe kernel: 00:00: ttyS0 at I/O 0x3f8 (irq = 4, base_baud = 115200) is a 16550A
Sep 12 09:41:54 mainframe kernel: Freeing initrd memory: 64136K
Sep 12 09:41:54 mainframe kernel: Linux agpgart interface v0.103
Sep 12 09:41:54 mainframe kernel: loop: module loaded
Sep 12 09:41:54 mainframe kernel: virtio_blk virtio2: 2/0/0 default/read/poll queues
Sep 12 09:41:54 mainframe kernel: virtio_blk virtio2: [vda] 52428800 512-byte logical blocks (26.8 GB/25.0 GiB)
Sep 12 09:41:54 mainframe kernel:  vda: vda1 vda2
Sep 12 09:41:54 mainframe kernel: ACPI: bus type drm_connector registered
Sep 12 09:41:54 mainframe kernel: tun: Universal TUN/TAP device driver, 1.6
Sep 12 09:41:54 mainframe kernel: PPP generic driver version 2.4.2
Sep 12 09:41:54 mainframe kernel: i8042: PNP: PS/2 Controller [PNP0303:KBD,PNP0f13:MOU] at 0x60,0x64 irq 1,12
Sep 12 09:41:54 mainframe kernel: serio: i8042 KBD port at 0x60,0x64 irq 1
Sep 12 09:41:54 mainframe kernel: serio: i8042 AUX port at 0x60,0x64 irq 12
Sep 12 09:41:54 mainframe kernel: mousedev: PS/2 mouse device common for all mice
Sep 12 09:41:54 mainframe kernel: input: AT Translated Set 2 keyboard as /devices/platform/i8042/serio0/input/input1
Sep 12 09:41:54 mainframe kernel: rtc_cmos 00:03: RTC can wake from S4
Sep 12 09:41:54 mainframe kernel: rtc_cmos 00:03: registered as rtc0
Sep 12 09:41:54 mainframe kernel: rtc_cmos 00:03: setting system clock to 2024-09-12T08:41:53 UTC (1726130513)
Sep 12 09:41:54 mainframe kernel: rtc_cmos 00:03: alarms up to one day, y3k, 242 bytes nvram
Sep 12 09:41:54 mainframe kernel: i2c_dev: i2c /dev entries driver
Sep 12 09:41:54 mainframe kernel: device-mapper: core: CONFIG_IMA_DISABLE_HTABLE is disabled. Duplicate IMA measurements will not be recorded in the IMA log.
Sep 12 09:41:54 mainframe kernel: device-mapper: uevent: version 1.0.3
Sep 12 09:41:54 mainframe kernel: device-mapper: ioctl: 4.48.0-ioctl (2023-03-01) initialised: dm-devel@redhat.com
Sep 12 09:41:54 mainframe kernel: platform eisa.0: Probing EISA bus 0
Sep 12 09:41:54 mainframe kernel: platform eisa.0: EISA: Cannot allocate resource for mainboard
Sep 12 09:41:54 mainframe kernel: platform eisa.0: Cannot allocate resource for EISA slot 1
Sep 12 09:41:54 mainframe kernel: platform eisa.0: Cannot allocate resource for EISA slot 2
Sep 12 09:41:54 mainframe kernel: platform eisa.0: Cannot allocate resource for EISA slot 3
Sep 12 09:41:54 mainframe kernel: platform eisa.0: Cannot allocate resource for EISA slot 4
Sep 12 09:41:54 mainframe kernel: platform eisa.0: Cannot allocate resource for EISA slot 5
Sep 12 09:41:54 mainframe kernel: platform eisa.0: Cannot allocate resource for EISA slot 6
Sep 12 09:41:54 mainframe kernel: platform eisa.0: Cannot allocate resource for EISA slot 7
Sep 12 09:41:54 mainframe kernel: platform eisa.0: Cannot allocate resource for EISA slot 8
Sep 12 09:41:54 mainframe kernel: platform eisa.0: EISA: Detected 0 cards
Sep 12 09:41:54 mainframe kernel: amd_pstate: the _CPC object is not present in SBIOS or ACPI disabled
Sep 12 09:41:54 mainframe kernel: ledtrig-cpu: registered to indicate activity on CPUs
Sep 12 09:41:54 mainframe kernel: [drm] Initialized simpledrm 1.0.0 20200625 for simple-framebuffer.0 on minor 0
Sep 12 09:41:54 mainframe kernel: fbcon: Deferring console take-over
Sep 12 09:41:54 mainframe kernel: simple-framebuffer simple-framebuffer.0: [drm] fb0: simpledrmdrmfb frame buffer device
Sep 12 09:41:54 mainframe kernel: drop_monitor: Initializing network drop monitor service
Sep 12 09:41:54 mainframe kernel: NET: Registered PF_INET6 protocol family
Sep 12 09:41:54 mainframe kernel: Segment Routing with IPv6
Sep 12 09:41:54 mainframe kernel: In-situ OAM (IOAM) with IPv6
Sep 12 09:41:54 mainframe kernel: NET: Registered PF_PACKET protocol family
Sep 12 09:41:54 mainframe kernel: Key type dns_resolver registered
Sep 12 09:41:54 mainframe kernel: IPI shorthand broadcast: enabled
Sep 12 09:41:54 mainframe kernel: sched_clock: Marking stable (495002183, 1196840)->(525088150, -28889127)
Sep 12 09:41:54 mainframe kernel: registered taskstats version 1
Sep 12 09:41:54 mainframe kernel: Loading compiled-in X.509 certificates
Sep 12 09:41:54 mainframe kernel: Loaded X.509 cert 'Build time autogenerated kernel key: 97dd145b712bf7528a22b3519fb0299262ced286'
Sep 12 09:41:54 mainframe kernel: Loaded X.509 cert 'Canonical Ltd. Live Patch Signing: 14df34d1a87cf37625abec039ef2bf521249b969'
Sep 12 09:41:54 mainframe kernel: Loaded X.509 cert 'Canonical Ltd. Kernel Module Signing: 88f752e560a1e0737e31163a466ad7b70a850c19'
Sep 12 09:41:54 mainframe kernel: blacklist: Loading compiled-in revocation X.509 certificates
Sep 12 09:41:54 mainframe kernel: Loaded X.509 cert 'Canonical Ltd. Secure Boot Signing: 61482aa2830d0ab2ad5af10b7250da9033ddcef0'
Sep 12 09:41:54 mainframe kernel: Loaded X.509 cert 'Canonical Ltd. Secure Boot Signing (2017): 242ade75ac4a15e50d50c84b0d45ff3eae707a03'
Sep 12 09:41:54 mainframe kernel: Loaded X.509 cert 'Canonical Ltd. Secure Boot Signing (ESM 2018): 365188c1d374d6b07c3c8f240f8ef722433d6a8b'
Sep 12 09:41:54 mainframe kernel: Loaded X.509 cert 'Canonical Ltd. Secure Boot Signing (2019): c0746fd6c5da3ae827864651ad66ae47fe24b3e8'
Sep 12 09:41:54 mainframe kernel: Loaded X.509 cert 'Canonical Ltd. Secure Boot Signing (2021 v1): a8d54bbb3825cfb94fa13c9f8a594a195c107b8d'
Sep 12 09:41:54 mainframe kernel: Loaded X.509 cert 'Canonical Ltd. Secure Boot Signing (2021 v2): 4cf046892d6fd3c9a5b03f98d845f90851dc6a8c'
Sep 12 09:41:54 mainframe kernel: Loaded X.509 cert 'Canonical Ltd. Secure Boot Signing (2021 v3): 100437bb6de6e469b581e61cd66bce3ef4ed53af'
Sep 12 09:41:54 mainframe kernel: Loaded X.509 cert 'Canonical Ltd. Secure Boot Signing (Ubuntu Core 2019): c1d57b8f6b743f23ee41f4f7ee292f06eecadfb9'
Sep 12 09:41:54 mainframe kernel: Key type .fscrypt registered
Sep 12 09:41:54 mainframe kernel: Key type fscrypt-provisioning registered
Sep 12 09:41:54 mainframe kernel: Key type encrypted registered
Sep 12 09:41:54 mainframe kernel: AppArmor: AppArmor sha256 policy hashing enabled
Sep 12 09:41:54 mainframe kernel: ima: No TPM chip found, activating TPM-bypass!
Sep 12 09:41:54 mainframe kernel: Loading compiled-in module X.509 certificates
Sep 12 09:41:54 mainframe kernel: Loaded X.509 cert 'Build time autogenerated kernel key: 97dd145b712bf7528a22b3519fb0299262ced286'
Sep 12 09:41:54 mainframe kernel: ima: Allocated hash algorithm: sha256
Sep 12 09:41:54 mainframe kernel: ima: No architecture policies found
Sep 12 09:41:54 mainframe kernel: evm: Initialising EVM extended attributes:
Sep 12 09:41:54 mainframe kernel: evm: security.selinux
Sep 12 09:41:54 mainframe kernel: evm: security.SMACK64
Sep 12 09:41:54 mainframe kernel: evm: security.SMACK64EXEC
Sep 12 09:41:54 mainframe kernel: evm: security.SMACK64TRANSMUTE
Sep 12 09:41:54 mainframe kernel: evm: security.SMACK64MMAP
Sep 12 09:41:54 mainframe kernel: evm: security.apparmor
Sep 12 09:41:54 mainframe kernel: evm: security.ima
Sep 12 09:41:54 mainframe kernel: evm: security.capability
Sep 12 09:41:54 mainframe kernel: evm: HMAC attrs: 0x1
Sep 12 09:41:54 mainframe kernel: PM:   Magic number: 8:898:674
Sep 12 09:41:54 mainframe kernel: RAS: Correctable Errors collector initialized.
Sep 12 09:41:54 mainframe kernel: clk: Disabling unused clocks
Sep 12 09:41:54 mainframe kernel: Freeing unused decrypted memory: 2028K
Sep 12 09:41:54 mainframe kernel: Freeing unused kernel image (initmem) memory: 4976K
Sep 12 09:41:54 mainframe kernel: Write protecting the kernel read-only data: 36864k
Sep 12 09:41:54 mainframe kernel: Freeing unused kernel image (rodata/data gap) memory: 24K
Sep 12 09:41:54 mainframe kernel: x86/mm: Checked W+X mappings: passed, no W+X pages found.
Sep 12 09:41:54 mainframe kernel: Run /init as init process
Sep 12 09:41:54 mainframe kernel:   with arguments:
Sep 12 09:41:54 mainframe kernel:     /init
Sep 12 09:41:54 mainframe kernel:     splash
Sep 12 09:41:54 mainframe kernel:   with environment:
Sep 12 09:41:54 mainframe kernel:     HOME=/
Sep 12 09:41:54 mainframe kernel:     TERM=linux
Sep 12 09:41:54 mainframe kernel:     BOOT_IMAGE=/boot/vmlinuz-6.8.0-44-generic
Sep 12 09:41:54 mainframe kernel: virtio_net virtio0 enp1s0: renamed from eth0
Sep 12 09:41:54 mainframe kernel: xhci_hcd 0000:02:00.0: xHCI Host Controller
Sep 12 09:41:54 mainframe kernel: xhci_hcd 0000:02:00.0: new USB bus registered, assigned bus number 1
Sep 12 09:41:54 mainframe kernel: xhci_hcd 0000:02:00.0: hcc params 0x00087001 hci version 0x100 quirks 0x0000000000000010
Sep 12 09:41:54 mainframe kernel: ahci 0000:00:1f.2: version 3.0
Sep 12 09:41:54 mainframe kernel: xhci_hcd 0000:02:00.0: xHCI Host Controller
Sep 12 09:41:54 mainframe kernel: xhci_hcd 0000:02:00.0: new USB bus registered, assigned bus number 2
Sep 12 09:41:54 mainframe kernel: xhci_hcd 0000:02:00.0: Host supports USB 3.0 SuperSpeed
Sep 12 09:41:54 mainframe kernel: usb usb1: New USB device found, idVendor=1d6b, idProduct=0002, bcdDevice= 6.08
Sep 12 09:41:54 mainframe kernel: usb usb1: New USB device strings: Mfr=3, Product=2, SerialNumber=1
Sep 12 09:41:54 mainframe kernel: usb usb1: Product: xHCI Host Controller
Sep 12 09:41:54 mainframe kernel: usb usb1: Manufacturer: Linux 6.8.0-44-generic xhci-hcd
Sep 12 09:41:54 mainframe kernel: usb usb1: SerialNumber: 0000:02:00.0
Sep 12 09:41:54 mainframe kernel: ACPI: \_SB_.GSIA: Enabled at IRQ 16
Sep 12 09:41:54 mainframe kernel: ahci 0000:00:1f.2: AHCI 0001.0000 32 slots 6 ports 1.5 Gbps 0x3f impl SATA mode
Sep 12 09:41:54 mainframe kernel: ahci 0000:00:1f.2: flags: 64bit ncq only 
Sep 12 09:41:54 mainframe kernel: scsi host0: ahci
Sep 12 09:41:54 mainframe kernel: scsi host1: ahci
Sep 12 09:41:54 mainframe kernel: scsi host2: ahci
Sep 12 09:41:54 mainframe kernel: scsi host3: ahci
Sep 12 09:41:54 mainframe kernel: hub 1-0:1.0: USB hub found
Sep 12 09:41:54 mainframe kernel: hub 1-0:1.0: 15 ports detected
Sep 12 09:41:54 mainframe kernel: scsi host4: ahci
Sep 12 09:41:54 mainframe kernel: scsi host5: ahci
Sep 12 09:41:54 mainframe kernel: ata1: SATA max UDMA/133 abar m4096@0xfdc24000 port 0xfdc24100 irq 51 lpm-pol 0
Sep 12 09:41:54 mainframe kernel: ata2: SATA max UDMA/133 abar m4096@0xfdc24000 port 0xfdc24180 irq 51 lpm-pol 0
Sep 12 09:41:54 mainframe kernel: ata3: SATA max UDMA/133 abar m4096@0xfdc24000 port 0xfdc24200 irq 51 lpm-pol 0
Sep 12 09:41:54 mainframe kernel: ata4: SATA max UDMA/133 abar m4096@0xfdc24000 port 0xfdc24280 irq 51 lpm-pol 0
Sep 12 09:41:54 mainframe kernel: ata5: SATA max UDMA/133 abar m4096@0xfdc24000 port 0xfdc24300 irq 51 lpm-pol 0
Sep 12 09:41:54 mainframe kernel: ata6: SATA max UDMA/133 abar m4096@0xfdc24000 port 0xfdc24380 irq 51 lpm-pol 0
Sep 12 09:41:54 mainframe kernel: usb usb2: We don't know the algorithms for LPM for this host, disabling LPM.
Sep 12 09:41:54 mainframe kernel: usb usb2: New USB device found, idVendor=1d6b, idProduct=0003, bcdDevice= 6.08
Sep 12 09:41:54 mainframe kernel: usb usb2: New USB device strings: Mfr=3, Product=2, SerialNumber=1
Sep 12 09:41:54 mainframe kernel: usb usb2: Product: xHCI Host Controller
Sep 12 09:41:54 mainframe kernel: usb usb2: Manufacturer: Linux 6.8.0-44-generic xhci-hcd
Sep 12 09:41:54 mainframe kernel: usb usb2: SerialNumber: 0000:02:00.0
Sep 12 09:41:54 mainframe kernel: hub 2-0:1.0: USB hub found
Sep 12 09:41:54 mainframe kernel: hub 2-0:1.0: 15 ports detected
Sep 12 09:41:54 mainframe kernel: usb 1-1: new high-speed USB device number 2 using xhci_hcd
Sep 12 09:41:54 mainframe kernel: ata3: SATA link down (SStatus 0 SControl 300)
Sep 12 09:41:54 mainframe kernel: ata6: SATA link down (SStatus 0 SControl 300)
Sep 12 09:41:54 mainframe kernel: ata4: SATA link down (SStatus 0 SControl 300)
Sep 12 09:41:54 mainframe kernel: ata2: SATA link down (SStatus 0 SControl 300)
Sep 12 09:41:54 mainframe kernel: ata5: SATA link down (SStatus 0 SControl 300)
Sep 12 09:41:54 mainframe kernel: ata1: SATA link up 1.5 Gbps (SStatus 113 SControl 300)
Sep 12 09:41:54 mainframe kernel: ata1.00: ATAPI: QEMU DVD-ROM, 2.5+, max UDMA/100
Sep 12 09:41:54 mainframe kernel: ata1.00: applying bridge limits
Sep 12 09:41:54 mainframe kernel: ata1.00: configured for UDMA/100
Sep 12 09:41:54 mainframe kernel: scsi 0:0:0:0: CD-ROM            QEMU     QEMU DVD-ROM     2.5+ PQ: 0 ANSI: 5
Sep 12 09:41:54 mainframe kernel: sr 0:0:0:0: [sr0] scsi3-mmc drive: 4x/4x cd/rw xa/form2 tray
Sep 12 09:41:54 mainframe kernel: cdrom: Uniform CD-ROM driver Revision: 3.20
Sep 12 09:41:54 mainframe kernel: sr 0:0:0:0: Attached scsi CD-ROM sr0
Sep 12 09:41:54 mainframe kernel: sr 0:0:0:0: Attached scsi generic sg0 type 5
Sep 12 09:41:54 mainframe kernel: usb 1-1: New USB device found, idVendor=0627, idProduct=0001, bcdDevice= 0.00
Sep 12 09:41:54 mainframe kernel: usb 1-1: New USB device strings: Mfr=1, Product=3, SerialNumber=10
Sep 12 09:41:54 mainframe kernel: usb 1-1: Product: QEMU USB Tablet
Sep 12 09:41:54 mainframe kernel: usb 1-1: Manufacturer: QEMU
Sep 12 09:41:54 mainframe kernel: usb 1-1: SerialNumber: 28754-0000:00:02.1:00.0-1
Sep 12 09:41:54 mainframe kernel: hid: raw HID events driver (C) Jiri Kosina
Sep 12 09:41:54 mainframe kernel: usbcore: registered new interface driver usbhid
Sep 12 09:41:54 mainframe kernel: usbhid: USB HID core driver
Sep 12 09:41:54 mainframe kernel: input: QEMU QEMU USB Tablet as /devices/pci0000:00/0000:00:02.1/0000:02:00.0/usb1/1-1/1-1:1.0/0003:0627:0001.0001/input/input4
Sep 12 09:41:54 mainframe kernel: hid-generic 0003:0627:0001.0001: input,hidraw0: USB HID v0.01 Mouse [QEMU QEMU USB Tablet] on usb-0000:02:00.0-1/input0
Sep 12 09:41:54 mainframe kernel: EXT4-fs (vda2): mounted filesystem fd21cc56-7c52-4991-8e8d-e0f91277f70d ro with ordered data mode. Quota mode: none.
Sep 12 09:41:54 mainframe systemd[1]: Inserted module 'autofs4'
Sep 12 09:41:54 mainframe systemd[1]: systemd 255.4-1ubuntu8.4 running in system mode (+PAM +AUDIT +SELINUX +APPARMOR +IMA +SMACK +SECCOMP +GCRYPT -GNUTLS +OPENSSL +ACL +BLKID +CURL +ELFUTILS +FIDO2 +IDN2 -IDN +IPTC +KMOD +LIBCRYPTSETUP +LIBFDISK +PCRE2 -PWQUALITY +P11KIT +QRENCODE +TPM2 +BZIP2 +LZ4 +XZ +ZLIB +ZSTD -BPF_FRAMEWORK -XKBCOMMON +UTMP +SYSVINIT default-hierarchy=unified)
Sep 12 09:41:54 mainframe systemd[1]: Detected virtualization kvm.
Sep 12 09:41:54 mainframe systemd[1]: Detected architecture x86-64.
Sep 12 09:41:54 mainframe systemd[1]: Hostname set to <mainframe>.
Sep 12 09:41:54 mainframe systemd[1]: Configuration file /run/systemd/system/netplan-ovs-cleanup.service is marked world-inaccessible. This has no effect as configuration data is accessible via APIs without restrictions. Proceeding anyway.
Sep 12 09:41:54 mainframe systemd[1]: Queued start job for default target graphical.target.
Sep 12 09:41:54 mainframe systemd[1]: Created slice system-modprobe.slice - Slice /system/modprobe.
Sep 12 09:41:54 mainframe systemd[1]: Created slice user.slice - User and Session Slice.
Sep 12 09:41:54 mainframe systemd[1]: Started systemd-ask-password-wall.path - Forward Password Requests to Wall Directory Watch.
Sep 12 09:41:54 mainframe systemd[1]: Set up automount proc-sys-fs-binfmt_misc.automount - Arbitrary Executable File Formats File System Automount Point.
Sep 12 09:41:54 mainframe systemd[1]: Reached target integritysetup.target - Local Integrity Protected Volumes.
Sep 12 09:41:54 mainframe systemd[1]: Reached target remote-fs.target - Remote File Systems.
Sep 12 09:41:54 mainframe systemd[1]: Reached target slices.target - Slice Units.
Sep 12 09:41:54 mainframe systemd[1]: Reached target snapd.mounts-pre.target - Mounting snaps.
Sep 12 09:41:54 mainframe systemd[1]: Reached target veritysetup.target - Local Verity Protected Volumes.
Sep 12 09:41:54 mainframe systemd[1]: Listening on syslog.socket - Syslog Socket.
Sep 12 09:41:54 mainframe systemd[1]: Listening on systemd-fsckd.socket - fsck to fsckd communication Socket.
Sep 12 09:41:54 mainframe systemd[1]: Listening on systemd-initctl.socket - initctl Compatibility Named Pipe.
Sep 12 09:41:54 mainframe systemd[1]: Listening on systemd-journald-dev-log.socket - Journal Socket (/dev/log).
Sep 12 09:41:54 mainframe systemd[1]: Listening on systemd-journald.socket - Journal Socket.
Sep 12 09:41:54 mainframe systemd[1]: Listening on systemd-oomd.socket - Userspace Out-Of-Memory (OOM) Killer Socket.
Sep 12 09:41:54 mainframe systemd[1]: systemd-pcrextend.socket - TPM2 PCR Extension (Varlink) was skipped because of an unmet condition check (ConditionSecurity=measured-uki).
Sep 12 09:41:54 mainframe systemd[1]: Listening on systemd-udevd-control.socket - udev Control Socket.
Sep 12 09:41:54 mainframe systemd[1]: Listening on systemd-udevd-kernel.socket - udev Kernel Socket.
Sep 12 09:41:54 mainframe systemd[1]: Mounting dev-hugepages.mount - Huge Pages File System...
Sep 12 09:41:54 mainframe systemd[1]: Mounting dev-mqueue.mount - POSIX Message Queue File System...
Sep 12 09:41:54 mainframe systemd[1]: Mounting sys-kernel-debug.mount - Kernel Debug File System...
Sep 12 09:41:54 mainframe systemd[1]: Mounting sys-kernel-tracing.mount - Kernel Trace File System...
Sep 12 09:41:54 mainframe systemd[1]: Starting systemd-journald.service - Journal Service...
Sep 12 09:41:54 mainframe systemd[1]: Starting keyboard-setup.service - Set the console keyboard layout...
Sep 12 09:41:54 mainframe systemd[1]: Starting kmod-static-nodes.service - Create List of Static Device Nodes...
Sep 12 09:41:54 mainframe systemd[1]: Starting modprobe@configfs.service - Load Kernel Module configfs...
Sep 12 09:41:54 mainframe systemd[1]: Starting modprobe@dm_mod.service - Load Kernel Module dm_mod...
Sep 12 09:41:54 mainframe systemd[1]: Starting modprobe@drm.service - Load Kernel Module drm...
Sep 12 09:41:54 mainframe systemd[1]: Starting modprobe@efi_pstore.service - Load Kernel Module efi_pstore...
Sep 12 09:41:54 mainframe systemd[1]: Starting modprobe@fuse.service - Load Kernel Module fuse...
Sep 12 09:41:54 mainframe systemd-journald[288]: Collecting audit messages is disabled.
Sep 12 09:41:54 mainframe systemd[1]: Starting modprobe@loop.service - Load Kernel Module loop...
Sep 12 09:41:54 mainframe systemd[1]: systemd-fsck-root.service - File System Check on Root Device was skipped because of an unmet condition check (ConditionPathExists=!/run/initramfs/fsck-root).
Sep 12 09:41:54 mainframe systemd[1]: Starting systemd-modules-load.service - Load Kernel Modules...
Sep 12 09:41:54 mainframe systemd[1]: systemd-pcrmachine.service - TPM2 PCR Machine ID Measurement was skipped because of an unmet condition check (ConditionSecurity=measured-uki).
Sep 12 09:41:54 mainframe systemd[1]: Starting systemd-remount-fs.service - Remount Root and Kernel File Systems...
Sep 12 09:41:54 mainframe systemd[1]: systemd-tpm2-setup-early.service - TPM2 SRK Setup (Early) was skipped because of an unmet condition check (ConditionSecurity=measured-uki).
Sep 12 09:41:54 mainframe systemd[1]: Starting systemd-udev-trigger.service - Coldplug All udev Devices...
Sep 12 09:41:54 mainframe kernel: lp: driver loaded but no devices found
Sep 12 09:41:54 mainframe systemd[1]: Mounted dev-hugepages.mount - Huge Pages File System.
Sep 12 09:41:54 mainframe systemd[1]: Mounted dev-mqueue.mount - POSIX Message Queue File System.
Sep 12 09:41:54 mainframe systemd[1]: Mounted sys-kernel-debug.mount - Kernel Debug File System.
Sep 12 09:41:54 mainframe systemd[1]: Mounted sys-kernel-tracing.mount - Kernel Trace File System.
Sep 12 09:41:54 mainframe systemd[1]: Finished kmod-static-nodes.service - Create List of Static Device Nodes.
Sep 12 09:41:54 mainframe systemd[1]: modprobe@configfs.service: Deactivated successfully.
Sep 12 09:41:54 mainframe kernel: ppdev: user-space parallel port driver
Sep 12 09:41:54 mainframe systemd[1]: Finished modprobe@configfs.service - Load Kernel Module configfs.
Sep 12 09:41:54 mainframe systemd[1]: modprobe@dm_mod.service: Deactivated successfully.
Sep 12 09:41:54 mainframe systemd[1]: Finished modprobe@dm_mod.service - Load Kernel Module dm_mod.
Sep 12 09:41:54 mainframe systemd[1]: modprobe@drm.service: Deactivated successfully.
Sep 12 09:41:54 mainframe systemd[1]: Finished modprobe@drm.service - Load Kernel Module drm.
Sep 12 09:41:54 mainframe systemd[1]: modprobe@efi_pstore.service: Deactivated successfully.
Sep 12 09:41:54 mainframe systemd[1]: Finished modprobe@efi_pstore.service - Load Kernel Module efi_pstore.
Sep 12 09:41:54 mainframe systemd[1]: modprobe@fuse.service: Deactivated successfully.
Sep 12 09:41:54 mainframe systemd[1]: Finished modprobe@fuse.service - Load Kernel Module fuse.
Sep 12 09:41:54 mainframe systemd[1]: modprobe@loop.service: Deactivated successfully.
Sep 12 09:41:54 mainframe systemd[1]: Finished modprobe@loop.service - Load Kernel Module loop.
Sep 12 09:41:54 mainframe systemd[1]: Mounting sys-fs-fuse-connections.mount - FUSE Control File System...
Sep 12 09:41:54 mainframe systemd[1]: Mounting sys-kernel-config.mount - Kernel Configuration File System...
Sep 12 09:41:54 mainframe systemd[1]: systemd-repart.service - Repartition Root Disk was skipped because no trigger condition checks were met.
Sep 12 09:41:54 mainframe kernel: EXT4-fs (vda2): re-mounted fd21cc56-7c52-4991-8e8d-e0f91277f70d r/w. Quota mode: none.
Sep 12 09:41:54 mainframe systemd[1]: Starting systemd-tmpfiles-setup-dev-early.service - Create Static Device Nodes in /dev gracefully...
Sep 12 09:41:54 mainframe systemd[1]: Finished keyboard-setup.service - Set the console keyboard layout.
Sep 12 09:41:54 mainframe systemd[1]: Finished systemd-modules-load.service - Load Kernel Modules.
Sep 12 09:41:54 mainframe systemd[1]: Finished systemd-remount-fs.service - Remount Root and Kernel File Systems.
Sep 12 09:41:54 mainframe systemd[1]: Mounted sys-fs-fuse-connections.mount - FUSE Control File System.
Sep 12 09:41:54 mainframe systemd[1]: Mounted sys-kernel-config.mount - Kernel Configuration File System.
Sep 12 09:41:54 mainframe systemd[1]: Activating swap swap.img.swap - /swap.img...
Sep 12 09:41:54 mainframe systemd-journald[288]: Journal started
Sep 12 09:41:54 mainframe systemd-journald[288]: Runtime Journal (/run/log/journal/d1d1cc4169f14328bb5a92560872dd1e) is 4.8M, max 39.1M, 34.2M free.
Sep 12 09:41:54 mainframe systemd-modules-load[307]: Inserted module 'lp'
Sep 12 09:41:54 mainframe systemd-modules-load[307]: Inserted module 'ppdev'
Sep 12 09:41:54 mainframe systemd-modules-load[307]: Inserted module 'parport_pc'
Sep 12 09:41:54 mainframe systemd-modules-load[307]: Inserted module 'msr'
Sep 12 09:41:54 mainframe systemd[1]: Starting cloud-init-local.service - Initial cloud-init job (pre-networking)...
Sep 12 09:41:54 mainframe systemd[1]: systemd-hwdb-update.service - Rebuild Hardware Database was skipped because no trigger condition checks were met.
Sep 12 09:41:54 mainframe systemd[1]: systemd-pstore.service - Platform Persistent Storage Archival was skipped because of an unmet condition check (ConditionDirectoryNotEmpty=/sys/fs/pstore).
Sep 12 09:41:54 mainframe kernel: Adding 4009980k swap on /swap.img.  Priority:-2 extents:3 across:4411388k 
Sep 12 09:41:54 mainframe systemd[1]: Starting systemd-random-seed.service - Load/Save OS Random Seed...
Sep 12 09:41:54 mainframe systemd[1]: Starting systemd-sysctl.service - Apply Kernel Variables...
Sep 12 09:41:54 mainframe systemd[1]: systemd-tpm2-setup.service - TPM2 SRK Setup was skipped because of an unmet condition check (ConditionSecurity=measured-uki).
Sep 12 09:41:54 mainframe systemd[1]: Activated swap swap.img.swap - /swap.img.
Sep 12 09:41:54 mainframe systemd[1]: Started systemd-journald.service - Journal Service.
Sep 12 09:41:54 mainframe systemd[1]: Finished systemd-tmpfiles-setup-dev-early.service - Create Static Device Nodes in /dev gracefully.
Sep 12 09:41:54 mainframe systemd[1]: Finished systemd-random-seed.service - Load/Save OS Random Seed.
Sep 12 09:41:54 mainframe systemd[1]: Finished systemd-sysctl.service - Apply Kernel Variables.
Sep 12 09:41:54 mainframe systemd[1]: Reached target swap.target - Swaps.
Sep 12 09:41:54 mainframe systemd[1]: Starting systemd-journal-flush.service - Flush Journal to Persistent Storage...
Sep 12 09:41:54 mainframe systemd[1]: Starting systemd-sysusers.service - Create System Users...
Sep 12 09:41:54 mainframe systemd-journald[288]: Time spent on flushing to /var/log/journal/d1d1cc4169f14328bb5a92560872dd1e is 7.580ms for 875 entries.
Sep 12 09:41:54 mainframe systemd-journald[288]: System Journal (/var/log/journal/d1d1cc4169f14328bb5a92560872dd1e) is 8.0M, max 2.4G, 2.4G free.
Sep 12 09:41:54 mainframe systemd-journald[288]: Received client request to flush runtime journal.
Sep 12 09:41:54 mainframe systemd-sysusers[347]: Creating group 'gamemode' with GID 986.
Sep 12 09:41:54 mainframe systemd-sysusers[347]: Creating group 'gnome-initial-setup' with GID 985.
Sep 12 09:41:54 mainframe systemd[1]: Finished systemd-journal-flush.service - Flush Journal to Persistent Storage.
Sep 12 09:41:54 mainframe systemd[1]: Finished systemd-sysusers.service - Create System Users.
Sep 12 09:41:54 mainframe systemd[1]: Starting systemd-tmpfiles-setup-dev.service - Create Static Device Nodes in /dev...
Sep 12 09:41:54 mainframe systemd[1]: Finished systemd-tmpfiles-setup-dev.service - Create Static Device Nodes in /dev.
Sep 12 09:41:54 mainframe systemd[1]: Reached target local-fs-pre.target - Preparation for Local File Systems.
Sep 12 09:41:54 mainframe systemd[1]: Mounting snap-bare-5.mount - Mount unit for bare, revision 5...
Sep 12 09:41:54 mainframe systemd[1]: Mounting snap-core22-1564.mount - Mount unit for core22, revision 1564...
Sep 12 09:41:54 mainframe kernel: loop0: detected capacity change from 0 to 8
Sep 12 09:41:54 mainframe systemd[1]: Mounting snap-firefox-4793.mount - Mount unit for firefox, revision 4793...
Sep 12 09:41:54 mainframe systemd[1]: Mounting snap-firmware\x2dupdater-127.mount - Mount unit for firmware-updater, revision 127...
Sep 12 09:41:54 mainframe kernel: loop1: detected capacity change from 0 to 152112
Sep 12 09:41:54 mainframe kernel: loop2: detected capacity change from 0 to 552488
Sep 12 09:41:54 mainframe systemd[1]: Mounting snap-gnome\x2d42\x2d2204-176.mount - Mount unit for gnome-42-2204, revision 176...
Sep 12 09:41:54 mainframe kernel: loop3: detected capacity change from 0 to 21952
Sep 12 09:41:54 mainframe systemd[1]: Mounting snap-gtk\x2dcommon\x2dthemes-1535.mount - Mount unit for gtk-common-themes, revision 1535...
Sep 12 09:41:54 mainframe kernel: loop4: detected capacity change from 0 to 1034424
Sep 12 09:41:54 mainframe systemd[1]: Mounting snap-snap\x2dstore-1173.mount - Mount unit for snap-store, revision 1173...
Sep 12 09:41:54 mainframe systemd[1]: Mounting snap-snapd-21759.mount - Mount unit for snapd, revision 21759...
Sep 12 09:41:54 mainframe systemd[1]: Mounting snap-snapd\x2ddesktop\x2dintegration-178.mount - Mount unit for snapd-desktop-integration, revision 178...
Sep 12 09:41:54 mainframe kernel: loop5: detected capacity change from 0 to 187776
Sep 12 09:41:54 mainframe systemd[1]: Starting systemd-udevd.service - Rule-based Manager for Device Events and Files...
Sep 12 09:41:54 mainframe kernel: loop6: detected capacity change from 0 to 21584
Sep 12 09:41:54 mainframe systemd[1]: Finished systemd-udev-trigger.service - Coldplug All udev Devices.
Sep 12 09:41:54 mainframe kernel: loop7: detected capacity change from 0 to 79520
Sep 12 09:41:54 mainframe systemd[1]: Mounted snap-bare-5.mount - Mount unit for bare, revision 5.
Sep 12 09:41:54 mainframe systemd[1]: Mounted snap-core22-1564.mount - Mount unit for core22, revision 1564.
Sep 12 09:41:54 mainframe systemd[1]: Mounted snap-firefox-4793.mount - Mount unit for firefox, revision 4793.
Sep 12 09:41:54 mainframe systemd[1]: Mounted snap-firmware\x2dupdater-127.mount - Mount unit for firmware-updater, revision 127.
Sep 12 09:41:54 mainframe systemd[1]: Mounted snap-gnome\x2d42\x2d2204-176.mount - Mount unit for gnome-42-2204, revision 176.
Sep 12 09:41:54 mainframe systemd[1]: Mounted snap-gtk\x2dcommon\x2dthemes-1535.mount - Mount unit for gtk-common-themes, revision 1535.
Sep 12 09:41:54 mainframe systemd[1]: Mounted snap-snap\x2dstore-1173.mount - Mount unit for snap-store, revision 1173.
Sep 12 09:41:54 mainframe systemd[1]: Mounted snap-snapd-21759.mount - Mount unit for snapd, revision 21759.
Sep 12 09:41:54 mainframe kernel: loop8: detected capacity change from 0 to 1000
Sep 12 09:41:54 mainframe systemd[1]: Mounted snap-snapd\x2ddesktop\x2dintegration-178.mount - Mount unit for snapd-desktop-integration, revision 178.
Sep 12 09:41:54 mainframe systemd[1]: Reached target snapd.mounts.target - Mounted snaps.
Sep 12 09:41:54 mainframe systemd[1]: Reached target local-fs.target - Local File Systems.
Sep 12 09:41:54 mainframe systemd[1]: Listening on systemd-sysext.socket - System Extension Image Management (Varlink).
Sep 12 09:41:54 mainframe systemd[1]: Starting apparmor.service - Load AppArmor profiles...
Sep 12 09:41:54 mainframe systemd[1]: Starting console-setup.service - Set console font and keymap...
Sep 12 09:41:54 mainframe systemd[1]: Starting ldconfig.service - Rebuild Dynamic Linker Cache...
Sep 12 09:41:54 mainframe kernel: input: ImExPS/2 Generic Explorer Mouse as /devices/platform/i8042/serio1/input/input3
Sep 12 09:41:54 mainframe systemd[1]: Starting plymouth-read-write.service - Tell Plymouth To Write Out Runtime Data...
Sep 12 09:41:54 mainframe systemd[1]: Starting systemd-binfmt.service - Set Up Additional Binary Formats...
Sep 12 09:41:54 mainframe apparmor.systemd[375]: Restarting AppArmor
Sep 12 09:41:54 mainframe systemd[1]: Starting systemd-tmpfiles-setup.service - Create Volatile Files and Directories...
Sep 12 09:41:54 mainframe systemd[1]: Starting ufw.service - Uncomplicated firewall...
Sep 12 09:41:54 mainframe systemd[1]: Finished console-setup.service - Set console font and keymap.
Sep 12 09:41:54 mainframe apparmor.systemd[375]: Reloading AppArmor profiles
Sep 12 09:41:54 mainframe systemd[1]: Finished plymouth-read-write.service - Tell Plymouth To Write Out Runtime Data.
Sep 12 09:41:54 mainframe systemd[1]: Received SIGRTMIN+20 from PID 214 (plymouthd).
Sep 12 09:41:54 mainframe systemd[1]: proc-sys-fs-binfmt_misc.automount: Got automount request for /proc/sys/fs/binfmt_misc, triggered by 382 (systemd-binfmt)
Sep 12 09:41:54 mainframe systemd[1]: Finished ufw.service - Uncomplicated firewall.
Sep 12 09:41:54 mainframe systemd-udevd[364]: Using default interface naming scheme 'v255'.
Sep 12 09:41:54 mainframe kernel: audit: type=1400 audit(1726130514.827:2): apparmor="STATUS" operation="profile_load" profile="unconfined" name="Discord" pid=397 comm="apparmor_parser"
Sep 12 09:41:54 mainframe kernel: audit: type=1400 audit(1726130514.828:3): apparmor="STATUS" operation="profile_load" profile="unconfined" name="1password" pid=396 comm="apparmor_parser"
Sep 12 09:41:54 mainframe kernel: audit: type=1400 audit(1726130514.833:4): apparmor="STATUS" operation="profile_load" profile="unconfined" name=4D6F6E676F444220436F6D70617373 pid=398 comm="apparmor_parser"
Sep 12 09:41:54 mainframe systemd[1]: Finished systemd-tmpfiles-setup.service - Create Volatile Files and Directories.
Sep 12 09:41:54 mainframe kernel: audit: type=1400 audit(1726130514.834:5): apparmor="STATUS" operation="profile_load" profile="unconfined" name="QtWebEngineProcess" pid=399 comm="apparmor_parser"
Sep 12 09:41:54 mainframe systemd[1]: systemd-firstboot.service - First Boot Wizard was skipped because of an unmet condition check (ConditionFirstBoot=yes).
Sep 12 09:41:54 mainframe systemd[1]: first-boot-complete.target - First Boot Complete was skipped because of an unmet condition check (ConditionFirstBoot=yes).
Sep 12 09:41:54 mainframe kernel: audit: type=1400 audit(1726130514.842:6): apparmor="STATUS" operation="profile_load" profile="unconfined" name="buildah" pid=403 comm="apparmor_parser"
Sep 12 09:41:54 mainframe systemd[1]: Starting systemd-journal-catalog-update.service - Rebuild Journal Catalog...
Sep 12 09:41:54 mainframe systemd[1]: systemd-machine-id-commit.service - Commit a transient machine-id on disk was skipped because of an unmet condition check (ConditionPathIsMountPoint=/etc/machine-id).
Sep 12 09:41:54 mainframe kernel: audit: type=1400 audit(1726130514.845:7): apparmor="STATUS" operation="profile_load" profile="unconfined" name="brave" pid=402 comm="apparmor_parser"
Sep 12 09:41:54 mainframe kernel: audit: type=1400 audit(1726130514.849:8): apparmor="STATUS" operation="profile_load" profile="unconfined" name="cam" pid=405 comm="apparmor_parser"
Sep 12 09:41:54 mainframe kernel: audit: type=1400 audit(1726130514.852:9): apparmor="STATUS" operation="profile_load" profile="unconfined" name="busybox" pid=404 comm="apparmor_parser"
Sep 12 09:41:54 mainframe systemd[1]: Starting systemd-oomd.service - Userspace Out-Of-Memory (OOM) Killer...
Sep 12 09:41:54 mainframe kernel: audit: type=1400 audit(1726130514.857:10): apparmor="STATUS" operation="profile_load" profile="unconfined" name="ch-run" pid=408 comm="apparmor_parser"
Sep 12 09:41:54 mainframe systemd[1]: Starting systemd-resolved.service - Network Name Resolution...
Sep 12 09:41:54 mainframe systemd[1]: Starting systemd-timesyncd.service - Network Time Synchronization...
Sep 12 09:41:54 mainframe systemd[1]: Starting systemd-update-utmp.service - Record System Boot/Shutdown in UTMP...
Sep 12 09:41:54 mainframe systemd[1]: Started systemd-udevd.service - Rule-based Manager for Device Events and Files.
Sep 12 09:41:54 mainframe systemd[1]: Finished ldconfig.service - Rebuild Dynamic Linker Cache.
Sep 12 09:41:54 mainframe systemd[1]: Finished systemd-journal-catalog-update.service - Rebuild Journal Catalog.
Sep 12 09:41:54 mainframe systemd[1]: Starting plymouth-start.service - Show Plymouth Boot Screen...
Sep 12 09:41:54 mainframe systemd[1]: Starting systemd-update-done.service - Update is Completed...
Sep 12 09:41:54 mainframe systemd[1]: Finished systemd-update-utmp.service - Record System Boot/Shutdown in UTMP.
Sep 12 09:41:54 mainframe systemd[1]: Finished systemd-update-done.service - Update is Completed.
Sep 12 09:41:54 mainframe systemd[1]: Started plymouth-start.service - Show Plymouth Boot Screen.
Sep 12 09:41:54 mainframe systemd[1]: systemd-ask-password-console.path - Dispatch Password Requests to Console Directory Watch was skipped because of an unmet condition check (ConditionPathExists=!/run/plymouth/pid).
Sep 12 09:41:54 mainframe systemd[1]: Started systemd-ask-password-plymouth.path - Forward Password Requests to Plymouth Directory Watch.
Sep 12 09:41:54 mainframe systemd[1]: Reached target cryptsetup.target - Local Encrypted Volumes.
Sep 12 09:41:55 mainframe (udev-worker)[425]: vda: Process '/usr/bin/unshare -m /usr/bin/snap auto-import --mount=/dev/vda' failed with exit code 1.
Sep 12 09:41:55 mainframe (udev-worker)[463]: vda2: Process '/usr/bin/unshare -m /usr/bin/snap auto-import --mount=/dev/vda2' failed with exit code 1.
Sep 12 09:41:55 mainframe (udev-worker)[425]: vda1: Process '/usr/bin/unshare -m /usr/bin/snap auto-import --mount=/dev/vda1' failed with exit code 1.
Sep 12 09:41:55 mainframe cloud-init[534]: Cloud-init v. 24.1.3-0ubuntu3.3 running 'init-local' at Thu, 12 Sep 2024 08:41:55 +0000. Up 2.17 seconds.
Sep 12 09:41:55 mainframe (udev-worker)[419]: sr0: Process '/usr/bin/unshare -m /usr/bin/snap auto-import --mount=/dev/sr0' failed with exit code 1.
Sep 12 09:41:55 mainframe mtp-probe[535]: checking bus 1, device 2: "/sys/devices/pci0000:00/0000:00:02.1/0000:02:00.0/usb1/1-1"
Sep 12 09:41:55 mainframe mtp-probe[535]: bus: 1, device: 2 was not an MTP device
Sep 12 09:41:55 mainframe kernel: ACPI: \_SB_.GSIF: Enabled at IRQ 21
Sep 12 09:41:55 mainframe kernel: qxl 0000:00:01.0: vgaarb: deactivate vga console
Sep 12 09:41:55 mainframe kernel: [drm] Device Version 0.0
Sep 12 09:41:55 mainframe kernel: [drm] Compression level 0 log level 0
Sep 12 09:41:55 mainframe kernel: [drm] 12286 io pages at offset 0x1000000
Sep 12 09:41:55 mainframe kernel: [drm] 16777216 byte draw area at offset 0x0
Sep 12 09:41:55 mainframe kernel: [drm] RAM header offset: 0x3ffe000
Sep 12 09:41:55 mainframe kernel: [drm] qxl: 16M of VRAM memory size
Sep 12 09:41:55 mainframe kernel: [drm] qxl: 63M of IO pages memory ready (VRAM domain)
Sep 12 09:41:55 mainframe kernel: [drm] qxl: 64M of Surface memory size
Sep 12 09:41:55 mainframe kernel: [drm] slot 0 (main): base 0xf4000000, size 0x03ffe000
Sep 12 09:41:55 mainframe kernel: [drm] slot 1 (surfaces): base 0xf8000000, size 0x04000000
Sep 12 09:41:55 mainframe kernel: [drm] Initialized qxl 0.1.0 20120117 for 0000:00:01.0 on minor 1
Sep 12 09:41:55 mainframe kernel: fbcon: qxldrmfb (fb0) is primary device
Sep 12 09:41:55 mainframe kernel: fbcon: Deferring console take-over
Sep 12 09:41:55 mainframe kernel: qxl 0000:00:01.0: [drm] fb0: qxldrmfb frame buffer device
Sep 12 09:41:55 mainframe systemd[1]: systemd-ask-password-console.path - Dispatch Password Requests to Console Directory Watch was skipped because of an unmet condition check (ConditionPathExists=!/run/plymouth/pid).
Sep 12 09:41:55 mainframe systemd[1]: Starting modprobe@dm_mod.service - Load Kernel Module dm_mod...
Sep 12 09:41:55 mainframe systemd[1]: Starting modprobe@efi_pstore.service - Load Kernel Module efi_pstore...
Sep 12 09:41:55 mainframe systemd[1]: Starting modprobe@loop.service - Load Kernel Module loop...
Sep 12 09:41:55 mainframe systemd[1]: systemd-firstboot.service - First Boot Wizard was skipped because of an unmet condition check (ConditionFirstBoot=yes).
Sep 12 09:41:55 mainframe systemd[1]: first-boot-complete.target - First Boot Complete was skipped because of an unmet condition check (ConditionFirstBoot=yes).
Sep 12 09:41:55 mainframe systemd[1]: systemd-hwdb-update.service - Rebuild Hardware Database was skipped because of an unmet condition check (ConditionNeedsUpdate=/etc).
Sep 12 09:41:55 mainframe systemd[1]: systemd-machine-id-commit.service - Commit a transient machine-id on disk was skipped because of an unmet condition check (ConditionPathIsMountPoint=/etc/machine-id).
Sep 12 09:41:55 mainframe systemd[1]: systemd-pcrmachine.service - TPM2 PCR Machine ID Measurement was skipped because of an unmet condition check (ConditionSecurity=measured-uki).
Sep 12 09:41:55 mainframe systemd[1]: systemd-tpm2-setup-early.service - TPM2 SRK Setup (Early) was skipped because of an unmet condition check (ConditionSecurity=measured-uki).
Sep 12 09:41:55 mainframe systemd[1]: systemd-tpm2-setup.service - TPM2 SRK Setup was skipped because of an unmet condition check (ConditionSecurity=measured-uki).
Sep 12 09:41:55 mainframe systemd[1]: modprobe@dm_mod.service: Deactivated successfully.
Sep 12 09:41:55 mainframe systemd[1]: Finished modprobe@dm_mod.service - Load Kernel Module dm_mod.
Sep 12 09:41:55 mainframe systemd[1]: modprobe@efi_pstore.service: Deactivated successfully.
Sep 12 09:41:55 mainframe systemd[1]: Finished modprobe@efi_pstore.service - Load Kernel Module efi_pstore.
Sep 12 09:41:55 mainframe systemd[1]: systemd-pstore.service - Platform Persistent Storage Archival was skipped because of an unmet condition check (ConditionDirectoryNotEmpty=/sys/fs/pstore).
Sep 12 09:41:55 mainframe systemd[1]: netplan-ovs-cleanup.service - OpenVSwitch configuration for cleanup was skipped because of an unmet condition check (ConditionFileIsExecutable=/usr/bin/ovs-vsctl).
Sep 12 09:41:55 mainframe systemd[1]: modprobe@loop.service: Deactivated successfully.
Sep 12 09:41:55 mainframe systemd[1]: Finished modprobe@loop.service - Load Kernel Module loop.
Sep 12 09:41:55 mainframe systemd[1]: systemd-repart.service - Repartition Root Disk was skipped because no trigger condition checks were met.
Sep 12 09:41:55 mainframe kernel: lpc_ich 0000:00:1f.0: I/O space for GPIO uninitialized
Sep 12 09:41:55 mainframe kernel: cryptd: max_cpu_qlen set to 1000
Sep 12 09:41:55 mainframe kernel: AVX2 version of gcm_enc/dec engaged.
Sep 12 09:41:55 mainframe kernel: AES CTR mode by8 optimization enabled
Sep 12 09:41:55 mainframe kernel: i801_smbus 0000:00:1f.3: SMBus using PCI interrupt
Sep 12 09:41:55 mainframe kernel: i2c i2c-0: 1/1 memory slots populated (from DMI)
Sep 12 09:41:55 mainframe kernel: i2c i2c-0: Memory type 0x07 not supported yet, not instantiating SPD
Sep 12 09:41:55 mainframe systemd[1]: Mounting proc-sys-fs-binfmt_misc.mount - Arbitrary Executable File Formats File System...
Sep 12 09:41:55 mainframe systemd[1]: Mounted proc-sys-fs-binfmt_misc.mount - Arbitrary Executable File Formats File System.
Sep 12 09:41:55 mainframe systemd[1]: proc-sys-fs-binfmt_misc.automount: Got automount request for /proc/sys/fs/binfmt_misc, triggered by 409 ((resolved))
Sep 12 09:41:55 mainframe systemd[1]: proc-sys-fs-binfmt_misc.automount: Automount point already active?
Sep 12 09:41:55 mainframe systemd[1]: Finished systemd-binfmt.service - Set Up Additional Binary Formats.
Sep 12 09:41:55 mainframe systemd[1]: proc-sys-fs-binfmt_misc.automount: Got automount request for /proc/sys/fs/binfmt_misc, triggered by 406 ((emd-oomd))
Sep 12 09:41:55 mainframe systemd[1]: proc-sys-fs-binfmt_misc.automount: Automount point already active?
Sep 12 09:41:55 mainframe systemd-resolved[409]: Positive Trust Anchors:
Sep 12 09:41:55 mainframe systemd-resolved[409]: . IN DS 20326 8 2 e06d44b80b8f1d39a95c0b0d7c65d08458e880409bbc683457104237c7f8ec8d
Sep 12 09:41:55 mainframe systemd-resolved[409]: Negative trust anchors: home.arpa 10.in-addr.arpa 16.172.in-addr.arpa 17.172.in-addr.arpa 18.172.in-addr.arpa 19.172.in-addr.arpa 20.172.in-addr.arpa 21.172.in-addr.arpa 22.172.in-addr.arpa 23.172.in-addr.arpa 24.172.in-addr.arpa 25.172.in-addr.arpa 26.172.in-addr.arpa 27.172.in-addr.arpa 28.172.in-addr.arpa 29.172.in-addr.arpa 30.172.in-addr.arpa 31.172.in-addr.arpa 170.0.0.192.in-addr.arpa 171.0.0.192.in-addr.arpa 168.192.in-addr.arpa d.f.ip6.arpa ipv4only.arpa corp home internal intranet lan local private test
Sep 12 09:41:55 mainframe systemd-resolved[409]: Using system hostname 'mainframe'.
Sep 12 09:41:55 mainframe systemd[1]: Started systemd-resolved.service - Network Name Resolution.
Sep 12 09:41:55 mainframe systemd[1]: Reached target nss-lookup.target - Host and Network Name Lookups.
Sep 12 09:41:55 mainframe systemd[1]: Reloading requested from client PID 581 ('systemctl') (unit cloud-init-local.service)...
Sep 12 09:41:55 mainframe systemd[1]: Reloading...
Sep 12 09:41:55 mainframe kernel: kvm_amd: TSC scaling supported
Sep 12 09:41:55 mainframe kernel: kvm_amd: Nested Virtualization enabled
Sep 12 09:41:55 mainframe kernel: kvm_amd: Nested Paging enabled
Sep 12 09:41:55 mainframe kernel: kvm_amd: LBR virtualization supported
Sep 12 09:41:55 mainframe kernel: kvm_amd: Virtual VMLOAD VMSAVE supported
Sep 12 09:41:55 mainframe kernel: kvm_amd: Virtual GIF supported
Sep 12 09:41:55 mainframe kernel: fbcon: Taking over console
Sep 12 09:41:55 mainframe kernel: Console: switching to colour frame buffer device 128x48
Sep 12 09:41:55 mainframe systemd[1]: Configuration file /run/systemd/system/netplan-ovs-cleanup.service is marked world-inaccessible. This has no effect as configuration data is accessible via APIs without restrictions. Proceeding anyway.
Sep 12 09:41:56 mainframe kernel: snd_hda_codec_generic hdaudioC0D0: autoconfig for Generic: line_outs=1 (0x3/0x0/0x0/0x0/0x0) type:line
Sep 12 09:41:56 mainframe kernel: snd_hda_codec_generic hdaudioC0D0:    speaker_outs=0 (0x0/0x0/0x0/0x0/0x0)
Sep 12 09:41:56 mainframe kernel: snd_hda_codec_generic hdaudioC0D0:    hp_outs=0 (0x0/0x0/0x0/0x0/0x0)
Sep 12 09:41:56 mainframe kernel: snd_hda_codec_generic hdaudioC0D0:    mono: mono_out=0x0
Sep 12 09:41:56 mainframe kernel: snd_hda_codec_generic hdaudioC0D0:    inputs:
Sep 12 09:41:56 mainframe kernel: snd_hda_codec_generic hdaudioC0D0:      Line=0x5
Sep 12 09:41:56 mainframe (udev-worker)[577]: controlC0: Process '/usr/sbin/alsactl -E HOME=/run/alsa -E XDG_RUNTIME_DIR=/run/alsa/runtime restore 0' failed with exit code 99.
Sep 12 09:41:56 mainframe systemd[1]: Reloading finished in 431 ms.
